arch map
attach [["rent"]]
region wassar
music @home
width 35
height 16
enter_x 15
enter_y 14
msg
Apologies for the blog-style info section.

I just went to a stall held in the Lake Country apartment (another of my creations), and I found everyone there messing with the bed to reality gate. Seriously. I don't know why they do that, I added the gate for safety reasons.
Maybe if they keep doing this, I'll not add one next time. But don't worry, there's still one here.

Don't know why Schmorp charged 2.5 platinum for the Lake Country apartment.
It's much smaller than the Navar.
This apartment was in fact designed with "rent is 100 silver" in mind.
endmsg
no_reset 1
per_player 1
end
arch dungeon_floor
end
arch westcwall_2_2_2
end
arch dungeon_floor
y 1
end
arch westcwall_win1
y 1
end
arch dungeon_floor
y 2
end
arch westcwall_2_1_1
y 2
end
arch dungeon_floor
y 3
end
arch westcwall_2_1_1
y 3
end
arch dungeon_floor
y 4
end
arch westcwall_2_1_1
y 4
end
arch dungeon_floor
y 5
end
arch westcwall_2_1_1
y 5
end
arch dungeon_floor
y 6
end
arch westcwall_2_1_1
y 6
end
arch dungeon_floor
y 7
end
arch westcwall_2_1_1
y 7
end
arch dungeon_floor
y 8
end
arch westcwall_2_1_1
y 8
end
arch dungeon_floor
y 9
end
arch westcwall_2_1_1
y 9
end
arch dungeon_floor
y 10
end
arch westcwall_2_1_1
y 10
end
arch dungeon_floor
y 11
end
arch westcwall_2_1_1
y 11
end
arch dungeon_floor
y 12
end
arch westcwall_2_1_1
y 12
end
arch dungeon_floor
y 13
end
arch westcwall_2_1_1
y 13
end
arch dungeon_floor
y 14
end
arch westcwall_win1
y 14
end
arch dungeon_floor
y 15
end
arch westcwall_2_2_1
y 15
end
arch dungeon_floor
x 1
end
arch westcwall_win2
x 1
end
arch dungeon_floor
x 1
y 1
is_buildable 1
end
arch dungeon_floor
x 1
y 2
is_buildable 1
end
arch dungeon_floor
x 1
y 3
is_buildable 1
end
arch dungeon_floor
x 1
y 4
is_buildable 1
end
arch dungeon_floor
x 1
y 5
is_buildable 1
end
arch dungeon_floor
x 1
y 6
is_buildable 1
end
arch dungeon_floor
x 1
y 7
is_buildable 1
end
arch dungeon_floor
x 1
y 8
is_buildable 1
end
arch dungeon_floor
x 1
y 9
is_buildable 1
end
arch dungeon_floor
x 1
y 10
is_buildable 1
end
arch dungeon_floor
x 1
y 11
is_buildable 1
end
arch dungeon_floor
x 1
y 12
is_buildable 1
end
arch dungeon_floor
x 1
y 13
is_buildable 1
end
arch dungeon_floor
x 1
y 14
is_buildable 1
end
arch dungeon_floor
x 1
y 15
end
arch westcwall_win2
x 1
y 15
end
arch dungeon_floor
x 2
end
arch westcwall_2_1_2
x 2
end
arch dungeon_floor
x 2
y 1
is_buildable 1
end
arch dungeon_floor
x 2
y 2
is_buildable 1
end
arch dungeon_floor
x 2
y 3
is_buildable 1
end
arch dungeon_floor
x 2
y 4
is_buildable 1
end
arch dungeon_floor
x 2
y 5
is_buildable 1
end
arch dungeon_floor
x 2
y 6
is_buildable 1
end
arch dungeon_floor
x 2
y 7
is_buildable 1
end
arch dungeon_floor
x 2
y 8
is_buildable 1
end
arch dungeon_floor
x 2
y 9
is_buildable 1
end
arch dungeon_floor
x 2
y 10
is_buildable 1
end
arch dungeon_floor
x 2
y 11
is_buildable 1
end
arch dungeon_floor
x 2
y 12
is_buildable 1
end
arch dungeon_floor
x 2
y 13
is_buildable 1
end
arch dungeon_floor
x 2
y 14
is_buildable 1
end
arch dungeon_floor
x 2
y 15
end
arch westcwall_2_1_2
x 2
y 15
end
arch dungeon_floor
x 3
end
arch westcwall_2_1_2
x 3
end
arch dungeon_floor
x 3
y 1
is_buildable 1
end
arch dungeon_floor
x 3
y 2
is_buildable 1
end
arch dungeon_floor
x 3
y 3
is_buildable 1
end
arch dungeon_floor
x 3
y 4
is_buildable 1
end
arch dungeon_floor
x 3
y 5
is_buildable 1
end
arch dungeon_floor
x 3
y 6
is_buildable 1
end
arch dungeon_floor
x 3
y 7
is_buildable 1
end
arch dungeon_floor
x 3
y 8
is_buildable 1
end
arch dungeon_floor
x 3
y 9
is_buildable 1
end
arch dungeon_floor
x 3
y 10
is_buildable 1
end
arch dungeon_floor
x 3
y 11
is_buildable 1
end
arch dungeon_floor
x 3
y 12
is_buildable 1
end
arch dungeon_floor
x 3
y 13
is_buildable 1
end
arch dungeon_floor
x 3
y 14
is_buildable 1
end
arch dungeon_floor
x 3
y 15
end
arch westcwall_2_1_2
x 3
y 15
end
arch dungeon_floor
x 4
end
arch westcwall_2_1_2
x 4
end
arch dungeon_floor
x 4
y 1
is_buildable 1
end
arch dungeon_floor
x 4
y 2
is_buildable 1
end
arch dungeon_floor
x 4
y 3
is_buildable 1
end
arch dungeon_floor
x 4
y 4
is_buildable 1
end
arch dungeon_floor
x 4
y 5
is_buildable 1
end
arch dungeon_floor
x 4
y 6
is_buildable 1
end
arch dungeon_floor
x 4
y 7
is_buildable 1
end
arch dungeon_floor
x 4
y 8
is_buildable 1
end
arch dungeon_floor
x 4
y 9
is_buildable 1
end
arch dungeon_floor
x 4
y 10
is_buildable 1
end
arch dungeon_floor
x 4
y 11
is_buildable 1
end
arch dungeon_floor
x 4
y 12
is_buildable 1
end
arch dungeon_floor
x 4
y 13
is_buildable 1
end
arch dungeon_floor
x 4
y 14
is_buildable 1
end
arch dungeon_floor
x 4
y 15
end
arch westcwall_2_1_2
x 4
y 15
end
arch dungeon_floor
x 5
end
arch westcwall_2_1_2
x 5
end
arch dungeon_floor
x 5
y 1
is_buildable 1
end
arch dungeon_floor
x 5
y 2
is_buildable 1
end
arch dungeon_floor
x 5
y 3
is_buildable 1
end
arch dungeon_floor
x 5
y 4
is_buildable 1
end
arch dungeon_floor
x 5
y 5
is_buildable 1
end
arch dungeon_floor
x 5
y 6
is_buildable 1
end
arch dungeon_floor
x 5
y 7
is_buildable 1
end
arch dungeon_floor
x 5
y 8
is_buildable 1
end
arch dungeon_floor
x 5
y 9
is_buildable 1
end
arch dungeon_floor
x 5
y 10
is_buildable 1
end
arch dungeon_floor
x 5
y 11
is_buildable 1
end
arch dungeon_floor
x 5
y 12
is_buildable 1
end
arch dungeon_floor
x 5
y 13
is_buildable 1
end
arch dungeon_floor
x 5
y 14
is_buildable 1
end
arch dungeon_floor
x 5
y 15
end
arch westcwall_2_1_2
x 5
y 15
end
arch dungeon_floor
x 6
end
arch westcwall_2_1_2
x 6
end
arch dungeon_floor
x 6
y 1
is_buildable 1
end
arch dungeon_floor
x 6
y 2
is_buildable 1
end
arch dungeon_floor
x 6
y 3
is_buildable 1
end
arch dungeon_floor
x 6
y 4
is_buildable 1
end
arch dungeon_floor
x 6
y 5
is_buildable 1
end
arch dungeon_floor
x 6
y 6
is_buildable 1
end
arch dungeon_floor
x 6
y 7
is_buildable 1
end
arch dungeon_floor
x 6
y 8
is_buildable 1
end
arch dungeon_floor
x 6
y 9
is_buildable 1
end
arch dungeon_floor
x 6
y 10
is_buildable 1
end
arch dungeon_floor
x 6
y 11
is_buildable 1
end
arch dungeon_floor
x 6
y 12
is_buildable 1
end
arch dungeon_floor
x 6
y 13
is_buildable 1
end
arch dungeon_floor
x 6
y 14
is_buildable 1
end
arch dungeon_floor
x 6
y 15
end
arch westcwall_2_1_2
x 6
y 15
end
arch invis_exit
slaying apartment2
msg
Walking into the wall, the world fades into darkness, and back into light. 
Your apartment feels different.
What happened?
endmsg
hp 7
sp 1
x 7
end
arch dungeon_floor
x 7
end
arch westcwall_2_1_2
x 7
move_block -all
end
arch dungeon_floor
x 7
y 1
is_buildable 1
end
arch dungeon_floor
x 7
y 2
is_buildable 1
end
arch dungeon_floor
x 7
y 3
is_buildable 1
end
arch dungeon_floor
x 7
y 4
is_buildable 1
end
arch dungeon_floor
x 7
y 5
is_buildable 1
end
arch dungeon_floor
x 7
y 6
is_buildable 1
end
arch dungeon_floor
x 7
y 7
is_buildable 1
end
arch dungeon_floor
x 7
y 8
is_buildable 1
end
arch dungeon_floor
x 7
y 9
is_buildable 1
end
arch dungeon_floor
x 7
y 10
is_buildable 1
end
arch dungeon_floor
x 7
y 11
is_buildable 1
end
arch dungeon_floor
x 7
y 12
is_buildable 1
end
arch dungeon_floor
x 7
y 13
is_buildable 1
end
arch dungeon_floor
x 7
y 14
is_buildable 1
end
arch dungeon_floor
x 7
y 15
end
arch westcwall_2_1_2
x 7
y 15
end
arch dungeon_floor
x 8
end
arch westcwall_2_1_2
x 8
end
arch dungeon_floor
x 8
y 1
is_buildable 1
end
arch dungeon_floor
x 8
y 2
is_buildable 1
end
arch dungeon_floor
x 8
y 3
is_buildable 1
end
arch dungeon_floor
x 8
y 4
is_buildable 1
end
arch dungeon_floor
x 8
y 5
is_buildable 1
end
arch dungeon_floor
x 8
y 6
is_buildable 1
end
arch dungeon_floor
x 8
y 7
is_buildable 1
end
arch dungeon_floor
x 8
y 8
is_buildable 1
end
arch dungeon_floor
x 8
y 9
is_buildable 1
end
arch dungeon_floor
x 8
y 10
is_buildable 1
end
arch dungeon_floor
x 8
y 11
is_buildable 1
end
arch dungeon_floor
x 8
y 12
is_buildable 1
end
arch dungeon_floor
x 8
y 13
is_buildable 1
end
arch dungeon_floor
x 8
y 14
is_buildable 1
end
arch dungeon_floor
x 8
y 15
end
arch westcwall_2_1_2
x 8
y 15
end
arch dungeon_floor
x 9
end
arch westcwall_2_1_2
x 9
end
arch dungeon_floor
x 9
y 1
is_buildable 1
end
arch dungeon_floor
x 9
y 2
is_buildable 1
end
arch dungeon_floor
x 9
y 3
is_buildable 1
end
arch dungeon_floor
x 9
y 4
is_buildable 1
end
arch dungeon_floor
x 9
y 5
is_buildable 1
end
arch dungeon_floor
x 9
y 6
is_buildable 1
end
arch dungeon_floor
x 9
y 7
is_buildable 1
end
arch dungeon_floor
x 9
y 8
is_buildable 1
end
arch dungeon_floor
x 9
y 9
is_buildable 1
end
arch dungeon_floor
x 9
y 10
is_buildable 1
end
arch dungeon_floor
x 9
y 11
is_buildable 1
end
arch dungeon_floor
x 9
y 12
is_buildable 1
end
arch dungeon_floor
x 9
y 13
is_buildable 1
end
arch dungeon_floor
x 9
y 14
is_buildable 1
end
arch dungeon_floor
x 9
y 15
end
arch westcwall_2_1_2
x 9
y 15
end
arch dungeon_floor
x 10
end
arch westcwall_2_1_2
x 10
end
arch dungeon_floor
x 10
y 1
is_buildable 1
end
arch dungeon_floor
x 10
y 2
is_buildable 1
end
arch dungeon_floor
x 10
y 3
is_buildable 1
end
arch dungeon_floor
x 10
y 4
is_buildable 1
end
arch dungeon_floor
x 10
y 5
is_buildable 1
end
arch dungeon_floor
x 10
y 6
is_buildable 1
end
arch dungeon_floor
x 10
y 7
is_buildable 1
end
arch dungeon_floor
x 10
y 8
is_buildable 1
end
arch dungeon_floor
x 10
y 9
is_buildable 1
end
arch dungeon_floor
x 10
y 10
is_buildable 1
end
arch dungeon_floor
x 10
y 11
is_buildable 1
end
arch dungeon_floor
x 10
y 12
is_buildable 1
end
arch dungeon_floor
x 10
y 13
is_buildable 1
end
arch dungeon_floor
x 10
y 14
is_buildable 1
end
arch dungeon_floor
x 10
y 15
end
arch westcwall_2_1_2
x 10
y 15
end
arch dungeon_floor
x 11
end
arch westcwall_2_1_2
x 11
end
arch dungeon_floor
x 11
y 1
is_buildable 1
end
arch dungeon_floor
x 11
y 2
is_buildable 1
end
arch dungeon_floor
x 11
y 3
is_buildable 1
end
arch dungeon_floor
x 11
y 4
is_buildable 1
end
arch dungeon_floor
x 11
y 5
is_buildable 1
end
arch dungeon_floor
x 11
y 6
is_buildable 1
end
arch dungeon_floor
x 11
y 7
is_buildable 1
end
arch dungeon_floor
x 11
y 8
is_buildable 1
end
arch dungeon_floor
x 11
y 9
is_buildable 1
end
arch dungeon_floor
x 11
y 10
is_buildable 1
end
arch dungeon_floor
x 11
y 11
is_buildable 1
end
arch dungeon_floor
x 11
y 12
is_buildable 1
end
arch dungeon_floor
x 11
y 13
is_buildable 1
end
arch dungeon_floor
x 11
y 14
is_buildable 1
end
arch dungeon_floor
x 11
y 15
end
arch westcwall_2_1_2
x 11
y 15
end
arch dungeon_floor
x 12
end
arch westcwall_2_1_2
x 12
end
arch dungeon_floor
x 12
y 1
is_buildable 1
end
arch dungeon_floor
x 12
y 2
is_buildable 1
end
arch dungeon_floor
x 12
y 3
is_buildable 1
end
arch dungeon_floor
x 12
y 4
is_buildable 1
end
arch dungeon_floor
x 12
y 5
is_buildable 1
end
arch dungeon_floor
x 12
y 6
is_buildable 1
end
arch dungeon_floor
x 12
y 7
is_buildable 1
end
arch dungeon_floor
x 12
y 8
is_buildable 1
end
arch dungeon_floor
x 12
y 9
is_buildable 1
end
arch dungeon_floor
x 12
y 10
is_buildable 1
end
arch dungeon_floor
x 12
y 11
is_buildable 1
end
arch dungeon_floor
x 12
y 12
is_buildable 1
end
arch dungeon_floor
x 12
y 13
is_buildable 1
end
arch dungeon_floor
x 12
y 14
is_buildable 1
end
arch dungeon_floor
x 12
y 15
end
arch westcwall_2_1_2
x 12
y 15
end
arch dungeon_floor
x 13
end
arch westcwall_win2
x 13
end
arch dungeon_floor
x 13
y 1
is_buildable 1
end
arch dungeon_floor
x 13
y 2
is_buildable 1
end
arch dungeon_floor
x 13
y 3
is_buildable 1
end
arch dungeon_floor
x 13
y 4
is_buildable 1
end
arch dungeon_floor
x 13
y 5
is_buildable 1
end
arch dungeon_floor
x 13
y 6
is_buildable 1
end
arch dungeon_floor
x 13
y 7
is_buildable 1
end
arch dungeon_floor
x 13
y 8
is_buildable 1
end
arch dungeon_floor
x 13
y 9
is_buildable 1
end
arch dungeon_floor
x 13
y 10
is_buildable 1
end
arch dungeon_floor
x 13
y 11
is_buildable 1
end
arch dungeon_floor
x 13
y 12
is_buildable 1
end
arch dungeon_floor
x 13
y 13
is_buildable 1
end
arch dungeon_floor
x 13
y 14
is_buildable 1
end
arch dungeon_floor
x 13
y 15
end
arch westcwall_win2
x 13
y 15
end
arch dungeon_floor
x 14
end
arch westcwall_3_3
x 14
end
arch dungeon_floor
x 14
y 1
end
arch westcwall_2_1_1
x 14
y 1
end
arch dungeon_floor
x 14
y 2
end
arch westcwall_2_1_1
x 14
y 2
end
arch dungeon_floor
x 14
y 3
end
arch westcwall_1_2
x 14
y 3
end
arch dungeon_floor
x 14
y 4
is_buildable 1
end
arch dungeon_floor
x 14
y 5
is_buildable 1
end
arch dungeon_floor
x 14
y 6
is_buildable 1
end
arch dungeon_floor
x 14
y 7
is_buildable 1
end
arch dungeon_floor
x 14
y 8
is_buildable 1
end
arch dungeon_floor
x 14
y 9
is_buildable 1
end
arch dungeon_floor
x 14
y 10
is_buildable 1
end
arch dungeon_floor
x 14
y 11
is_buildable 1
end
arch dungeon_floor
x 14
y 12
is_buildable 1
end
arch dungeon_floor
x 14
y 13
is_buildable 1
end
arch dungeon_floor
x 14
y 14
is_buildable 1
end
arch dungeon_floor
x 14
y 15
end
arch westcwall_1_3
x 14
y 15
end
arch dungeon_floor
x 15
end
arch westcwall_2_1_2
x 15
end
arch dungeon_floor
x 15
y 1
end
arch bed_save
x 15
y 1
end
arch dungeon_floor
x 15
y 2
end
arch button_handle
x 15
y 2
connected 52
end
arch dungeon_floor
x 15
y 3
end
arch igateTrg1
x 15
y 3
connected 52
end
arch dungeon_floor
x 15
y 4
end
arch button_handle
x 15
y 4
connected 52
end
arch dungeon_floor
x 15
y 5
end
arch dungeon_floor
x 15
y 6
end
arch dungeon_floor
x 15
y 7
end
arch dungeon_floor
x 15
y 8
end
arch dungeon_floor
x 15
y 9
end
arch dungeon_floor
x 15
y 10
end
arch dungeon_floor
x 15
y 11
end
arch dungeon_floor
x 15
y 12
end
arch tome
name Wassar Apartment Guide
name_pl Wassar Apartment Guides
msg
Welcome to your new apartment in Wassar City!

This apartment is made of rock, so is very durable.
It is also, at the same time, buildable, so you are able to build your mechanisms and contraptions freely here.
Note however that you can not build in the path from the door to the bed to reality for safety reasons.

For your service we have provided a concierge. 
He is able to fetch food, potions and containers for you.
We charge a small fee for the service, and further fees will be necessary to provide the items.
endmsg
x 15
y 12
level 5
value 0
end
arch dungeon_floor
x 15
y 13
end
arch dungeon_floor
x 15
y 14
end
arch dungeon_floor
x 15
y 15
end
arch oakdoor_2
slaying /wassar/city-a2
hp 15
sp 24
x 15
y 15
move_on all
end
arch dungeon_floor
x 16
end
arch westcwall_3_3
x 16
end
arch dungeon_floor
x 16
y 1
end
arch westcwall_2_1_1
x 16
y 1
end
arch dungeon_floor
x 16
y 2
end
arch westcwall_2_1_1
x 16
y 2
end
arch dungeon_floor
x 16
y 3
end
arch westcwall_1_2
x 16
y 3
end
arch dungeon_floor
x 16
y 4
is_buildable 1
end
arch dungeon_floor
x 16
y 5
is_buildable 1
end
arch dungeon_floor
x 16
y 6
is_buildable 1
end
arch dungeon_floor
x 16
y 7
is_buildable 1
end
arch dungeon_floor
x 16
y 8
is_buildable 1
end
arch dungeon_floor
x 16
y 9
is_buildable 1
end
arch dungeon_floor
x 16
y 10
is_buildable 1
end
arch dungeon_floor
x 16
y 11
is_buildable 1
end
arch dungeon_floor
x 16
y 12
is_buildable 1
end
arch dungeon_floor
x 16
y 13
is_buildable 1
end
arch dungeon_floor
x 16
y 14
is_buildable 1
end
arch dungeon_floor
x 16
y 15
end
arch westcwall_1_4
x 16
y 15
end
arch dungeon_floor
x 17
end
arch westcwall_win2
x 17
end
arch dungeon_floor
x 17
y 1
is_buildable 1
end
arch dungeon_floor
x 17
y 2
is_buildable 1
end
arch dungeon_floor
x 17
y 3
is_buildable 1
end
arch dungeon_floor
x 17
y 4
is_buildable 1
end
arch dungeon_floor
x 17
y 5
is_buildable 1
end
arch dungeon_floor
x 17
y 6
is_buildable 1
end
arch dungeon_floor
x 17
y 7
is_buildable 1
end
arch dungeon_floor
x 17
y 8
is_buildable 1
end
arch dungeon_floor
x 17
y 9
is_buildable 1
end
arch dungeon_floor
x 17
y 10
is_buildable 1
end
arch dungeon_floor
x 17
y 11
is_buildable 1
end
arch dungeon_floor
x 17
y 12
is_buildable 1
end
arch dungeon_floor
x 17
y 13
is_buildable 1
end
arch dungeon_floor
x 17
y 14
is_buildable 1
end
arch dungeon_floor
x 17
y 15
end
arch westcwall_win2
x 17
y 15
end
arch dungeon_floor
x 18
end
arch westcwall_2_1_2
x 18
end
arch dungeon_floor
x 18
y 1
is_buildable 1
end
arch dungeon_floor
x 18
y 2
is_buildable 1
end
arch dungeon_floor
x 18
y 3
is_buildable 1
end
arch dungeon_floor
x 18
y 4
is_buildable 1
end
arch dungeon_floor
x 18
y 5
is_buildable 1
end
arch dungeon_floor
x 18
y 6
is_buildable 1
end
arch dungeon_floor
x 18
y 7
is_buildable 1
end
arch dungeon_floor
x 18
y 8
is_buildable 1
end
arch dungeon_floor
x 18
y 9
is_buildable 1
end
arch dungeon_floor
x 18
y 10
is_buildable 1
end
arch dungeon_floor
x 18
y 11
is_buildable 1
end
arch dungeon_floor
x 18
y 12
is_buildable 1
end
arch dungeon_floor
x 18
y 13
is_buildable 1
end
arch dungeon_floor
x 18
y 14
is_buildable 1
end
arch dungeon_floor
x 18
y 15
end
arch westcwall_2_1_2
x 18
y 15
end
arch dungeon_floor
x 19
end
arch westcwall_2_1_2
x 19
end
arch dungeon_floor
x 19
y 1
is_buildable 1
end
arch dungeon_floor
x 19
y 2
is_buildable 1
end
arch dungeon_floor
x 19
y 3
is_buildable 1
end
arch dungeon_floor
x 19
y 4
is_buildable 1
end
arch dungeon_floor
x 19
y 5
is_buildable 1
end
arch dungeon_floor
x 19
y 6
is_buildable 1
end
arch dungeon_floor
x 19
y 7
is_buildable 1
end
arch dungeon_floor
x 19
y 8
is_buildable 1
end
arch dungeon_floor
x 19
y 9
is_buildable 1
end
arch dungeon_floor
x 19
y 10
is_buildable 1
end
arch dungeon_floor
x 19
y 11
is_buildable 1
end
arch dungeon_floor
x 19
y 12
is_buildable 1
end
arch dungeon_floor
x 19
y 13
is_buildable 1
end
arch dungeon_floor
x 19
y 14
is_buildable 1
end
arch dungeon_floor
x 19
y 15
end
arch westcwall_2_1_2
x 19
y 15
end
arch dungeon_floor
x 20
end
arch westcwall_2_1_2
x 20
end
arch dungeon_floor
x 20
y 1
is_buildable 1
end
arch dungeon_floor
x 20
y 2
is_buildable 1
end
arch dungeon_floor
x 20
y 3
is_buildable 1
end
arch dungeon_floor
x 20
y 4
is_buildable 1
end
arch dungeon_floor
x 20
y 5
is_buildable 1
end
arch dungeon_floor
x 20
y 6
is_buildable 1
end
arch dungeon_floor
x 20
y 7
is_buildable 1
end
arch dungeon_floor
x 20
y 8
is_buildable 1
end
arch dungeon_floor
x 20
y 9
is_buildable 1
end
arch dungeon_floor
x 20
y 10
is_buildable 1
end
arch dungeon_floor
x 20
y 11
is_buildable 1
end
arch dungeon_floor
x 20
y 12
is_buildable 1
end
arch dungeon_floor
x 20
y 13
is_buildable 1
end
arch dungeon_floor
x 20
y 14
is_buildable 1
end
arch dungeon_floor
x 20
y 15
end
arch westcwall_2_1_2
x 20
y 15
end
arch dungeon_floor
x 21
end
arch westcwall_2_1_2
x 21
end
arch dungeon_floor
x 21
y 1
is_buildable 1
end
arch dungeon_floor
x 21
y 2
is_buildable 1
end
arch dungeon_floor
x 21
y 3
is_buildable 1
end
arch dungeon_floor
x 21
y 4
is_buildable 1
end
arch dungeon_floor
x 21
y 5
is_buildable 1
end
arch dungeon_floor
x 21
y 6
is_buildable 1
end
arch dungeon_floor
x 21
y 7
is_buildable 1
end
arch dungeon_floor
x 21
y 8
is_buildable 1
end
arch dungeon_floor
x 21
y 9
is_buildable 1
end
arch dungeon_floor
x 21
y 10
is_buildable 1
end
arch dungeon_floor
x 21
y 11
is_buildable 1
end
arch dungeon_floor
x 21
y 12
is_buildable 1
end
arch dungeon_floor
x 21
y 13
is_buildable 1
end
arch dungeon_floor
x 21
y 14
is_buildable 1
end
arch dungeon_floor
x 21
y 15
end
arch westcwall_2_1_2
x 21
y 15
end
arch dungeon_floor
x 22
end
arch westcwall_2_1_2
x 22
end
arch dungeon_floor
x 22
y 1
is_buildable 1
end
arch dungeon_floor
x 22
y 2
is_buildable 1
end
arch dungeon_floor
x 22
y 3
is_buildable 1
end
arch dungeon_floor
x 22
y 4
is_buildable 1
end
arch dungeon_floor
x 22
y 5
is_buildable 1
end
arch dungeon_floor
x 22
y 6
is_buildable 1
end
arch dungeon_floor
x 22
y 7
is_buildable 1
end
arch dungeon_floor
x 22
y 8
is_buildable 1
end
arch dungeon_floor
x 22
y 9
is_buildable 1
end
arch dungeon_floor
x 22
y 10
is_buildable 1
end
arch dungeon_floor
x 22
y 11
is_buildable 1
end
arch dungeon_floor
x 22
y 12
is_buildable 1
end
arch dungeon_floor
x 22
y 13
is_buildable 1
end
arch dungeon_floor
x 22
y 14
is_buildable 1
end
arch dungeon_floor
x 22
y 15
end
arch westcwall_2_1_2
x 22
y 15
end
arch dungeon_floor
x 23
end
arch westcwall_2_1_2
x 23
end
arch dungeon_floor
x 23
y 1
is_buildable 1
end
arch dungeon_floor
x 23
y 2
is_buildable 1
end
arch dungeon_floor
x 23
y 3
is_buildable 1
end
arch dungeon_floor
x 23
y 4
is_buildable 1
end
arch dungeon_floor
x 23
y 5
is_buildable 1
end
arch dungeon_floor
x 23
y 6
is_buildable 1
end
arch dungeon_floor
x 23
y 7
is_buildable 1
end
arch dungeon_floor
x 23
y 8
is_buildable 1
end
arch dungeon_floor
x 23
y 9
is_buildable 1
end
arch dungeon_floor
x 23
y 10
is_buildable 1
end
arch dungeon_floor
x 23
y 11
is_buildable 1
end
arch dungeon_floor
x 23
y 12
is_buildable 1
end
arch dungeon_floor
x 23
y 13
is_buildable 1
end
arch dungeon_floor
x 23
y 14
is_buildable 1
end
arch dungeon_floor
x 23
y 15
end
arch westcwall_2_1_2
x 23
y 15
end
arch dungeon_floor
x 24
end
arch westcwall_2_1_2
x 24
end
arch dungeon_floor
x 24
y 1
is_buildable 1
end
arch dungeon_floor
x 24
y 2
is_buildable 1
end
arch dungeon_floor
x 24
y 3
is_buildable 1
end
arch dungeon_floor
x 24
y 4
is_buildable 1
end
arch dungeon_floor
x 24
y 5
is_buildable 1
end
arch dungeon_floor
x 24
y 6
is_buildable 1
end
arch dungeon_floor
x 24
y 7
is_buildable 1
end
arch dungeon_floor
x 24
y 8
is_buildable 1
end
arch dungeon_floor
x 24
y 9
is_buildable 1
end
arch dungeon_floor
x 24
y 10
is_buildable 1
end
arch dungeon_floor
x 24
y 11
is_buildable 1
end
arch dungeon_floor
x 24
y 12
is_buildable 1
end
arch dungeon_floor
x 24
y 13
is_buildable 1
end
arch dungeon_floor
x 24
y 14
is_buildable 1
end
arch dungeon_floor
x 24
y 15
end
arch westcwall_2_1_2
x 24
y 15
end
arch dungeon_floor
x 25
end
arch westcwall_2_1_2
x 25
end
arch dungeon_floor
x 25
y 1
is_buildable 1
end
arch dungeon_floor
x 25
y 2
is_buildable 1
end
arch dungeon_floor
x 25
y 3
is_buildable 1
end
arch dungeon_floor
x 25
y 4
is_buildable 1
end
arch dungeon_floor
x 25
y 5
is_buildable 1
end
arch dungeon_floor
x 25
y 6
is_buildable 1
end
arch dungeon_floor
x 25
y 7
is_buildable 1
end
arch dungeon_floor
x 25
y 8
is_buildable 1
end
arch dungeon_floor
x 25
y 9
is_buildable 1
end
arch dungeon_floor
x 25
y 10
is_buildable 1
end
arch dungeon_floor
x 25
y 11
is_buildable 1
end
arch dungeon_floor
x 25
y 12
is_buildable 1
end
arch dungeon_floor
x 25
y 13
is_buildable 1
end
arch dungeon_floor
x 25
y 14
is_buildable 1
end
arch dungeon_floor
x 25
y 15
end
arch westcwall_2_1_2
x 25
y 15
end
arch dungeon_floor
x 26
end
arch westcwall_2_1_2
x 26
end
arch dungeon_floor
x 26
y 1
is_buildable 1
end
arch dungeon_floor
x 26
y 2
is_buildable 1
end
arch dungeon_floor
x 26
y 3
is_buildable 1
end
arch dungeon_floor
x 26
y 4
is_buildable 1
end
arch dungeon_floor
x 26
y 5
is_buildable 1
end
arch dungeon_floor
x 26
y 6
is_buildable 1
end
arch dungeon_floor
x 26
y 7
is_buildable 1
end
arch dungeon_floor
x 26
y 8
is_buildable 1
end
arch dungeon_floor
x 26
y 9
is_buildable 1
end
arch dungeon_floor
x 26
y 10
is_buildable 1
end
arch dungeon_floor
x 26
y 11
is_buildable 1
end
arch dungeon_floor
x 26
y 12
is_buildable 1
end
arch dungeon_floor
x 26
y 13
is_buildable 1
end
arch dungeon_floor
x 26
y 14
is_buildable 1
end
arch dungeon_floor
x 26
y 15
end
arch westcwall_2_1_2
x 26
y 15
end
arch dungeon_floor
x 27
end
arch westcwall_2_1_2
x 27
end
arch dungeon_floor
x 27
y 1
is_buildable 1
end
arch dungeon_floor
x 27
y 2
is_buildable 1
end
arch dungeon_floor
x 27
y 3
is_buildable 1
end
arch dungeon_floor
x 27
y 4
is_buildable 1
end
arch dungeon_floor
x 27
y 5
is_buildable 1
end
arch dungeon_floor
x 27
y 6
is_buildable 1
end
arch dungeon_floor
x 27
y 7
is_buildable 1
end
arch dungeon_floor
x 27
y 8
is_buildable 1
end
arch dungeon_floor
x 27
y 9
is_buildable 1
end
arch dungeon_floor
x 27
y 10
is_buildable 1
end
arch dungeon_floor
x 27
y 11
is_buildable 1
end
arch dungeon_floor
x 27
y 12
is_buildable 1
end
arch dungeon_floor
x 27
y 13
is_buildable 1
end
arch dungeon_floor
x 27
y 14
is_buildable 1
end
arch dungeon_floor
x 27
y 15
end
arch westcwall_2_1_2
x 27
y 15
end
arch dungeon_floor
x 28
end
arch westcwall_2_1_2
x 28
end
arch dungeon_floor
x 28
y 1
is_buildable 1
end
arch dungeon_floor
x 28
y 2
is_buildable 1
end
arch dungeon_floor
x 28
y 3
is_buildable 1
end
arch dungeon_floor
x 28
y 4
is_buildable 1
end
arch dungeon_floor
x 28
y 5
is_buildable 1
end
arch dungeon_floor
x 28
y 6
is_buildable 1
end
arch dungeon_floor
x 28
y 7
is_buildable 1
end
arch dungeon_floor
x 28
y 8
is_buildable 1
end
arch dungeon_floor
x 28
y 9
is_buildable 1
end
arch dungeon_floor
x 28
y 10
is_buildable 1
end
arch dungeon_floor
x 28
y 11
is_buildable 1
end
arch dungeon_floor
x 28
y 12
is_buildable 1
end
arch dungeon_floor
x 28
y 13
is_buildable 1
end
arch dungeon_floor
x 28
y 14
is_buildable 1
end
arch dungeon_floor
x 28
y 15
end
arch westcwall_2_1_2
x 28
y 15
end
arch dungeon_floor
x 29
end
arch westcwall_2_1_2
x 29
end
arch dungeon_floor
x 29
y 1
is_buildable 1
end
arch dungeon_floor
x 29
y 2
is_buildable 1
end
arch dungeon_floor
x 29
y 3
is_buildable 1
end
arch dungeon_floor
x 29
y 4
is_buildable 1
end
arch dungeon_floor
x 29
y 5
is_buildable 1
end
arch dungeon_floor
x 29
y 6
is_buildable 1
end
arch dungeon_floor
x 29
y 7
is_buildable 1
end
arch dungeon_floor
x 29
y 8
is_buildable 1
end
arch dungeon_floor
x 29
y 9
is_buildable 1
end
arch dungeon_floor
x 29
y 10
is_buildable 1
end
arch dungeon_floor
x 29
y 11
is_buildable 1
end
arch dungeon_floor
x 29
y 12
is_buildable 1
end
arch dungeon_floor
x 29
y 13
is_buildable 1
end
arch dungeon_floor
x 29
y 14
is_buildable 1
end
arch dungeon_floor
x 29
y 15
end
arch westcwall_2_1_2
x 29
y 15
end
arch dungeon_floor
x 30
end
arch westcwall_win2
x 30
end
arch dungeon_floor
x 30
y 1
is_buildable 1
end
arch dungeon_floor
x 30
y 2
is_buildable 1
end
arch dungeon_floor
x 30
y 3
is_buildable 1
end
arch dungeon_floor
x 30
y 4
is_buildable 1
end
arch dungeon_floor
x 30
y 5
is_buildable 1
end
arch dungeon_floor
x 30
y 6
is_buildable 1
end
arch dungeon_floor
x 30
y 7
is_buildable 1
end
arch dungeon_floor
x 30
y 8
is_buildable 1
end
arch dungeon_floor
x 30
y 9
is_buildable 1
end
arch dungeon_floor
x 30
y 10
is_buildable 1
end
arch dungeon_floor
x 30
y 11
is_buildable 1
end
arch dungeon_floor
x 30
y 12
is_buildable 1
end
arch dungeon_floor
x 30
y 13
end
arch table_3
name service table
name_pl service tables
x 30
y 13
no_pick 1
end
arch creator
slaying warm roast bird
other_arch roast_bird
x 30
y 13
connected 101
lifesave 1
end
arch creator
slaying fresh waybread
other_arch waybread
x 30
y 13
connected 102
lifesave 1
end
arch creator
other_arch apple
x 30
y 13
connected 103
lifesave 1
end
arch creator
other_arch water
x 30
y 13
connected 104
lifesave 1
end
arch creator
other_arch potion_heal
x 30
y 13
connected 111
lifesave 1
end
arch creator
other_arch potion_magic
x 30
y 13
connected 112
lifesave 1
end
arch creator
other_arch potion_restoration
x 30
y 13
connected 113
lifesave 1
end
arch creator
other_arch chest_2
x 30
y 13
connected 121
lifesave 1
end
arch creator
other_arch pouch
x 30
y 13
connected 122
lifesave 1
end
arch creator
other_arch sack
x 30
y 13
connected 123
lifesave 1
end
arch creator
other_arch bookshelf
x 30
y 13
connected 124
lifesave 1
end
arch dungeon_floor
x 30
y 14
end
arch altar_trigger
name Pay 1 Gold for Concierge Service
slaying money
exp 300
food 100
x 30
y 14
last_sp 1
connected 1
end
arch dungeon_floor
x 30
y 15
end
arch westcwall_win2
x 30
y 15
end
arch dungeon_floor
x 31
end
arch westcwall_2_2_3
x 31
end
arch dungeon_floor
x 31
y 1
end
arch westcwall_win1
x 31
y 1
end
arch dungeon_floor
x 31
y 2
end
arch westcwall_2_1_1
x 31
y 2
end
arch dungeon_floor
x 31
y 3
end
arch westcwall_2_1_1
x 31
y 3
end
arch dungeon_floor
x 31
y 4
end
arch westcwall_2_1_1
x 31
y 4
end
arch dungeon_floor
x 31
y 5
end
arch westcwall_2_1_1
x 31
y 5
end
arch dungeon_floor
x 31
y 6
end
arch westcwall_2_1_1
x 31
y 6
end
arch dungeon_floor
x 31
y 7
end
arch westcwall_2_1_1
x 31
y 7
end
arch dungeon_floor
x 31
y 8
end
arch westcwall_2_1_1
x 31
y 8
end
arch dungeon_floor
x 31
y 9
end
arch westcwall_2_1_1
x 31
y 9
end
arch dungeon_floor
x 31
y 10
end
arch westcwall_2_1_1
x 31
y 10
end
arch dungeon_floor
x 31
y 11
end
arch westcwall_2_1_1
x 31
y 11
end
arch dungeon_floor
x 31
y 12
end
arch westcwall_2_1_1
x 31
y 12
end
arch dungeon_floor
x 31
y 13
end
arch westcwall_2_1_1
x 31
y 13
end
arch dungeon_floor
x 31
y 14
end
arch westcwall_win1
x 31
y 14
end
arch dungeon_floor
x 31
y 15
end
arch westcwall_2_2_4
x 31
y 15
end
arch cyangrass
x 32
end
arch cyangrass
x 32
y 1
end
arch cyangrass
x 32
y 2
end
arch cyangrass
x 32
y 3
end
arch cyangrass
x 32
y 4
end
arch cyangrass
x 32
y 5
end
arch cyangrass
x 32
y 6
end
arch cyangrass
x 32
y 7
end
arch cyangrass
x 32
y 8
end
arch cyangrass
x 32
y 9
end
arch cyangrass
x 32
y 10
end
arch cyangrass
x 32
y 11
end
arch cyangrass
x 32
y 12
end
arch cyangrass
x 32
y 13
end
arch cyangrass
x 32
y 14
end
arch teleporter_connect
hp 34
sp 1
x 32
y 14
invisible 1
connected 2
end
arch cyangrass
x 32
y 15
end
arch dun33
x 33
end
arch dun33
x 33
y 1
end
arch dun33
x 33
y 2
end
arch dun33
x 33
y 3
end
arch dun33
x 33
y 4
end
arch dun33
x 33
y 5
end
arch dun33
x 33
y 6
end
arch dun33
x 33
y 7
end
arch dun33
x 33
y 8
end
arch dun33
x 33
y 9
end
arch dun33
x 33
y 10
end
arch dun33
x 33
y 11
end
arch dun33
x 33
y 12
end
arch dun33
x 33
y 13
end
arch dun33
x 33
y 14
end
arch dun33
x 33
y 15
end
arch afloor_black_left
x 34
end
arch afloor_black_left
x 34
y 1
end
arch teleporter_connect
hp 32
sp 14
x 34
y 1
invisible 1
connected 1
end
arch man
name concierge
msg
@match bag
@ifstate boxlist on
@setstate boxlist off
@cond $who->pay_amount (500)
@trigger 124
@trigger 2
Here is your bookshelf.

@match bag
@ifstate boxlist on
@setstate boxlist off
I am sorry, you must pay for your container in cash.

@match sack
@ifstate boxlist on
@setstate boxlist off
@cond $who->pay_amount (100)
@trigger 123
@trigger 2
Here is your sack.

@match sack
@ifstate boxlist on
@setstate boxlist off
I am sorry, you must pay for your container in cash.

@match pouch
@ifstate boxlist on
@setstate boxlist off
@cond $who->pay_amount (80)
@trigger 122
@trigger 2
Here is your bag.

@match pouch
@ifstate boxlist on
@setstate boxlist off
I am sorry, you must pay for your container in cash.

@match chest
@ifstate boxlist on
@setstate boxlist off
@cond $who->pay_amount (200)
@trigger 121
@trigger 2
Here is your bag.

@match chest
@ifstate boxlist on
@setstate boxlist off
I am sorry, you must pay for your container in cash.

@match life
@ifstate potionlist on
@setstate potionlist off
@cond $who->pay_amount (6000)
@trigger 113
@trigger 2
Here is your potion of life.

@match life
@ifstate potionlist on
@setstate potionlist off
I am sorry, you must pay for your potion in cash.

@match mana
@ifstate potionlist on
@setstate potionlist off
@cond $who->pay_amount (50)
@trigger 112
@trigger 2
Here is your mana potion.

@match mana
@ifstate potionlist on
@setstate potionlist off
I am sorry, you must pay for your potion in cash.

@match healing
@ifstate potionlist on
@setstate potionlist off
@cond $who->pay_amount (50)
@trigger 111
@trigger 2
Here is your healing potion.

@match healing
@ifstate potionlist on
@setstate potionlist off
I am sorry, you must pay for your potion in cash.

@match water
@ifstate foodlist on
@setstate foodlist off
@cond $who->pay_amount (10)
@trigger 104
@trigger 2
Here is your water.

@match water
@ifstate foodlist on
@setstate foodlist off
I am sorry, you must pay for your food in cash.

@match apple
@ifstate foodlist on
@setstate foodlist off
@cond $who->pay_amount (25)
@trigger 103
@trigger 2
Here is your apple.

@match apple
@ifstate foodlist on
@setstate foodlist off
I am sorry, you must pay for your food in cash.

@match waybread
@ifstate foodlist on
@setstate foodlist off
@cond $who->pay_amount (100)
@trigger 102
@trigger 2
Here is your waybread. Please enjoy it while it is still fresh!

@match waybread
@ifstate foodlist on
@setstate foodlist off
I am sorry, you must pay for your food in cash.

@match bird
@ifstate foodlist on
@setstate foodlist off
@cond $who->pay_amount (150)
@trigger 101
@trigger 2
Here is your roast bird. Please enjoy it while it is still hot!

@match bird
@ifstate foodlist on
@setstate foodlist off
I am sorry, you must pay for your food in cash.

@match food
@setstate foodlist on
@setstate potionlist off
@setstate boxlist off
I offer:
Roast bird - 1 gold 50 silver
Waybread - 1 gold
Apple - 25 silver
Water - 10 silver

@match potions
@setstate foodlist off
@setstate potionlist on
@setstate boxlist off
I offer:
Healing potion - 50 silver
Mana potion - 50 silver
Potion of life - 60 gold

@match potions
@setstate foodlist off
@setstate potionlist off
@setstate boxlist on
I offer:
Pouch - 80 silver
Sack - 1 gold
Chest - 2 gold
Bookshelf - 5 gold

@match citizen
@setstate foodlist off
@setstate potionlist off
@setstate boxlist off
The password is "mineralagua". Say this to the mayor at the palace.

@match job
I'm a concierge. Now please make an order, I have other customers too.

@match name
My name is Fred.

@match *
@setstate foodlist off
@setstate potionlist off
@setstate boxlist off
Hello. I am your concierge.
Would you like some food?
Or perhaps a few potions?
Maybe you would like some containers.
Perhaps you would like to become a citizen.
endmsg
x 34
y 1
friendly 1
stand_still 1
end
arch afloor_black_left
x 34
y 2
end
arch afloor_black_left
x 34
y 3
end
arch afloor_black_left
x 34
y 4
end
arch afloor_black_left
x 34
y 5
end
arch afloor_black_left
x 34
y 6
end
arch afloor_black_left
x 34
y 7
end
arch afloor_black_left
x 34
y 8
end
arch afloor_black_left
x 34
y 9
end
arch afloor_black_left
x 34
y 10
end
arch afloor_black_left
x 34
y 11
end
arch afloor_black_left
x 34
y 12
end
arch afloor_black_left
x 34
y 13
end
arch afloor_black_left
x 34
y 14
end
arch afloor_black_left
x 34
y 15
end
