arch map
name <unnamed>
difficulty 2
region brest
width 29
height 25
msg
Created:  1994-09-24 Gene Alexander
Modified: 2020-08-23 Acer
endmsg
end
arch pstone_1
y 5
end
arch cave_6
y 5
end
arch pstone_1
y 6
end
arch cave3
y 6
end
arch pstone_1
y 7
end
arch cave3
y 7
end
arch pstone_1
y 8
end
arch cave3
y 8
end
arch pstone_1
y 9
end
arch cave3
y 9
end
arch pstone_1
y 10
end
arch cave3
y 10
end
arch pstone_1
y 11
end
arch cave3
y 11
end
arch pstone_1
y 12
end
arch cave3
y 12
end
arch pstone_1
y 13
end
arch cave23
y 13
end
arch pstone_1
x 1
end
arch cave_6
x 1
end
arch pstone_1
x 1
y 1
end
arch cave3
x 1
y 1
end
arch pstone_1
x 1
y 2
end
arch cave3
x 1
y 2
end
arch pstone_1
x 1
y 3
end
arch cave23
x 1
y 3
end
arch pstone_1
x 1
y 5
end
arch cave4
x 1
y 5
end
arch pstone_1
x 1
y 6
end
arch spider_gen
x 1
y 6
end
arch pstone_1
x 1
y 7
end
arch pstone_1
x 1
y 8
end
arch random_food
x 1
y 8
end
arch pstone_1
x 1
y 9
end
arch spider
x 1
y 9
end
arch pstone_1
x 1
y 10
end
arch pstone_1
x 1
y 11
end
arch scorpion
x 1
y 11
end
arch pstone_1
x 1
y 12
end
arch ladder_bi_up
slaying /brest/thieves1.map
hp 24
sp 10
x 1
y 12
end
arch pstone_1
x 1
y 13
end
arch cave2
x 1
y 13
end
arch pstone_1
x 2
end
arch cave4
x 2
end
arch pstone_1
x 2
y 1
end
arch spider_web
x 2
y 1
end
arch pstone_1
x 2
y 2
end
arch generate_ant
x 2
y 2
end
arch pstone_1
x 2
y 3
end
arch cave2
x 2
y 3
end
arch pstone_1
x 2
y 5
end
arch cave4
x 2
y 5
end
arch pstone_1
x 2
y 6
end
arch pstone_1
x 2
y 7
end
arch pstone_1
x 2
y 8
end
arch cave11
x 2
y 8
end
arch pstone_1
x 2
y 9
end
arch cave1
x 2
y 9
end
arch pstone_1
x 2
y 10
end
arch cave1
x 2
y 10
end
arch pstone_1
x 2
y 11
end
arch cave1
x 2
y 11
end
arch pstone_1
x 2
y 12
end
arch cave1
x 2
y 12
end
arch pstone_1
x 2
y 13
end
arch cave22
x 2
y 13
end
arch pstone_1
x 3
end
arch cave4
x 3
end
arch pstone_1
x 3
y 1
end
arch breeder_ant
x 3
y 1
end
arch pstone_1
x 3
y 2
end
arch fly_ant
x 3
y 2
end
arch pstone_1
x 3
y 3
end
arch cave2
x 3
y 3
end
arch pstone_1
x 3
y 5
end
arch cave25
x 3
y 5
end
arch pstone_1
x 3
y 6
end
arch cave10
x 3
y 6
end
arch pstone_1
x 3
y 7
end
arch spider_gen
x 3
y 7
end
arch pstone_1
x 3
y 8
end
arch cave2
x 3
y 8
end
arch pstone_1
x 4
end
arch cave4
x 4
end
arch pstone_1
x 4
y 1
end
arch pstone_1
x 4
y 2
end
arch pstone_1
x 4
y 3
end
arch cave2
x 4
y 3
end
arch pstone_1
x 4
y 6
end
arch cave4
x 4
y 6
end
arch pstone_1
x 4
y 7
end
arch spider
x 4
y 7
end
arch pstone_1
x 4
y 8
end
arch cave2
x 4
y 8
end
arch pstone_1
x 4
y 10
end
arch cave_6
x 4
y 10
end
arch pstone_1
x 4
y 11
end
arch cave3
x 4
y 11
end
arch pstone_1
x 4
y 12
end
arch cave23
x 4
y 12
end
arch pstone_1
x 5
end
arch cave4
x 5
end
arch pstone_1
x 5
y 1
end
arch random_bow
x 5
y 1
end
arch generate_ant
x 5
y 1
end
arch pstone_1
x 5
y 2
end
arch pstone_1
x 5
y 3
end
arch cave16
x 5
y 3
end
arch pstone_1
x 5
y 4
end
arch cave3
x 5
y 4
end
arch pstone_1
x 5
y 5
end
arch cave3
x 5
y 5
end
arch pstone_1
x 5
y 6
end
arch cave9
x 5
y 6
end
arch pstone_1
x 5
y 7
end
arch pstone_1
x 5
y 8
end
arch cave12
x 5
y 8
end
arch pstone_1
x 5
y 9
end
arch cave3
x 5
y 9
end
arch pstone_1
x 5
y 10
end
arch cave9
x 5
y 10
end
arch pstone_1
x 5
y 11
end
arch random_wealth
x 5
y 11
end
arch pstone_1
x 5
y 12
end
arch cave12
x 5
y 12
end
arch pstone_1
x 5
y 13
end
arch cave3
x 5
y 13
end
arch pstone_1
x 5
y 14
end
arch cave3
x 5
y 14
end
arch pstone_1
x 5
y 15
end
arch cave3
x 5
y 15
end
arch pstone_1
x 5
y 16
end
arch cave3
x 5
y 16
end
arch pstone_1
x 5
y 17
end
arch cave3
x 5
y 17
end
arch pstone_1
x 5
y 18
end
arch cave23
x 5
y 18
end
arch pstone_1
x 6
end
arch cave4
x 6
end
arch pstone_1
x 6
y 1
end
arch spider_web
x 6
y 1
end
arch pstone_1
x 6
y 2
end
arch spider_web
x 6
y 2
end
arch generate_ant
x 6
y 2
end
arch pstone_1
x 6
y 3
end
arch ant_egg
x 6
y 3
end
arch pstone_1
x 6
y 4
end
arch scorpion
x 6
y 4
end
arch pstone_1
x 6
y 5
end
arch pstone_1
x 6
y 6
end
arch generate_ant
x 6
y 6
end
arch pstone_1
x 6
y 7
end
arch random_plant
x 6
y 7
end
arch pstone_1
x 6
y 8
end
arch pstone_1
x 6
y 9
end
arch pstone_1
x 6
y 10
end
arch spider_web
x 6
y 10
end
arch pstone_1
x 6
y 11
end
arch spider
x 6
y 11
end
arch pstone_1
x 6
y 12
end
arch spider_web
x 6
y 12
end
arch pstone_1
x 6
y 13
end
arch scorpion
x 6
y 13
end
arch pstone_1
x 6
y 14
end
arch spider_gen
x 6
y 14
end
arch pstone_1
x 6
y 15
end
arch generate_ant
x 6
y 15
end
arch pstone_1
x 6
y 16
end
arch pstone_1
x 6
y 17
end
arch random_wealth
x 6
y 17
end
arch pstone_1
x 6
y 18
end
arch cave2
x 6
y 18
end
arch pstone_1
x 7
end
arch cave4
x 7
end
arch pstone_1
x 7
y 1
end
arch pstone_1
x 7
y 2
end
arch cave11
x 7
y 2
end
arch pstone_1
x 7
y 3
end
arch cave1
x 7
y 3
end
arch pstone_1
x 7
y 4
end
arch cave1
x 7
y 4
end
arch pstone_1
x 7
y 5
end
arch cave1
x 7
y 5
end
arch pstone_1
x 7
y 6
end
arch cave10
x 7
y 6
end
arch pstone_1
x 7
y 7
end
arch pstone_1
x 7
y 8
end
arch spider
x 7
y 8
end
arch pstone_1
x 7
y 9
end
arch pstone_1
x 7
y 10
end
arch spider_web
x 7
y 10
end
arch pstone_1
x 7
y 11
end
arch pstone_1
x 7
y 12
end
arch spider
x 7
y 12
end
arch pstone_1
x 7
y 13
end
arch pstone_1
x 7
y 14
end
arch pstone_1
x 7
y 15
end
arch pstone_1
x 7
y 16
end
arch scorpion
x 7
y 16
end
arch pstone_1
x 7
y 17
end
arch random_wealth
x 7
y 17
end
arch pstone_1
x 7
y 18
end
arch cave2
x 7
y 18
end
arch pstone_1
x 8
end
arch cave4
x 8
end
arch pstone_1
x 8
y 1
end
arch pstone_1
x 8
y 2
end
arch cave2
x 8
y 2
end
arch pstone_1
x 8
y 6
end
arch cave4
x 8
y 6
end
arch pstone_1
x 8
y 7
end
arch pstone_1
x 8
y 8
end
arch cave11
x 8
y 8
end
arch pstone_1
x 8
y 9
end
arch cave1
x 8
y 9
end
arch pstone_1
x 8
y 10
end
arch cave10
x 8
y 10
end
arch pstone_1
x 8
y 11
end
arch pstone_1
x 8
y 12
end
arch cave15
x 8
y 12
end
arch pstone_1
x 8
y 13
end
arch cave1
x 8
y 13
end
arch pstone_1
x 8
y 14
end
arch cave1
x 8
y 14
end
arch pstone_1
x 8
y 15
end
arch cave1
x 8
y 15
end
arch pstone_1
x 8
y 16
end
arch cave1
x 8
y 16
end
arch pstone_1
x 8
y 17
end
arch cave1
x 8
y 17
end
arch pstone_1
x 8
y 18
end
arch cave22
x 8
y 18
end
arch pstone_1
x 9
end
arch cave4
x 9
end
arch pstone_1
x 9
y 1
end
arch pstone_1
x 9
y 2
end
arch cave12
x 9
y 2
end
arch pstone_1
x 9
y 3
end
arch cave23
x 9
y 3
end
arch pstone_1
x 9
y 6
end
arch cave4
x 9
y 6
end
arch pstone_1
x 9
y 7
end
arch fly_ant
x 9
y 7
end
arch pstone_1
x 9
y 8
end
arch cave12
x 9
y 8
end
arch pstone_1
x 9
y 9
end
arch cave23
x 9
y 9
end
arch pstone_1
x 9
y 10
end
arch cave25
x 9
y 10
end
arch pstone_1
x 9
y 11
end
arch cave1
x 9
y 11
end
arch pstone_1
x 9
y 12
end
arch cave22
x 9
y 12
end
arch pstone_1
x 9
y 13
end
arch cave_6
x 9
y 13
end
arch pstone_1
x 9
y 14
end
arch cave3
x 9
y 14
end
arch pstone_1
x 9
y 15
end
arch cave23
x 9
y 15
move_block -all
end
arch mover_5
x 9
y 15
move_on walk
end
arch mover_5
x 9
y 16
end
arch mover_5
x 9
y 17
end
arch mover_4
x 9
y 18
end
arch permanent_lava666
x 9
y 19
end
arch pstone_1
x 10
end
arch cave4
x 10
end
arch pstone_1
x 10
y 1
end
arch scorpion
x 10
y 1
end
arch pstone_1
x 10
y 2
end
arch ant_egg
x 10
y 2
end
arch pstone_1
x 10
y 3
end
arch cave2
x 10
y 3
end
arch pstone_1
x 10
y 6
end
arch cave4
x 10
y 6
end
arch pstone_1
x 10
y 7
end
arch pstone_1
x 10
y 8
end
arch pstone_1
x 10
y 9
end
arch cave2
x 10
y 9
end
arch pstone_1
x 10
y 11
end
arch cave_6
x 10
y 11
end
arch pstone_1
x 10
y 12
end
arch cave3
x 10
y 12
end
arch pstone_1
x 10
y 13
end
arch cave9
x 10
y 13
end
arch pstone_1
x 10
y 14
end
arch mover_6
x 10
y 14
move_on walk
end
arch pstone_1
x 10
y 15
end
arch cave12
x 10
y 15
end
arch pstone_1
x 10
y 16
end
arch cave3
x 10
y 16
end
arch pstone_1
x 10
y 17
end
arch cave23
x 10
y 17
end
arch permanent_lava666
x 10
y 18
end
arch permanent_lava666
x 10
y 19
end
arch pstone_1
x 11
end
arch cave4
x 11
end
arch pstone_1
x 11
y 1
end
arch pstone_1
x 11
y 2
end
arch cave11
x 11
y 2
end
arch pstone_1
x 11
y 3
end
arch cave22
x 11
y 3
end
arch pstone_1
x 11
y 5
end
arch cave_6
x 11
y 5
end
arch pstone_1
x 11
y 6
end
arch cave9
x 11
y 6
end
arch pstone_1
x 11
y 7
end
arch pstone_1
x 11
y 8
end
arch cave11
x 11
y 8
end
arch pstone_1
x 11
y 9
end
arch cave22
x 11
y 9
end
arch pstone_1
x 11
y 11
end
arch cave4
x 11
y 11
end
arch pstone_1
x 11
y 12
end
arch mover_5
x 11
y 12
level 1
end
arch pstone_1
x 11
y 13
end
arch mover_5
x 11
y 13
level 1
end
arch button_small
x 11
y 14
connected 667
end
arch magic_mouth
msg
thank you for sending me to heaven, i am on my way to heaven
now.
endmsg
x 11
y 14
connected 667
activate_on_release 0
end
arch pstone_1
x 11
y 14
end
arch mover_7
x 11
y 14
level 1
move_on walk
end
arch pstone_1
x 11
y 15
end
arch swall_1_4
x 11
y 15
end
arch dungeon_magic
x 11
y 15
end
arch pstone_1
x 11
y 16
end
arch key2
name fallen angel's wing
slaying yoshie3.map_1
face bat_wing.111
x 11
y 16
end
arch pstone_1
x 11
y 17
end
arch cave2
x 11
y 17
end
arch pstone_1
x 12
end
arch cave4
x 12
end
arch pstone_1
x 12
y 1
end
arch pstone_1
x 12
y 2
end
arch cave2
x 12
y 2
end
arch pstone_1
x 12
y 5
end
arch cave4
x 12
y 5
end
arch pstone_1
x 12
y 6
end
arch random_food
x 12
y 6
end
arch pstone_1
x 12
y 7
end
arch pstone_1
x 12
y 8
end
arch cave2
x 12
y 8
end
arch pstone_1
x 12
y 11
end
arch cave4
x 12
y 11
end
arch pstone_1
x 12
y 12
end
arch mover_7
x 12
y 12
level 1
move_on walk
end
arch pstone_1
x 12
y 13
end
arch swall_2_2_2
x 12
y 13
end
arch dungeon_magic
x 12
y 13
end
arch pstone_1
x 12
y 14
end
arch swall_2_1_1
x 12
y 14
end
arch dungeon_magic
x 12
y 14
end
arch pstone_1
x 12
y 15
end
arch swall_2_2_4
x 12
y 15
end
arch dungeon_magic
x 12
y 15
end
arch pstone_1
x 12
y 16
end
arch spider_web
x 12
y 16
end
arch pstone_1
x 12
y 17
end
arch cave2
x 12
y 17
end
arch pstone_1
x 13
end
arch cave4
x 13
end
arch pstone_1
x 13
y 1
end
arch random_food
x 13
y 1
end
arch pstone_1
x 13
y 2
end
arch cave2
x 13
y 2
end
arch pstone_1
x 13
y 5
end
arch cave25
x 13
y 5
end
arch pstone_1
x 13
y 6
end
arch cave10
x 13
y 6
end
arch pstone_1
x 13
y 7
end
arch scorpion
x 13
y 7
end
arch pstone_1
x 13
y 8
end
arch cave2
x 13
y 8
end
arch pstone_1
x 13
y 11
end
arch cave4
x 13
y 11
end
arch pstone_1
x 13
y 12
end
arch mover_7
x 13
y 12
level 1
move_on walk
end
arch pstone_1
x 13
y 13
end
arch swall_2_1_2
x 13
y 13
end
arch dungeon_magic
x 13
y 13
end
arch pstone_1
x 13
y 14
end
arch pstone_1
x 13
y 15
end
arch pstone_1
x 13
y 16
end
arch pstone_1
x 13
y 17
end
arch cave2
x 13
y 17
end
arch pstone_1
x 14
end
arch cave4
x 14
end
arch pstone_1
x 14
y 1
end
arch pstone_1
x 14
y 2
end
arch cave2
x 14
y 2
end
arch pstone_1
x 14
y 4
end
arch cave_6
x 14
y 4
end
arch pstone_1
x 14
y 5
end
arch cave3
x 14
y 5
end
arch pstone_1
x 14
y 6
end
arch cave9
x 14
y 6
end
arch pstone_1
x 14
y 7
end
arch pstone_1
x 14
y 8
end
arch cave12
x 14
y 8
end
arch pstone_1
x 14
y 9
end
arch cave3
x 14
y 9
end
arch pstone_1
x 14
y 10
end
arch cave23
x 14
y 10
end
arch pstone_1
x 14
y 11
end
arch cave4
x 14
y 11
end
arch pstone_1
x 14
y 12
end
arch mover_7
x 14
y 12
level 1
move_on walk
end
arch pstone_1
x 14
y 13
end
arch swall_2_1_2
x 14
y 13
end
arch dungeon_magic
x 14
y 13
end
arch pstone_1
x 14
y 14
end
arch pstone_1
x 14
y 15
end
arch pstone_1
x 14
y 16
end
arch pstone_1
x 14
y 17
end
arch cave2
x 14
y 17
end
arch pstone_1
x 15
end
arch cave4
x 15
end
arch pstone_1
x 15
y 1
end
arch pstone_1
x 15
y 2
end
arch cave2
x 15
y 2
end
arch pstone_1
x 15
y 4
end
arch cave4
x 15
y 4
end
arch pstone_1
x 15
y 5
end
arch ant_egg
x 15
y 5
end
arch pstone_1
x 15
y 6
end
arch pstone_1
x 15
y 7
end
arch pstone_1
x 15
y 8
end
arch spider
x 15
y 8
end
arch pstone_1
x 15
y 9
end
arch ant_egg
x 15
y 9
end
arch pstone_1
x 15
y 10
end
arch cave2
x 15
y 10
end
arch pstone_1
x 15
y 11
end
arch cave4
x 15
y 11
end
arch button_small
x 15
y 12
connected 666
end
arch magic_mouth
msg
i could fly now ^^
endmsg
x 15
y 12
connected 666
move_on all
activate_on_release 0
end
arch pstone_1
x 15
y 12
end
arch mover_7
x 15
y 12
level 1
move_on walk
end
arch pstone_1
x 15
y 13
end
arch swall_2_1_2
x 15
y 13
end
arch dungeon_magic
x 15
y 13
end
arch pstone_1
x 15
y 14
end
arch pstone_1
x 15
y 15
end
arch spider_web
x 15
y 15
end
arch pstone_1
x 15
y 16
end
arch pstone_1
x 15
y 17
end
arch cave2
x 15
y 17
end
arch pstone_1
x 16
end
arch cave4
x 16
end
arch pstone_1
x 16
y 1
end
arch spider_web
x 16
y 1
end
arch pstone_1
x 16
y 2
end
arch cave2
x 16
y 2
end
arch pstone_1
x 16
y 4
end
arch cave4
x 16
y 4
end
arch pstone_1
x 16
y 5
end
arch random_wealth
x 16
y 5
end
arch pstone_1
x 16
y 6
end
arch pstone_1
x 16
y 7
end
arch spider
x 16
y 7
end
arch pstone_1
x 16
y 8
end
arch spider_web
x 16
y 8
end
arch pstone_1
x 16
y 9
end
arch random_wealth
x 16
y 9
end
arch pstone_1
x 16
y 10
end
arch cave2
x 16
y 10
end
arch pstone_1
x 16
y 11
end
arch cave4
x 16
y 11
end
arch pstone_1
x 16
y 12
end
arch mover_7
x 16
y 12
level 1
move_on walk
end
arch pstone_1
x 16
y 13
end
arch swall_2_1_2
x 16
y 13
end
arch dungeon_magic
x 16
y 13
end
arch pstone_1
x 16
y 14
end
arch pstone_1
x 16
y 15
end
arch pstone_1
x 16
y 16
end
arch pstone_1
x 16
y 17
end
arch cave2
x 16
y 17
end
arch pstone_1
x 17
end
arch cave4
x 17
end
arch pstone_1
x 17
y 1
end
arch pstone_1
x 17
y 2
end
arch cave2
x 17
y 2
end
arch pstone_1
x 17
y 4
end
arch cave4
x 17
y 4
end
arch pstone_1
x 17
y 5
end
arch spider_web
x 17
y 5
end
arch pstone_1
x 17
y 6
end
arch random_wealth
x 17
y 6
end
arch pstone_1
x 17
y 7
end
arch pstone_1
x 17
y 8
end
arch pstone_1
x 17
y 9
end
arch cave11
x 17
y 9
end
arch pstone_1
x 17
y 10
end
arch cave22
x 17
y 10
end
arch pstone_1
x 17
y 11
end
arch cave4
x 17
y 11
end
arch pstone_1
x 17
y 12
end
arch grate_closed_2
x 17
y 12
invisible 1
connected 10
end
arch mover_7
x 17
y 12
level 1
move_on walk
end
arch pstone_1
x 17
y 13
end
arch swall_2_1_2
x 17
y 13
end
arch dungeon_magic
x 17
y 13
end
arch pstone_1
x 17
y 14
end
arch pstone_1
x 17
y 15
end
arch pstone_1
x 17
y 16
end
arch pstone_1
x 17
y 17
end
arch cave2
x 17
y 17
end
arch pstone_1
x 18
end
arch cave4
x 18
end
arch pstone_1
x 18
y 1
end
arch random_plant
x 18
y 1
end
arch pstone_1
x 18
y 2
end
arch cave2
x 18
y 2
end
arch pstone_1
x 18
y 4
end
arch cave4
x 18
y 4
end
arch pstone_1
x 18
y 5
end
arch ant_egg
x 18
y 5
end
arch pstone_1
x 18
y 6
end
arch fly_ant
x 18
y 6
end
arch pstone_1
x 18
y 7
end
arch ant_egg
x 18
y 7
end
arch pstone_1
x 18
y 8
end
arch fly_ant
x 18
y 8
end
arch pstone_1
x 18
y 9
end
arch cave2
x 18
y 9
end
arch pstone_1
x 18
y 11
end
arch cave4
x 18
y 11
end
arch pstone_1
x 18
y 12
end
arch mover_7
x 18
y 12
level 1
move_on all
end
arch whim
name probationary angel
msg
@match give it
@find name="probationary angel's wing" in inv
@cond @$find
@eval $find->[0]->decrease
@trigger 20
Thank you thank you thank you so very much!

@match *
@check name="probationary angel's wing" in inv
Oh my, you have found my wing, I can see it, there, on your back!

Please please please give it to me! <wiggles around nervously>

@match thieves
Yes! The evil thieves can cast spells and
maybe few of them can even make things invisible!

Ooooh, maybe they even made my wing invisible. <sobs a bit>

@match lost
I lost my left wing while I swam in the pool
and the thieves came back from their treasure
hunting. They saw me swimming then, but I quickly
ran away.

Unfortunately I had no way out so I broke through the
window and dug a hole, hoping somebody would find me so they
could help me out with my missing wing.

@match back
I have no power left to get back to heaven without my wings to fly...

<sobs a bit>

@match gate
Yes, I locked myself to make sure no monsters can come inside.

@match yes
Thank you so much! Please be sure that it really is my wing, because
there is another wing, but it is a wing of a fallen angel!

Could you bring my missing wing and put it where you stand?

@match no
Uhohoh... can you ask somebody else to help me then?

@match *
Please help me! I cannot fly because I lost
my wing in the thieves' hiding place!

Can you get it for me so I can go back
to heaven?
endmsg
x 18
y 12
move_type -all walk
unaggressive 1
stand_still 1
end
arch pstone_1
x 18
y 13
end
arch ggate_closed
name gate
x 18
y 13
end
arch dungeon_magic
x 18
y 13
end
arch pstone_1
x 18
y 14
end
arch pstone_1
x 18
y 15
end
arch pstone_1
x 18
y 16
end
arch pstone_1
x 18
y 17
end
arch cave2
x 18
y 17
end
arch pstone_1
x 19
end
arch cave4
x 19
end
arch pstone_1
x 19
y 1
end
arch pstone_1
x 19
y 2
end
arch cave2
x 19
y 2
end
arch pstone_1
x 19
y 4
end
arch cave25
x 19
y 4
end
arch pstone_1
x 19
y 5
end
arch cave1
x 19
y 5
end
arch pstone_1
x 19
y 6
end
arch cave1
x 19
y 6
end
arch pstone_1
x 19
y 7
end
arch cave1
x 19
y 7
end
arch pstone_1
x 19
y 8
end
arch cave1
x 19
y 8
end
arch pstone_1
x 19
y 9
end
arch cave22
x 19
y 9
end
arch pstone_1
x 19
y 11
end
arch cave4
x 19
y 11
end
arch pstone_1
x 19
y 12
end
arch swall_2_1_1
x 19
y 12
end
arch dungeon_magic
x 19
y 12
end
arch pstone_1
x 19
y 13
end
arch swall_2_2_4
x 19
y 13
end
arch dungeon_magic
x 19
y 13
end
arch pstone_1
x 19
y 14
end
arch pstone_1
x 19
y 15
end
arch pstone_1
x 19
y 16
end
arch pstone_1
x 19
y 17
end
arch cave2
x 19
y 17
end
arch pstone_1
x 20
end
arch cave4
x 20
end
arch pstone_1
x 20
y 1
end
arch pstone_1
x 20
y 2
end
arch cave2
x 20
y 2
end
arch pstone_1
x 20
y 4
end
arch cave_6
x 20
y 4
end
arch pstone_1
x 20
y 5
end
arch cave3
x 20
y 5
end
arch torch_cyan
x 20
y 5
end
arch pstone_1
x 20
y 6
end
arch cave23
x 20
y 6
end
arch pstone_1
x 20
y 11
end
arch cave4
x 20
y 11
end
arch pstone_1
x 20
y 12
end
arch random_potion
x 20
y 12
end
arch pstone_1
x 20
y 13
end
arch spider_web
x 20
y 13
end
arch pstone_1
x 20
y 14
end
arch pstone_1
x 20
y 15
end
arch pstone_1
x 20
y 16
end
arch spider_web
x 20
y 16
end
arch pstone_1
x 20
y 17
end
arch cave2
x 20
y 17
end
arch pstone_1
x 21
end
arch cave4
x 21
end
arch pstone_1
x 21
y 1
end
arch fly_ant
x 21
y 1
end
arch pstone_1
x 21
y 2
end
arch cave12
x 21
y 2
end
arch pstone_1
x 21
y 3
end
arch cave3
x 21
y 3
end
arch pstone_1
x 21
y 4
end
arch cave9
x 21
y 4
end
arch pstone_1
x 21
y 5
end
arch ant_egg
x 21
y 5
end
arch pstone_1
x 21
y 6
end
arch cave12
x 21
y 6
end
arch pstone_1
x 21
y 7
end
arch cave3
x 21
y 7
end
arch pstone_1
x 21
y 8
end
arch cave3
x 21
y 8
end
arch torch_cyan
x 21
y 8
end
arch pstone_1
x 21
y 9
end
arch cave3
x 21
y 9
end
arch pstone_1
x 21
y 10
end
arch cave3
x 21
y 10
end
arch pstone_1
x 21
y 11
end
arch cave9
x 21
y 11
end
arch torch_cyan
x 21
y 11
end
arch pstone_1
x 21
y 12
end
arch pstone_1
x 21
y 13
end
arch pstone_1
x 21
y 14
end
arch pstone_1
x 21
y 15
end
arch pstone_1
x 21
y 16
end
arch pstone_1
x 21
y 17
end
arch cave2
x 21
y 17
end
arch pstone_1
x 22
end
arch cave4
x 22
end
arch pstone_1
x 22
y 1
end
arch fly_ant
x 22
y 1
end
arch pstone_1
x 22
y 2
end
arch fly_ant
x 22
y 2
end
arch pstone_1
x 22
y 3
end
arch spider_web
x 22
y 3
end
arch pstone_1
x 22
y 4
end
arch pstone_1
x 22
y 5
end
arch pstone_1
x 22
y 6
end
arch pstone_1
x 22
y 7
end
arch pstone_1
x 22
y 8
end
arch random_plant
x 22
y 8
end
arch pstone_1
x 22
y 9
end
arch pstone_1
x 22
y 10
end
arch pstone_1
x 22
y 11
end
arch spider_web
x 22
y 11
end
arch pstone_1
x 22
y 12
end
arch pstone_1
x 22
y 13
end
arch pstone_1
x 22
y 14
end
arch pstone_1
x 22
y 15
end
arch generate_ant
x 22
y 15
end
arch pstone_1
x 22
y 16
end
arch random_wealth
x 22
y 16
end
arch pstone_1
x 22
y 17
end
arch cave2
x 22
y 17
end
arch pstone_1
x 23
end
arch cave25
x 23
end
arch pstone_1
x 23
y 1
end
arch cave1
x 23
y 1
end
arch pstone_1
x 23
y 2
end
arch cave1
x 23
y 2
end
arch pstone_1
x 23
y 3
end
arch cave1
x 23
y 3
end
arch pstone_1
x 23
y 4
end
arch cave1
x 23
y 4
end
arch pstone_1
x 23
y 5
end
arch cave1
x 23
y 5
end
arch pstone_1
x 23
y 6
end
arch cave1
x 23
y 6
end
arch pstone_1
x 23
y 7
end
arch cave14
x 23
y 7
end
arch pstone_1
x 23
y 8
end
arch ant_egg
x 23
y 8
end
arch pstone_1
x 23
y 9
end
arch cave15
x 23
y 9
end
arch pstone_1
x 23
y 10
end
arch cave1
x 23
y 10
end
arch pstone_1
x 23
y 11
end
arch cave1
x 23
y 11
end
arch torch_cyan
x 23
y 11
end
arch pstone_1
x 23
y 12
end
arch cave1
x 23
y 12
end
arch pstone_1
x 23
y 13
end
arch cave1
x 23
y 13
end
arch torch_cyan
x 23
y 13
end
arch pstone_1
x 23
y 14
end
arch cave1
x 23
y 14
end
arch pstone_1
x 23
y 15
end
arch cave1
x 23
y 15
end
arch torch_cyan
x 23
y 15
end
arch pstone_1
x 23
y 16
end
arch cave1
x 23
y 16
end
arch pstone_1
x 23
y 17
end
arch cave22
x 23
y 17
end
arch pstone_1
x 24
y 7
end
arch cave25
x 24
y 7
end
arch pstone_1
x 24
y 8
end
arch cave1
x 24
y 8
end
arch torch_cyan
x 24
y 8
end
arch pstone_1
x 24
y 9
end
arch cave22
x 24
y 9
end
arch blocked
x 24
y 10
end
arch blocked
x 24
y 11
end
arch blocked
x 24
y 12
end
arch blocked
x 24
y 13
end
arch blocked
x 25
y 9
end
arch blocked
x 25
y 10
end
arch spikes_open
x 25
y 11
connected 20
end
arch boulder
x 25
y 11
end
arch button_plate
x 25
y 12
connected 10
end
arch blocked
x 25
y 13
end
arch blocked
x 26
y 10
end
arch blocked
x 26
y 11
end
arch blocked
x 26
y 12
end
arch blocked
x 26
y 13
end
