arch map
name <unnamed>
difficulty 30
width 38
height 35
msg
Modified: 2020-08-23 Acer
endmsg
end
arch grass
end
arch grass
y 1
end
arch woods
y 2
end
arch woods
y 3
end
arch woods
y 4
end
arch grass
y 5
end
arch grass
y 6
end
arch grass
y 7
end
arch grass
y 8
end
arch grass
y 9
end
arch grass
y 10
end
arch grass
y 11
end
arch grass
y 12
end
arch grass
y 13
end
arch grass
y 14
end
arch grass
y 15
end
arch grass
y 16
end
arch grass
y 17
end
arch grass
y 18
end
arch grass
y 19
end
arch grass
y 20
end
arch grass
y 21
end
arch grass
y 22
end
arch grass
y 23
end
arch grass
y 24
end
arch grass
y 25
end
arch grass
y 26
end
arch grass
y 27
end
arch grass
y 28
end
arch grass
y 29
end
arch grass
y 30
end
arch grass
y 31
end
arch grass
y 32
end
arch grass
y 33
end
arch grass
y 34
end
arch grass
x 1
end
arch woods
x 1
y 1
end
arch woods
x 1
y 2
end
arch woods
x 1
y 3
end
arch woods
x 1
y 4
end
arch woods
x 1
y 5
end
arch grass
x 1
y 6
end
arch grass
x 1
y 7
end
arch woodfloor
x 1
y 8
end
arch wall_2_2_2
x 1
y 8
end
arch woodfloor
x 1
y 9
end
arch wall_2_1_1
x 1
y 9
end
arch woodfloor
x 1
y 10
end
arch wall_2_1_1
x 1
y 10
end
arch woodfloor
x 1
y 11
end
arch wall_2_2_1
x 1
y 11
end
arch grass
x 1
y 12
end
arch grass
x 1
y 13
end
arch grass
x 1
y 14
end
arch grass
x 1
y 15
end
arch grass
x 1
y 16
end
arch grass
x 1
y 17
end
arch grass
x 1
y 18
end
arch grass
x 1
y 19
end
arch grass
x 1
y 20
end
arch grass
x 1
y 21
end
arch grass
x 1
y 22
end
arch grass
x 1
y 23
end
arch grass
x 1
y 24
end
arch grass
x 1
y 25
end
arch grass
x 1
y 26
end
arch grass
x 1
y 27
end
arch grass
x 1
y 28
end
arch grass
x 1
y 29
end
arch grass
x 1
y 30
end
arch grass
x 1
y 31
end
arch grass
x 1
y 32
end
arch grass
x 1
y 33
end
arch grass
x 1
y 34
end
arch woods
x 2
end
arch woods
x 2
y 1
end
arch woods
x 2
y 2
end
arch woods
x 2
y 3
end
arch woods
x 2
y 4
end
arch woods
x 2
y 5
end
arch grass
x 2
y 6
end
arch grass
x 2
y 7
end
arch dungeon_magic
x 2
y 8
end
arch woodfloor
x 2
y 8
end
arch wall_2_1_2
x 2
y 8
end
arch woodfloor
x 2
y 9
end
arch random_potion
x 2
y 9
end
arch woodfloor
x 2
y 10
end
arch thief_1
x 2
y 10
end
arch woodfloor
x 2
y 11
end
arch wall_2_1_2
x 2
y 11
end
arch grass
x 2
y 12
end
arch grass
x 2
y 13
end
arch grass
x 2
y 14
end
arch grass
x 2
y 15
end
arch grass
x 2
y 16
end
arch grass
x 2
y 17
end
arch grass
x 2
y 18
end
arch grass
x 2
y 19
end
arch grass
x 2
y 20
end
arch grass
x 2
y 21
end
arch grass
x 2
y 22
end
arch grass
x 2
y 23
end
arch grass
x 2
y 24
end
arch grass
x 2
y 25
end
arch grass
x 2
y 26
end
arch grass
x 2
y 27
end
arch grass
x 2
y 28
end
arch grass
x 2
y 29
end
arch grass
x 2
y 30
end
arch grass
x 2
y 31
end
arch grass
x 2
y 32
end
arch grass
x 2
y 33
end
arch grass
x 2
y 34
end
arch woods
x 3
end
arch woods
x 3
y 1
end
arch woods
x 3
y 2
end
arch woodfloor
x 3
y 3
end
arch wall_2_2_2
x 3
y 3
end
arch woodfloor2
x 3
y 4
end
arch wall_2_1_1
x 3
y 4
end
arch woodfloor
x 3
y 5
end
arch wall_2_1_1
x 3
y 5
end
arch woodfloor2
x 3
y 6
end
arch wall_2_1_1
x 3
y 6
end
arch woodfloor
x 3
y 7
end
arch wall_2_1_1
x 3
y 7
end
arch woodfloor2
x 3
y 8
end
arch wall_3_4
x 3
y 8
end
arch woodfloor
x 3
y 9
end
arch wall_2_2_1
x 3
y 9
end
arch woodfloor
x 3
y 10
end
arch woodfloor
x 3
y 11
end
arch wall_2_2_3
x 3
y 11
end
arch woodfloor
x 3
y 12
end
arch wall_3_2
x 3
y 12
end
arch woodfloor2
x 3
y 13
end
arch wall_2_1_1
x 3
y 13
end
arch woodfloor
x 3
y 14
end
arch wall_2_1_1
x 3
y 14
end
arch woodfloor2
x 3
y 15
end
arch wall_2_1_1
x 3
y 15
end
arch woodfloor
x 3
y 16
end
arch wall_2_1_1
x 3
y 16
end
arch woodfloor
x 3
y 17
end
arch window_win1
x 3
y 17
end
arch woodfloor
x 3
y 18
end
arch wall_2_1_1
x 3
y 18
end
arch woodfloor
x 3
y 19
end
arch wall_2_1_1
x 3
y 19
end
arch woodfloor
x 3
y 20
end
arch wall_2_1_1
x 3
y 20
end
arch woodfloor
x 3
y 21
end
arch wall_2_1_1
x 3
y 21
end
arch woodfloor
x 3
y 22
end
arch wall_2_1_1
x 3
y 22
end
arch woodfloor
x 3
y 23
end
arch wall_2_1_1
x 3
y 23
end
arch woodfloor
x 3
y 24
end
arch wall_2_1_1
x 3
y 24
end
arch woodfloor
x 3
y 25
end
arch window_win1
x 3
y 25
end
arch woodfloor
x 3
y 26
end
arch wall_2_1_1
x 3
y 26
end
arch woodfloor
x 3
y 27
end
arch wall_2_1_1
x 3
y 27
end
arch woodfloor2
x 3
y 28
end
arch wall_2_1_1
x 3
y 28
end
arch woodfloor
x 3
y 29
end
arch wall_2_1_1
x 3
y 29
end
arch woodfloor
x 3
y 30
end
arch wall_2_2_1
x 3
y 30
end
arch grass
x 3
y 31
end
arch grass
x 3
y 32
end
arch grass
x 3
y 33
end
arch grass
x 3
y 34
end
arch grass
x 4
end
arch grass
x 4
y 1
end
arch woods
x 4
y 2
end
arch woodfloor2
x 4
y 3
end
arch wall_2_1_2
x 4
y 3
end
arch woodfloor
x 4
y 4
end
arch random_wealth
hp 5
x 4
y 4
end
arch woodfloor2
x 4
y 5
end
arch bed_1
x 4
y 5
end
arch woodfloor
x 4
y 6
end
arch woodfloor2
x 4
y 7
end
arch woodfloor
x 4
y 8
end
arch woodfloor
x 4
y 9
end
arch wall_2_1_2
x 4
y 9
end
arch woodfloor
x 4
y 10
end
arch woodfloor
x 4
y 11
end
arch woodfloor
x 4
y 12
end
arch wall_2_1_2
x 4
y 12
end
arch woodfloor
x 4
y 13
end
arch woodfloor2
x 4
y 14
end
arch woodfloor
x 4
y 15
end
arch thief_1
x 4
y 15
end
arch woodfloor2
x 4
y 16
end
arch woodfloor
x 4
y 17
end
arch woodfloor
x 4
y 18
end
arch woodfloor
x 4
y 19
end
arch woodfloor
x 4
y 20
end
arch woodfloor
x 4
y 21
end
arch woodfloor
x 4
y 22
end
arch woodfloor
x 4
y 23
end
arch woodfloor
x 4
y 24
end
arch woodfloor
x 4
y 25
end
arch woodfloor
x 4
y 26
end
arch woodfloor2
x 4
y 27
end
arch woodfloor
x 4
y 28
end
arch thief_1
x 4
y 28
end
arch woodfloor2
x 4
y 29
end
arch woodfloor
x 4
y 30
end
arch wall_2_1_2
x 4
y 30
end
arch grass
x 4
y 31
end
arch grass
x 4
y 32
end
arch grass
x 4
y 33
end
arch grass
x 4
y 34
end
arch grass
x 5
end
arch woods
x 5
y 1
end
arch woods
x 5
y 2
end
arch woodfloor
x 5
y 3
end
arch wall_2_1_2
x 5
y 3
end
arch woodfloor2
x 5
y 4
end
arch random_wealth
hp 5
x 5
y 4
end
arch woodfloor
x 5
y 5
end
arch woodfloor2
x 5
y 6
end
arch woodfloor
x 5
y 7
end
arch dungeon_magic
x 5
y 8
end
arch woodfloor2
x 5
y 8
end
arch wall_2_2_2
x 5
y 8
end
arch woodfloor
x 5
y 9
end
arch wall_2_2_4
x 5
y 9
end
arch woodfloor
x 5
y 10
end
arch woodfloor
x 5
y 11
end
arch woodfloor
x 5
y 12
end
arch wall_2_1_2
x 5
y 12
end
arch woodfloor
x 5
y 13
end
arch woodfloor
x 5
y 14
end
arch woodfloor2
x 5
y 15
end
arch woodfloor
x 5
y 16
end
arch woodfloor2
x 5
y 17
end
arch thief_1
x 5
y 17
end
arch woodfloor
x 5
y 18
end
arch woodfloor
x 5
y 19
end
arch woodfloor
x 5
y 20
end
arch woodfloor
x 5
y 21
end
arch woodfloor
x 5
y 22
end
arch woodfloor
x 5
y 23
end
arch woodfloor
x 5
y 24
end
arch woodfloor
x 5
y 25
end
arch woodfloor2
x 5
y 26
end
arch woodfloor
x 5
y 27
end
arch woodfloor2
x 5
y 28
end
arch woodfloor
x 5
y 29
end
arch woodfloor
x 5
y 30
end
arch wall_2_1_2
x 5
y 30
end
arch grass
x 5
y 31
end
arch grass
x 5
y 32
end
arch grass
x 5
y 33
end
arch grass
x 5
y 34
end
arch woods
x 6
end
arch woods
x 6
y 1
end
arch woods
x 6
y 2
end
arch woodfloor2
x 6
y 3
end
arch wall_2_1_2
x 6
y 3
end
arch woodfloor
x 6
y 4
end
arch random_wealth
hp 5
x 6
y 4
end
arch woodfloor2
x 6
y 5
end
arch woodfloor
x 6
y 6
end
arch table_burl_3
x 6
y 6
end
arch ring_of_thieves
x 6
y 6
end
arch woodfloor2
x 6
y 7
end
arch woodfloor
x 6
y 8
end
arch wall_1_3
x 6
y 8
end
arch woodfloor2
x 6
y 9
end
arch random_potion
x 6
y 9
end
arch woodfloor
x 6
y 10
end
arch woodfloor
x 6
y 11
end
arch woodfloor
x 6
y 12
end
arch wall_2_1_2
x 6
y 12
end
arch woodfloor
x 6
y 13
end
arch woodfloor
x 6
y 14
end
arch woodfloor
x 6
y 15
end
arch woodfloor2
x 6
y 16
end
arch woodfloor
x 6
y 17
end
arch woodfloor2
x 6
y 18
end
arch woodfloor
x 6
y 19
end
arch woodfloor
x 6
y 20
end
arch woodfloor
x 6
y 21
end
arch woodfloor
x 6
y 22
end
arch thief_1
x 6
y 22
end
arch woodfloor
x 6
y 23
end
arch woodfloor
x 6
y 24
end
arch woodfloor2
x 6
y 25
end
arch woodfloor
x 6
y 26
end
arch woodfloor2
x 6
y 27
end
arch woodfloor
x 6
y 28
end
arch woodfloor
x 6
y 29
end
arch woodfloor
x 6
y 30
end
arch wall_2_1_2
x 6
y 30
end
arch grass
x 6
y 31
end
arch grass
x 6
y 32
end
arch grass
x 6
y 33
end
arch grass
x 6
y 34
end
arch woods
x 7
end
arch grass
x 7
y 1
end
arch woods
x 7
y 2
end
arch woodfloor
x 7
y 3
end
arch wall_2_1_2
x 7
y 3
end
arch woodfloor2
x 7
y 4
end
arch random_wealth
hp 5
x 7
y 4
end
arch woodfloor
x 7
y 5
end
arch random_wealth
x 7
y 5
end
arch woodfloor2
x 7
y 6
end
arch chair_wv_1.1
x 7
y 6
end
arch woodfloor
x 7
y 7
end
arch woodfloor2
x 7
y 8
end
arch locked_door1
name acquired goods room
slaying yoshie2.map_2
x 7
y 8
blocksview 1
end
arch woodfloor
x 7
y 9
end
arch woodfloor2
x 7
y 10
end
arch woodfloor
x 7
y 11
end
arch woodfloor
x 7
y 12
end
arch wall_2_1_2
x 7
y 12
end
arch wallclock
x 7
y 12
end
arch woodfloor
x 7
y 13
end
arch woodfloor
x 7
y 14
end
arch woodfloor
x 7
y 15
end
arch woodfloor
x 7
y 16
end
arch woodfloor2
x 7
y 17
end
arch swall_2_2_2
x 7
y 17
end
arch woodfloor
x 7
y 18
end
arch swall_2_1_1
x 7
y 18
end
arch woodfloor2
x 7
y 19
end
arch swall_2_1_1
x 7
y 19
end
arch woodfloor
x 7
y 20
end
arch swall_2_1_1
x 7
y 20
end
arch woodfloor
x 7
y 21
end
arch swall_2_1_1
x 7
y 21
end
arch woodfloor
x 7
y 22
end
arch swall_2_1_1
x 7
y 22
end
arch woodfloor
x 7
y 23
end
arch swall_2_1_1
x 7
y 23
end
arch woodfloor
x 7
y 24
end
arch swall_2_1_1
x 7
y 24
end
arch woodfloor
x 7
y 25
end
arch swall_2_1_1
x 7
y 25
end
arch woodfloor2
x 7
y 26
end
arch swall_2_2_1
x 7
y 26
end
arch woodfloor
x 7
y 27
end
arch woodfloor
x 7
y 28
end
arch thief_1
x 7
y 28
end
arch woodfloor
x 7
y 29
end
arch woodfloor
x 7
y 30
end
arch wall_2_1_2
x 7
y 30
end
arch grass
x 7
y 31
end
arch grass
x 7
y 32
end
arch grass
x 7
y 33
end
arch grass
x 7
y 34
end
arch grass
x 8
end
arch woods
x 8
y 1
end
arch woods
x 8
y 2
end
arch woodfloor2
x 8
y 3
end
arch wall_2_1_2
x 8
y 3
end
arch woodfloor
x 8
y 4
end
arch clock_ag
x 8
y 4
end
arch woodfloor2
x 8
y 5
end
arch random_wealth
x 8
y 5
end
arch woodfloor
x 8
y 6
end
arch woodfloor2
x 8
y 7
end
arch woodfloor
x 8
y 8
end
arch wall_1_4
x 8
y 8
end
arch woodfloor2
x 8
y 9
end
arch thief_1
x 8
y 9
end
arch woodfloor
x 8
y 10
end
arch woodfloor
x 8
y 11
end
arch woodfloor
x 8
y 12
end
arch wall_2_1_2
x 8
y 12
end
arch woodfloor
x 8
y 13
end
arch thief_1
x 8
y 13
end
arch woodfloor
x 8
y 14
end
arch table_3
x 8
y 14
end
arch woodfloor
x 8
y 15
end
arch woodfloor
x 8
y 16
end
arch woodfloor
x 8
y 17
end
arch swall_2_1_2
x 8
y 17
end
arch woodfloor
x 8
y 18
end
arch chair_gv_1.1
x 8
y 18
end
arch woodfloor
x 8
y 19
end
arch woodfloor
x 8
y 20
end
arch dungeon_floor
x 8
y 21
end
arch woodfloor
x 8
y 22
end
arch woodfloor
x 8
y 23
end
arch dungeon_floor
x 8
y 24
end
arch woodfloor
x 8
y 25
end
arch woodfloor
x 8
y 26
end
arch swall_2_1_2
x 8
y 26
end
arch woodfloor
x 8
y 27
end
arch woodfloor
x 8
y 28
end
arch woodfloor
x 8
y 29
end
arch woodfloor
x 8
y 30
end
arch wall_2_1_2
x 8
y 30
end
arch grass
x 8
y 31
end
arch grass
x 8
y 32
end
arch grass
x 8
y 33
end
arch grass
x 8
y 34
end
arch woods
x 9
end
arch woods
x 9
y 1
end
arch woods
x 9
y 2
end
arch woodfloor
x 9
y 3
end
arch wall_3_3
x 9
y 3
end
arch woodfloor2
x 9
y 4
end
arch wall_2_1_1
x 9
y 4
end
arch woodfloor
x 9
y 5
end
arch wall_2_1_1
x 9
y 5
end
arch woodfloor2
x 9
y 6
end
arch wall_2_1_1
x 9
y 6
end
arch woodfloor
x 9
y 7
end
arch wall_2_1_1
x 9
y 7
end
arch woodfloor2
x 9
y 8
end
arch wall_3_4
x 9
y 8
end
arch woodfloor2
x 9
y 9
end
arch wall_2_1_1
x 9
y 9
end
arch woodfloor2
x 9
y 10
end
arch wall_2_1_1
x 9
y 10
end
arch woodfloor2
x 9
y 11
end
arch wall_2_1_1
x 9
y 11
move_block 0
end
arch dungeon_magic
x 9
y 12
end
arch woodfloor2
x 9
y 12
end
arch wall_3_4
x 9
y 12
end
arch woodfloor2
x 9
y 13
end
arch wall_2_1_1
x 9
y 13
end
arch woodfloor
x 9
y 14
end
arch wall_2_2_1
x 9
y 14
end
arch woodfloor
x 9
y 15
end
arch woodfloor
x 9
y 16
end
arch woodfloor
x 9
y 17
end
arch swall_2_1_2
x 9
y 17
end
arch woodfloor
x 9
y 18
end
arch woodfloor
x 9
y 19
end
arch dungeon_floor
x 9
y 20
end
arch sea
name pool
x 9
y 21
move_block -walk -fly_low
end
arch dungeon_floor
x 9
y 22
end
arch woodfloor
x 9
y 23
end
arch dungeon_floor
x 9
y 24
end
arch woodfloor
x 9
y 25
end
arch woodfloor
x 9
y 26
end
arch swall_2_1_2
x 9
y 26
end
arch woodfloor
x 9
y 27
end
arch woodfloor
x 9
y 28
end
arch woodfloor
x 9
y 29
end
arch woodfloor
x 9
y 30
end
arch wall_2_2_3
x 9
y 30
end
arch woodfloor
x 9
y 31
end
arch wall_2_2_1
x 9
y 31
end
arch grass
x 9
y 32
end
arch grass
x 9
y 33
end
arch grass
x 9
y 34
end
arch woods
x 10
end
arch woods
x 10
y 1
end
arch grass
x 10
y 2
end
arch woodfloor
x 10
y 3
end
arch wall_2_1_2
x 10
y 3
end
arch woodfloor
x 10
y 4
end
arch bed_1
x 10
y 4
end
arch woodfloor
x 10
y 5
end
arch pix_wing
x 10
y 5
end
arch woodfloor
x 10
y 6
end
arch woodfloor
x 10
y 7
end
arch woodfloor2
x 10
y 8
end
arch woodfloor2
x 10
y 9
end
arch woodfloor2
x 10
y 10
end
arch woodfloor2
x 10
y 11
end
arch woodfloor2
x 10
y 12
end
arch woodfloor
x 10
y 13
end
arch wall_1_1
x 10
y 13
end
arch woodfloor
x 10
y 14
end
arch wall_2_2_4
x 10
y 14
end
arch woodfloor
x 10
y 15
end
arch woodfloor
x 10
y 16
end
arch woodfloor
x 10
y 17
end
arch swall_2_1_2
x 10
y 17
end
arch woodfloor
x 10
y 18
end
arch dungeon_floor
x 10
y 19
end
arch sea
name pool
x 10
y 20
move_block -walk -fly_low
end
arch sea
name pool
x 10
y 21
move_block -walk -fly_low
end
arch thief_1
x 10
y 21
end
arch sea
name pool
x 10
y 22
move_block -walk -fly_low
end
arch dungeon_floor
x 10
y 23
end
arch woodfloor
x 10
y 24
end
arch woodfloor
x 10
y 25
end
arch woodfloor
x 10
y 26
end
arch swall_2_1_2
x 10
y 26
end
arch woodfloor
x 10
y 27
end
arch woodfloor
x 10
y 28
end
arch woodfloor
x 10
y 29
end
arch woodfloor
x 10
y 30
end
arch thief_1
name patroling thief
x 10
y 30
monster 0
stand_still 1
end
arch woodfloor
x 10
y 31
end
arch window_win2
x 10
y 31
end
arch grass
x 10
y 32
end
arch grass
x 10
y 33
end
arch grass
x 10
y 34
end
arch grass
x 11
end
arch woods
x 11
y 1
end
arch grass
x 11
y 2
end
arch woodfloor
x 11
y 3
end
arch wall_2_1_2
x 11
y 3
end
arch woodfloor
x 11
y 4
end
arch chest
x 11
y 4
end
arch woodfloor
x 11
y 5
end
arch woodfloor
x 11
y 6
end
arch bed_1
x 11
y 6
end
arch woodfloor
x 11
y 7
end
arch woodfloor2
x 11
y 8
end
arch wall_2_2_2
x 11
y 8
end
arch woodfloor2
x 11
y 9
end
arch wall_2_1_1
x 11
y 9
end
arch woodfloor2
x 11
y 10
end
arch wall_2_1_1
x 11
y 10
end
arch woodfloor2
x 11
y 11
end
arch wall_2_1_1
x 11
y 11
end
arch woodfloor2
x 11
y 12
end
arch wall_2_2_1
x 11
y 12
end
arch woodfloor2
x 11
y 13
end
arch woodfloor
x 11
y 14
end
arch woodfloor
x 11
y 15
end
arch woodfloor
x 11
y 16
end
arch woodfloor
x 11
y 17
end
arch swall_2_1_2
x 11
y 17
end
arch woodfloor
x 11
y 18
end
arch dungeon_floor
x 11
y 19
end
arch sea
name pool
x 11
y 20
move_block -walk -fly_low
end
arch sea
name pool
x 11
y 21
move_block -walk -fly_low
end
arch sea
name pool
x 11
y 22
move_block -walk -fly_low
end
arch thief_1
x 11
y 22
end
arch dungeon_floor
x 11
y 23
end
arch woodfloor
x 11
y 24
end
arch woodfloor
x 11
y 25
end
arch swall_2_2_2
x 11
y 25
end
arch woodfloor
x 11
y 26
end
arch swall_2_2_4
x 11
y 26
end
arch woodfloor
x 11
y 27
end
arch woodfloor
x 11
y 28
end
arch woodfloor
x 11
y 29
end
arch woodfloor
x 11
y 30
end
arch wall_2_2_2
x 11
y 30
end
arch woodfloor
x 11
y 31
end
arch wall_2_2_4
x 11
y 31
end
arch grass
x 11
y 32
end
arch grass
x 11
y 33
end
arch grass
x 11
y 34
end
arch grass
x 12
end
arch grass
x 12
y 1
end
arch grass
x 12
y 2
end
arch dungeon_magic
x 12
y 3
end
arch woodfloor
x 12
y 3
end
arch wall_3_3
x 12
y 3
end
arch woodfloor
x 12
y 4
end
arch wall_2_1_1
x 12
y 4
end
arch woodfloor
x 12
y 5
end
arch wall_2_1_1
x 12
y 5
end
arch woodfloor
x 12
y 6
end
arch wall_1_2
x 12
y 6
end
arch woodfloor
x 12
y 7
end
arch woodfloor
x 12
y 8
end
arch wall_2_1_2
x 12
y 8
end
arch woodfloor
x 12
y 9
end
arch bed_1
x 12
y 9
end
arch thief_1
name greatest thief
hp 1500
maxhp 1500
sp 75
maxsp 75
exp 1000
dam 25
wc 20
ac 5
x 12
y 9
invisible 1
see_invisible 1
can_cast_spell 1
can_use_bow 1
arch spell_create_bomb
end
arch spell_create_missile
end
arch random_scroll
end
arch random_weapon
end
arch spell_improved_invisibility
end
end
arch woodfloor
x 12
y 10
end
arch woodfloor
x 12
y 11
end
arch woodfloor
x 12
y 12
end
arch wall_1_3
x 12
y 12
end
arch woodfloor
x 12
y 13
end
arch woodfloor
x 12
y 14
end
arch woodfloor
x 12
y 15
end
arch woodfloor
x 12
y 16
end
arch woodfloor
x 12
y 17
end
arch swall_2_1_2
x 12
y 17
end
arch woodfloor
x 12
y 18
end
arch woodfloor
x 12
y 19
end
arch dungeon_floor
x 12
y 20
end
arch sea
name pool
x 12
y 21
move_block -walk -fly_low
end
arch thief_1
x 12
y 21
end
arch dungeon_floor
x 12
y 22
end
arch woodfloor
x 12
y 23
end
arch dungeon_floor
x 12
y 24
end
arch dungeon_magic
x 12
y 25
end
arch woodfloor
x 12
y 25
end
arch swall_2_2_3
x 12
y 25
end
arch woodfloor
x 12
y 26
end
arch swall_2_2_1
x 12
y 26
end
arch woodfloor
x 12
y 27
end
arch woodfloor
x 12
y 28
end
arch woodfloor
x 12
y 29
end
arch woodfloor
x 12
y 30
end
arch wall_2_1_2
x 12
y 30
end
arch grass
x 12
y 31
end
arch grass
x 12
y 32
end
arch grass
x 12
y 33
end
arch grass
x 12
y 34
end
arch grass
x 13
end
arch grass
x 13
y 1
end
arch grass
x 13
y 2
end
arch woodfloor
x 13
y 3
end
arch wall_2_1_2
x 13
y 3
end
arch woodfloor
x 13
y 4
end
arch chest
x 13
y 4
end
arch woodfloor
x 13
y 5
end
arch chest
x 13
y 5
end
arch woodfloor
x 13
y 6
end
arch woodfloor
x 13
y 7
end
arch woodfloor
x 13
y 8
end
arch wall_2_1_2
x 13
y 8
end
arch woodfloor
x 13
y 9
end
arch bed_1
x 13
y 9
end
arch woodfloor
x 13
y 10
end
arch thief_1
name greatest thief
hp 1500
maxhp 1500
sp 75
maxsp 75
exp 1000
dam 25
wc 20
ac 5
x 13
y 10
invisible 1
see_invisible 1
can_cast_spell 1
can_use_bow 1
arch spell_create_bomb
end
arch spell_create_missile
end
arch random_scroll
end
arch random_weapon
end
arch spell_improved_invisibility
end
arch spell_animate_weapon
end
end
arch woodfloor
x 13
y 11
end
arch woodfloor
x 13
y 12
end
arch woodfloor
x 13
y 13
end
arch woodfloor
x 13
y 14
end
arch woodfloor
x 13
y 15
end
arch woodfloor
x 13
y 16
end
arch woodfloor
x 13
y 17
end
arch swall_2_1_2
x 13
y 17
end
arch woodfloor
x 13
y 18
end
arch chair_gv_1.1
x 13
y 18
end
arch woodfloor
x 13
y 19
end
arch woodfloor
x 13
y 20
end
arch dungeon_floor
x 13
y 21
end
arch woodfloor
x 13
y 22
end
arch woodfloor
x 13
y 23
end
arch dungeon_floor
x 13
y 24
end
arch woodfloor
x 13
y 25
end
arch swall_2_2_2
x 13
y 25
end
arch woodfloor
x 13
y 26
end
arch swall_2_2_4
x 13
y 26
end
arch woodfloor
x 13
y 27
end
arch woodfloor
x 13
y 28
end
arch woodfloor
x 13
y 29
end
arch woodfloor
x 13
y 30
end
arch wall_2_2_3
x 13
y 30
end
arch woodfloor
x 13
y 31
end
arch wall_2_2_1
x 13
y 31
end
arch grass
x 13
y 32
end
arch grass
x 13
y 33
end
arch grass
x 13
y 34
end
arch grass
x 14
end
arch grass
x 14
y 1
end
arch grass
x 14
y 2
end
arch woodfloor
x 14
y 3
end
arch wall_2_1_2
x 14
y 3
end
arch woodfloor
x 14
y 4
end
arch chest
x 14
y 4
end
arch woodfloor
x 14
y 5
end
arch chest
x 14
y 5
end
arch woodfloor
x 14
y 6
end
arch woodfloor
x 14
y 7
end
arch woodfloor
x 14
y 8
end
arch wall_2_1_2
x 14
y 8
end
arch woodfloor
x 14
y 9
end
arch bed_1
x 14
y 9
end
arch thief_1
name greatest thief
hp 1500
maxhp 1500
sp 75
maxsp 75
exp 1000
dam 25
wc 20
ac 5
x 14
y 9
invisible 1
see_invisible 1
can_cast_spell 1
can_use_bow 1
arch spell_create_bomb
end
arch spell_create_missile
end
arch random_scroll
end
arch random_weapon
end
arch spell_improved_invisibility
end
arch spell_animate_weapon
end
end
arch woodfloor
x 14
y 10
end
arch woodfloor
x 14
y 11
end
arch woodfloor
x 14
y 12
end
arch wall_1_4
x 14
y 12
end
arch woodfloor
x 14
y 13
end
arch woodfloor
x 14
y 14
end
arch woodfloor
x 14
y 15
end
arch woodfloor
x 14
y 16
end
arch woodfloor
x 14
y 17
end
arch swall_2_1_2
x 14
y 17
end
arch woodfloor
x 14
y 18
end
arch woodfloor
x 14
y 19
end
arch swall_2_2_2
x 14
y 19
end
arch woodfloor
x 14
y 20
end
arch swall_2_1_1
x 14
y 20
end
arch woodfloor
x 14
y 21
end
arch swall_2_1_1
x 14
y 21
end
arch woodfloor
x 14
y 22
end
arch swall_2_1_1
x 14
y 22
end
arch woodfloor
x 14
y 23
end
arch swall_2_1_1
x 14
y 23
end
arch woodfloor
x 14
y 24
end
arch swall_2_2_1
x 14
y 24
end
arch woodfloor
x 14
y 25
end
arch swall_2_2_3
x 14
y 25
end
arch woodfloor
x 14
y 26
end
arch swall_2_2_1
x 14
y 26
end
arch woodfloor
x 14
y 27
end
arch woodfloor
x 14
y 28
end
arch woodfloor
x 14
y 29
end
arch woodfloor
x 14
y 30
end
arch thief_1
name patorol thief
x 14
y 30
monster 0
unaggressive 1
stand_still 1
end
arch woodfloor
x 14
y 31
end
arch window_win2
x 14
y 31
end
arch grass
x 14
y 32
end
arch grass
x 14
y 33
end
arch grass
x 14
y 34
end
arch woodfloor
x 15
end
arch wall_2_2_2
x 15
end
arch woodfloor2
x 15
y 1
end
arch wall_1_2
x 15
y 1
end
arch woodfloor
x 15
y 2
end
arch locked_darkgray_door2
name back door
slaying yoshie2.map_3
x 15
y 2
blocksview 1
end
arch woodfloor2
x 15
y 3
end
arch wall_2_2_3
x 15
y 3
end
arch woodfloor
x 15
y 4
end
arch wall_2_1_1
x 15
y 4
end
arch woodfloor2
x 15
y 5
end
arch wall_2_1_1
x 15
y 5
end
arch woodfloor2
x 15
y 6
end
arch wall_3_2
x 15
y 6
end
arch woodfloor
x 15
y 7
end
arch wall_2_1_1
x 15
y 7
end
arch dungeon_magic
x 15
y 8
end
arch woodfloor
x 15
y 8
end
arch wall_3_4
x 15
y 8
end
arch woodfloor
x 15
y 9
end
arch wall_2_1_1
x 15
y 9
end
arch woodfloor
x 15
y 10
end
arch wall_2_1_1
x 15
y 10
end
arch woodfloor
x 15
y 11
end
arch wall_2_1_1
x 15
y 11
end
arch woodfloor
x 15
y 12
end
arch wall_3_1
x 15
y 12
end
arch woodfloor
x 15
y 13
end
arch woodfloor
x 15
y 14
end
arch woodfloor
x 15
y 15
end
arch woodfloor
x 15
y 16
end
arch woodfloor
x 15
y 17
end
arch swall_2_1_2
x 15
y 17
end
arch woodfloor
x 15
y 18
end
arch woodfloor
x 15
y 19
end
arch swall_2_1_2
x 15
y 19
end
arch woodfloor
x 15
y 20
end
arch thief_1
name helpful thief
msg
@match key
Ok, I can give you a hint... It is hidden somewhere,
but i dont tell you where. Why should I?

Wahahaha....

@match hi
What? You can't find the key hahaha...

Good for you! You have no need to know!

@match *
Pfff.....

<he ignores you>
endmsg
x 15
y 20
monster 0
stand_still 1
end
arch woodfloor
x 15
y 21
end
arch woodfloor
x 15
y 22
end
arch woodfloor
x 15
y 23
end
arch woodfloor
x 15
y 24
end
arch swall_2_1_2
x 15
y 24
end
arch woodfloor
x 15
y 25
end
arch thief_1
name helpful thief
msg
@match key
Ok, I can give you a hint... It is hidden somewhere,
but i dont tell you where. Why should I?

Wahahaha....

@match hi
What? You can't find the key hahaha...

Good for you! You have no need to know!

@match *
Pfff.....

<he ignores you>
endmsg
x 15
y 25
monster 0
stand_still 1
end
arch woodfloor
x 15
y 26
end
arch woodfloor
x 15
y 27
end
arch woodfloor
x 15
y 28
end
arch wall_2_1_2
x 15
y 28
end
arch dungeon_magic
x 15
y 29
end
arch furious_floor
x 15
y 29
end
arch woodfloor
x 15
y 29
end
arch locked_door2
name fallen angel's wing
slaying yoshie3.map_1
msg
You hurt your nose while walking into some invisible barrier - maybe you need a special item to get past?
H<Maybe you should investigate what happened outside.>

endmsg
face enchantment.111
x 15
y 29
invisible 1
blocksview 1
end
arch woodfloor
x 15
y 30
end
arch wall_2_2_2
x 15
y 30
end
arch woodfloor
x 15
y 31
end
arch wall_2_2_4
x 15
y 31
end
arch grass
x 15
y 32
end
arch grass
x 15
y 33
end
arch grass
x 15
y 34
end
arch woodfloor2
x 16
end
arch wall_2_1_2
x 16
end
arch woodfloor
x 16
y 1
end
arch thief_1
hp 500
maxhp 500
x 16
y 1
end
arch woodfloor2
x 16
y 2
end
arch woodfloor
x 16
y 3
end
arch woodfloor2
x 16
y 4
end
arch thief_1
hp 500
maxhp 500
x 16
y 4
end
arch woodfloor
x 16
y 5
end
arch woodfloor2
x 16
y 6
end
arch wall_1_3
x 16
y 6
end
arch woodfloor
x 16
y 7
end
arch woodfloor
x 16
y 8
end
arch woodfloor
x 16
y 9
end
arch woodfloor
x 16
y 10
end
arch woodfloor
x 16
y 11
end
arch woodfloor
x 16
y 12
end
arch wall_2_1_2
x 16
y 12
end
arch woodfloor
x 16
y 13
end
arch woodfloor
x 16
y 14
end
arch woodfloor
x 16
y 15
end
arch woodfloor
x 16
y 16
end
arch pedestal
x 16
y 16
invisible 1
connected 10
end
arch woodfloor
x 16
y 17
end
arch ggate_closed
x 16
y 17
connected 10
end
arch woodfloor
x 16
y 18
end
arch pedestal
x 16
y 18
invisible 1
connected 10
end
arch woodfloor
x 16
y 19
end
arch swall_2_1_2
x 16
y 19
end
arch woodfloor
x 16
y 20
end
arch woodfloor
x 16
y 21
end
arch chair_cw_1.4
x 16
y 21
end
arch woodfloor
x 16
y 22
end
arch chair_cw_1.4
x 16
y 22
end
arch woodfloor
x 16
y 23
end
arch woodfloor
x 16
y 24
end
arch swall_2_2_3
x 16
y 24
end
arch woodfloor2
x 16
y 25
end
arch swall_2_1_1
x 16
y 25
end
arch woodfloor
x 16
y 26
end
arch swall_3_4
x 16
y 26
end
arch woodfloor
x 16
y 27
end
arch swall_2_1_1
x 16
y 27
end
arch woodfloor
x 16
y 28
end
arch wall_2_1_2
x 16
y 28
end
arch woodfloor
x 16
y 29
end
arch woodfloor
x 16
y 30
end
arch wall_2_1_2
x 16
y 30
end
arch grass
x 16
y 31
end
arch grass
x 16
y 32
end
arch grass
x 16
y 33
end
arch grass
x 16
y 34
end
arch woodfloor
x 17
end
arch wall_2_1_2
x 17
end
arch woodfloor2
x 17
y 1
end
arch bookshelf
x 17
y 1
end
arch woodfloor
x 17
y 2
end
arch woodfloor2
x 17
y 3
end
arch woodfloor
x 17
y 4
end
arch woodfloor2
x 17
y 5
end
arch woodfloor
x 17
y 6
end
arch woodfloor2
x 17
y 7
end
arch woodfloor
x 17
y 8
end
arch thief_1
hp 500
maxhp 500
x 17
y 8
end
arch woodfloor
x 17
y 9
end
arch woodfloor
x 17
y 10
end
arch woodfloor
x 17
y 11
end
arch woodfloor
x 17
y 12
end
arch window_win2
x 17
y 12
end
arch woodfloor
x 17
y 13
end
arch woodfloor
x 17
y 14
end
arch woodfloor
x 17
y 15
end
arch woodfloor
x 17
y 16
end
arch woodfloor
x 17
y 17
end
arch swall_2_2_3
x 17
y 17
end
arch woodfloor
x 17
y 18
end
arch swall_2_1_1
x 17
y 18
end
arch woodfloor
x 17
y 19
end
arch swall_2_2_4
x 17
y 19
end
arch woodfloor
x 17
y 20
end
arch chair_cw_1.1
x 17
y 20
end
arch woodfloor
x 17
y 21
end
arch table_2x2
x 17
y 21
end
arch woodfloor
x 17
y 22
end
arch woodfloor
x 17
y 23
end
arch chair_cw_1.3
x 17
y 23
end
arch woodfloor2
x 17
y 24
end
arch woodfloor
x 17
y 25
end
arch woodfloor2
x 17
y 26
end
arch woodfloor
x 17
y 27
end
arch thief_1
name greatest thief
hp 1500
maxhp 1500
sp 75
maxsp 120
exp 1000
dam 25
wc 20
ac 5
x 17
y 27
invisible 1
see_invisible 1
can_cast_spell 1
can_use_bow 1
arch spell_create_bomb
end
arch spell_improved_invisibility
end
arch key2
name goods locker room
slaying yoshie2.map_2
identified 1
end
arch random_shield
end
arch spell_magic_bullet
end
arch spell_animate_weapon
end
end
arch woodfloor
x 17
y 28
end
arch wall_2_1_2
x 17
y 28
end
arch woodfloor
x 17
y 29
end
arch locked_darkgray_door2
name Thieves Den Door
slaying yoshie2.map_1
x 17
y 29
blocksview 1
end
arch woodfloor
x 17
y 30
end
arch wall_2_2_3
x 17
y 30
end
arch woodfloor
x 17
y 31
end
arch wall_2_2_1
x 17
y 31
end
arch grass
x 17
y 32
end
arch grass
x 17
y 33
end
arch flagstone
x 17
y 34
end
arch exit
slaying /world/world_107_123
hp 21
sp 21
x 17
y 34
end
arch woodfloor2
x 18
end
arch wall_2_1_2
x 18
end
arch woodfloor
x 18
y 1
end
arch bookshelf
x 18
y 1
end
arch woodfloor2
x 18
y 2
end
arch woodfloor
x 18
y 3
end
arch chest
x 18
y 3
end
arch woodfloor2
x 18
y 4
end
arch woodfloor
x 18
y 5
end
arch woodfloor2
x 18
y 6
end
arch woodfloor
x 18
y 7
end
arch woodfloor
x 18
y 8
end
arch woodfloor
x 18
y 9
end
arch woodfloor
x 18
y 10
end
arch woodfloor
x 18
y 11
end
arch woodfloor
x 18
y 12
end
arch wall_2_1_2
x 18
y 12
end
arch woodfloor
x 18
y 13
end
arch woodfloor
x 18
y 14
end
arch woodfloor
x 18
y 15
end
arch woodfloor
x 18
y 16
end
arch woodfloor
x 18
y 17
end
arch woodfloor
x 18
y 18
end
arch woodfloor
x 18
y 19
end
arch woodfloor
x 18
y 20
end
arch chair_cw_1.1
x 18
y 20
end
arch woodfloor
x 18
y 21
end
arch woodfloor
x 18
y 22
end
arch woodfloor
x 18
y 23
end
arch chair_cw_1.3
x 18
y 23
end
arch woodfloor
x 18
y 24
end
arch woodfloor2
x 18
y 25
end
arch wall_2_2_2
x 18
y 25
end
arch woodfloor
x 18
y 26
end
arch wall_2_1_1
x 18
y 26
end
arch woodfloor2
x 18
y 27
end
arch wall_2_1_1
x 18
y 27
end
arch woodfloor
x 18
y 28
end
arch wall_3_1
x 18
y 28
end
arch woodfloor
x 18
y 29
end
arch woodfloor
x 18
y 30
end
arch woodfloor
x 18
y 31
end
arch wall_1_3
x 18
y 31
end
arch flagstone
x 18
y 32
end
arch flagstone
x 18
y 33
end
arch flagstone
x 18
y 34
end
arch exit
slaying /world/world_107_123
hp 21
sp 21
x 18
y 34
end
arch woodfloor
x 19
end
arch wall_2_1_2
x 19
end
arch woodfloor2
x 19
y 1
end
arch bookshelf
x 19
y 1
end
arch woodfloor
x 19
y 2
end
arch woodfloor2
x 19
y 3
end
arch woodfloor
x 19
y 4
end
arch woodfloor2
x 19
y 5
end
arch woodfloor
x 19
y 6
end
arch wall_1_4
x 19
y 6
end
arch woodfloor
x 19
y 7
end
arch woodfloor
x 19
y 8
end
arch woodfloor
x 19
y 9
end
arch woodfloor
x 19
y 10
end
arch woodfloor
x 19
y 11
end
arch woodfloor
x 19
y 12
end
arch wall_2_1_2
x 19
y 12
end
arch woodfloor
x 19
y 13
end
arch woodfloor
x 19
y 14
end
arch woodfloor
x 19
y 15
end
arch woodfloor
x 19
y 16
end
arch woodfloor
x 19
y 17
end
arch woodfloor
x 19
y 18
end
arch woodfloor
x 19
y 19
end
arch woodfloor
x 19
y 20
end
arch woodfloor
x 19
y 21
end
arch chair_cw_1.2
x 19
y 21
end
arch woodfloor
x 19
y 22
end
arch chair_cw_1.2
x 19
y 22
end
arch woodfloor
x 19
y 23
end
arch woodfloor
x 19
y 24
end
arch woodfloor
x 19
y 25
end
arch wall_2_1_2
x 19
y 25
end
arch woodfloor2
x 19
y 26
end
arch thief_1
name strong thief
msg
@match beat
Then let's see who is the stronger of us, you or me?

Winner gets the key!

You start to hit me first, then I will hit back.

@match no
Go away then. What for you are standing here for?
Loser!

@match yes
Loser! Come and hit me if you dare!

@match *
You? Able to beat me? Are you deaming?

Baby, go back and learn how to hit first....
endmsg
hp 300
maxhp 300
exp 70
x 19
y 26
attack_movement 0
hitback 1
unaggressive 1
arch blue_key
name strange thief's hidden door key
slaying yoshie2.map_1
identified 1
end
end
arch woodfloor
x 19
y 27
end
arch woodfloor2
x 19
y 28
end
arch wall_2_1_2
x 19
y 28
end
arch woodfloor
x 19
y 29
end
arch woodfloor
x 19
y 30
end
arch woodfloor
x 19
y 31
end
arch flagstone
x 19
y 32
end
arch flagstone
x 19
y 33
end
arch flagstone
x 19
y 34
end
arch exit
slaying /world/world_107_123
hp 21
sp 21
x 19
y 34
end
arch woodfloor2
x 20
end
arch wall_2_1_2
x 20
end
arch woodfloor
x 20
y 1
end
arch bookshelf
x 20
y 1
end
arch woodfloor2
x 20
y 2
end
arch woodfloor
x 20
y 3
end
arch thief_1
hp 500
maxhp 500
x 20
y 3
end
arch woodfloor2
x 20
y 4
end
arch woodfloor
x 20
y 5
end
arch woodfloor2
x 20
y 6
end
arch wall_2_1_2
x 20
y 6
end
arch woodfloor
x 20
y 7
end
arch clock
x 20
y 7
end
arch woodfloor
x 20
y 8
end
arch woodfloor
x 20
y 9
end
arch woodfloor
x 20
y 10
end
arch woodfloor
x 20
y 11
end
arch woodfloor
x 20
y 12
end
arch window_win2
x 20
y 12
end
arch woodfloor
x 20
y 13
end
arch woodfloor
x 20
y 14
end
arch woodfloor
x 20
y 15
end
arch woodfloor
x 20
y 16
end
arch woodfloor
x 20
y 17
end
arch woodfloor
x 20
y 18
end
arch woodfloor
x 20
y 19
end
arch woodfloor
x 20
y 20
end
arch woodfloor
x 20
y 21
end
arch woodfloor
x 20
y 22
end
arch woodfloor
x 20
y 23
end
arch woodfloor
x 20
y 24
end
arch woodfloor
x 20
y 25
end
arch wall_2_1_2
x 20
y 25
end
arch woodfloor
x 20
y 26
end
arch woodfloor2
x 20
y 27
end
arch woodfloor
x 20
y 28
end
arch wall_2_1_2
x 20
y 28
end
arch woodfloor2
x 20
y 29
end
arch woodfloor
x 20
y 30
end
arch woodfloor
x 20
y 31
end
arch wall_1_4
x 20
y 31
end
arch flagstone
x 20
y 32
end
arch flagstone
x 20
y 33
end
arch flagstone
x 20
y 34
end
arch exit
slaying /world/world_107_123
hp 21
sp 21
x 20
y 34
end
arch woodfloor
x 21
end
arch wall_3_3
x 21
end
arch woodfloor2
x 21
y 1
end
arch wall_2_1_1
x 21
y 1
end
arch woodfloor
x 21
y 2
end
arch wall_2_1_1
x 21
y 2
end
arch woodfloor2
x 21
y 3
end
arch wall_2_1_1
x 21
y 3
end
arch woodfloor
x 21
y 4
end
arch wall_2_1_1
x 21
y 4
end
arch woodfloor2
x 21
y 5
end
arch wall_2_1_1
x 21
y 5
end
arch woodfloor
x 21
y 6
end
arch wall_3_1
x 21
y 6
end
arch woodfloor
x 21
y 7
end
arch woodfloor
x 21
y 8
end
arch woodfloor
x 21
y 9
end
arch woodfloor
x 21
y 10
end
arch woodfloor
x 21
y 11
end
arch woodfloor
x 21
y 12
end
arch wall_2_1_2
x 21
y 12
end
arch woodfloor
x 21
y 13
end
arch woodfloor
x 21
y 14
end
arch wall_2_2_2
x 21
y 14
end
arch woodfloor
x 21
y 15
end
arch wall_2_2_1
x 21
y 15
end
arch woodfloor
x 21
y 16
end
arch woodfloor
x 21
y 17
end
arch woodfloor
x 21
y 18
end
arch wall_1_4
x 21
y 18
end
arch woodfloor
x 21
y 19
end
arch woodfloor
x 21
y 20
end
arch woodfloor
x 21
y 21
end
arch woodfloor
x 21
y 22
end
arch woodfloor
x 21
y 23
end
arch woodfloor
x 21
y 24
end
arch woodfloor
x 21
y 25
end
arch wall_2_1_2
x 21
y 25
end
arch woodfloor
x 21
y 26
end
arch woodfloor
x 21
y 27
end
arch woodfloor2
x 21
y 28
end
arch wall_2_2_3
x 21
y 28
end
arch woodfloor2
x 21
y 29
end
arch wall_2_1_1
x 21
y 29
move_block 0
end
arch woodfloor2
x 21
y 30
end
arch wall_3_2
x 21
y 30
end
arch woodfloor
x 21
y 31
end
arch wall_2_2_4
x 21
y 31
end
arch grass
x 21
y 32
end
arch grass
x 21
y 33
end
arch flagstone
x 21
y 34
end
arch exit
slaying /world/world_107_123
hp 21
sp 21
x 21
y 34
end
arch woodfloor2
x 22
end
arch wall_2_1_2
x 22
end
arch woodfloor
x 22
y 1
end
arch bookshelf
x 22
y 1
end
arch woodfloor2
x 22
y 2
end
arch woodfloor
x 22
y 3
end
arch woodfloor2
x 22
y 4
end
arch woodfloor
x 22
y 5
end
arch woodfloor2
x 22
y 6
end
arch wall_2_1_2
x 22
y 6
end
arch woodfloor
x 22
y 7
end
arch woodfloor
x 22
y 8
end
arch woodfloor
x 22
y 9
end
arch woodfloor
x 22
y 10
end
arch woodfloor2
x 22
y 11
end
arch woodfloor
x 22
y 12
end
arch wall_2_2_3
x 22
y 12
end
arch woodfloor2
x 22
y 13
end
arch wall_2_1_1
x 22
y 13
end
arch woodfloor
x 22
y 14
end
arch wall_2_2_4
x 22
y 14
end
arch woodfloor2
x 22
y 15
end
arch wall_2_2_3
x 22
y 15
end
arch woodfloor
x 22
y 16
end
arch wall_2_1_1
x 22
y 16
end
arch woodfloor2
x 22
y 17
end
arch wall_2_1_1
x 22
y 17
end
arch woodfloor
x 22
y 18
end
arch wall_3_1
x 22
y 18
end
arch woodfloor
x 22
y 19
end
arch clock_ag
x 22
y 19
end
arch woodfloor
x 22
y 20
end
arch woodfloor
x 22
y 21
end
arch woodfloor
x 22
y 22
end
arch woodfloor
x 22
y 23
end
arch woodfloor
x 22
y 24
end
arch woodfloor
x 22
y 25
end
arch wall_2_1_2
x 22
y 25
end
arch woodfloor
x 22
y 26
end
arch woodfloor
x 22
y 27
end
arch woodfloor
x 22
y 28
end
arch woodfloor2
x 22
y 29
end
arch thief_1
name guarding thief
msg
@match strange thing
It was quick .... I was beautiful, and white, and it was running past the window to the east.

I don't have a clue as to what it could have been, maybe
I should ask my boss.

@match hi
Don't disturb me, I am trying to watch outside! Just
five minutes ago I saw a strange thing running
outside.

@match *
...
endmsg
x 22
y 29
unaggressive 1
stand_still 1
end
arch woodfloor
x 22
y 30
end
arch window_win2
x 22
y 30
end
arch grass
x 22
y 31
end
arch grass
x 22
y 32
end
arch grass
x 22
y 33
end
arch grass
x 22
y 34
end
arch woodfloor
x 23
end
arch wall_2_1_2
x 23
end
arch woodfloor2
x 23
y 1
end
arch woodfloor
x 23
y 2
end
arch woodfloor2
x 23
y 3
end
arch woodfloor2
x 23
y 4
end
arch woodfloor2
x 23
y 5
end
arch woodfloor
x 23
y 6
end
arch wall_1_3
x 23
y 6
end
arch woodfloor
x 23
y 7
end
arch chair_3.1
x 23
y 7
end
arch thief_1
name small brother thief
hp 1500
maxhp 1500
sp 75
maxsp 75
exp 1000
dam 25
wc 20
ac 5
x 23
y 7
invisible 1
see_invisible 1
can_cast_spell 1
can_use_bow 1
arch spell_create_bomb
end
arch spell_create_missile
end
arch random_scroll
end
arch random_weapon
end
arch spell_improved_invisibility
end
arch spell_firebolt
end
end
arch woodfloor
x 23
y 8
end
arch woodfloor
x 23
y 9
end
arch wall_2_2_2
x 23
y 9
end
arch woodfloor
x 23
y 10
end
arch window_win1
x 23
y 10
end
arch woodfloor
x 23
y 11
end
arch wall_2_2_1
x 23
y 11
end
arch woodfloor2
x 23
y 12
end
arch woodfloor
x 23
y 13
end
arch woodfloor2
x 23
y 14
end
arch woodfloor
x 23
y 15
end
arch woodfloor2
x 23
y 16
end
arch woodfloor
x 23
y 17
end
arch bed_1
x 23
y 17
end
arch dungeon_magic
x 23
y 18
end
arch woodfloor2
x 23
y 18
end
arch wall_3_3
x 23
y 18
end
arch woodfloor2
x 23
y 19
end
arch wall_2_1_1
x 23
y 19
end
arch woodfloor2
x 23
y 20
end
arch wall_1_2
x 23
y 20
end
arch woodfloor2
x 23
y 21
end
arch woodfloor2
x 23
y 22
end
arch woodfloor2
x 23
y 23
end
arch wall_1_1
x 23
y 23
end
arch woodfloor2
x 23
y 24
end
arch wall_2_1_1
x 23
y 24
end
arch woodfloor2
x 23
y 25
end
arch wall_3_4
x 23
y 25
end
arch woodfloor2
x 23
y 26
end
arch wall_2_1_1
x 23
y 26
end
arch woodfloor2
x 23
y 27
end
arch wall_2_1_1
x 23
y 27
end
arch woodfloor2
x 23
y 28
end
arch wall_2_1_1
x 23
y 28
end
arch woodfloor2
x 23
y 29
end
arch wall_2_1_1
x 23
y 29
end
arch woodfloor2
x 23
y 30
end
arch wall_3_1
x 23
y 30
end
arch grass
x 23
y 31
end
arch grass
x 23
y 32
end
arch grass
x 23
y 33
end
arch grass
x 23
y 34
end
arch woodfloor2
x 24
end
arch wall_2_1_2
x 24
end
arch woodfloor
x 24
y 1
end
arch button_lever
x 24
y 1
invisible 1
connected 10
end
arch chair_3.2
x 24
y 1
end
arch thief_1
name Oyazi
msg
@match probationary angel's wing
Huh kill my brothers and ask me where
to find it? Find it yourself! Because you made my
hiding place mess!

I don't know where it is myself, but keep in mind,
I will take revenge on you some day wahahaha..

@match kill|killed
Killing them is O.K., but killing me is not! If you let me go
I will find a way to take revenge someday so you better let me go!

@match hi
How you dare to come here? This is my private room! Nobody except me thould be here!

Oh wait... that you managed to get here
means you killed my thieves ? How dare you!

Ok, if you need it: *You Win!*

Are you happy now? Then get lost!

@match *
Ask your mama to teach you grammar!

endmsg
hp 1500
maxhp 1500
exp 300
x 24
y 1
monster 0
stand_still 1
arch ring_of_thieves
end
end
arch woodfloor2
x 24
y 2
end
arch woodfloor
x 24
y 3
end
arch woodfloor2
x 24
y 4
end
arch woodfloor
x 24
y 5
end
arch woodfloor
x 24
y 6
end
arch door_2
hp 1000
x 24
y 6
end
arch woodfloor
x 24
y 7
end
arch woodfloor
x 24
y 8
end
arch woodfloor
x 24
y 9
end
arch wall_2_1_2
x 24
y 9
end
arch grass
x 24
y 10
end
arch phole_1
name secret angel's hole in the sand
slaying /brest/thieves2.map
hp 1
sp 12
x 24
y 10
end
arch gravedirt
name sand
x 24
y 10
end
arch woodfloor
x 24
y 11
end
arch wall_2_1_2
x 24
y 11
end
arch woodfloor
x 24
y 12
end
arch woodfloor2
x 24
y 13
end
arch woodfloor
x 24
y 14
end
arch woodfloor2
x 24
y 15
end
arch thief_1
x 24
y 15
end
arch woodfloor
x 24
y 16
end
arch woodfloor2
x 24
y 17
end
arch woodfloor2
x 24
y 18
end
arch wall_2_1_2
x 24
y 18
end
arch woodfloor2
x 24
y 19
end
arch woodfloor
x 24
y 20
end
arch woodfloor2
x 24
y 21
end
arch woodfloor2
x 24
y 22
end
arch woodfloor2
x 24
y 23
end
arch woodfloor2
x 24
y 24
end
arch woodfloor
x 24
y 25
end
arch woodfloor2
x 24
y 26
end
arch woodfloor2
x 24
y 27
end
arch woodfloor2
x 24
y 28
end
arch woodfloor
x 24
y 29
end
arch woodfloor2
x 24
y 30
end
arch wall_2_1_2
x 24
y 30
end
arch sea
x 24
y 31
end
arch grass
x 24
y 32
end
arch grass
x 24
y 33
end
arch grass
x 24
y 34
end
arch woodfloor
x 25
end
arch wall_2_1_2
x 25
end
arch woodfloor2
x 25
y 1
end
arch woodfloor
x 25
y 2
end
arch woodfloor2
x 25
y 3
end
arch woodfloor
x 25
y 4
end
arch woodfloor2
x 25
y 5
end
arch woodfloor
x 25
y 6
end
arch wall_1_4
x 25
y 6
end
arch woodfloor
x 25
y 7
end
arch chair_3.1
x 25
y 7
end
arch thief_1
name small brother thief
hp 1500
maxhp 1500
sp 75
maxsp 75
exp 1000
dam 25
wc 20
ac 5
x 25
y 7
invisible 1
see_invisible 1
can_cast_spell 1
can_use_bow 1
arch spell_create_bomb
end
arch spell_create_missile
end
arch random_scroll
end
arch random_weapon
end
arch spell_improved_invisibility
end
arch spell_firebolt
end
end
arch woodfloor
x 25
y 8
end
arch woodfloor
x 25
y 9
end
arch wall_2_1_2
x 25
y 9
end
arch grass
x 25
y 10
end
arch gravedirt
name sand
x 25
y 10
end
arch woodfloor
x 25
y 11
end
arch wall_2_1_2
x 25
y 11
end
arch woodfloor2
x 25
y 12
end
arch thief_1
x 25
y 12
end
arch woodfloor
x 25
y 13
end
arch woodfloor2
x 25
y 14
end
arch woodfloor
x 25
y 15
end
arch woodfloor2
x 25
y 16
end
arch woodfloor
x 25
y 17
end
arch bed_1
x 25
y 17
end
arch woodfloor
x 25
y 18
end
arch wall_2_1_2
x 25
y 18
end
arch woodfloor2
x 25
y 19
end
arch woodfloor2
x 25
y 20
end
arch woodfloor2
x 25
y 21
end
arch woodfloor2
x 25
y 22
end
arch woodfloor
x 25
y 23
end
arch woodfloor2
x 25
y 24
end
arch woodfloor2
x 25
y 25
end
arch woodfloor2
x 25
y 26
end
arch woodfloor
x 25
y 27
end
arch woodfloor2
x 25
y 28
end
arch key2
name back door key
slaying yoshie2.map_3
x 25
y 28
invisible 1
identified 1
end
arch woodfloor2
x 25
y 29
end
arch woodfloor2
x 25
y 30
end
arch wall_2_1_2
x 25
y 30
end
arch sea
x 25
y 31
end
arch sea
x 25
y 32
end
arch grass
x 25
y 33
end
arch grass
x 25
y 34
end
arch woodfloor2
x 26
end
arch wall_2_1_2
x 26
end
arch woodfloor
x 26
y 1
end
arch bookshelf
x 26
y 1
end
arch woodfloor2
x 26
y 2
end
arch woodfloor
x 26
y 3
end
arch woodfloor2
x 26
y 4
end
arch woodfloor
x 26
y 5
end
arch dungeon_magic
x 26
y 6
end
arch woodfloor2
x 26
y 6
end
arch wall_3_3
x 26
y 6
end
arch woodfloor
x 26
y 7
end
arch wall_2_1_1
x 26
y 7
end
arch woodfloor
x 26
y 8
end
arch wall_2_1_1
x 26
y 8
end
arch woodfloor
x 26
y 9
end
arch wall_2_2_4
x 26
y 9
end
arch woods
x 26
y 10
end
arch woodfloor
x 26
y 11
end
arch wall_2_2_3
x 26
y 11
end
arch woodfloor
x 26
y 12
end
arch wall_2_1_1
x 26
y 12
end
arch woodfloor2
x 26
y 13
end
arch wall_2_1_1
x 26
y 13
end
arch woodfloor
x 26
y 14
end
arch wall_2_1_1
x 26
y 14
end
arch woodfloor2
x 26
y 15
end
arch wall_2_1_1
x 26
y 15
end
arch woodfloor
x 26
y 16
end
arch wall_2_1_1
x 26
y 16
end
arch woodfloor2
x 26
y 17
end
arch wall_2_1_1
x 26
y 17
end
arch dungeon_magic
x 26
y 18
end
arch woodfloor2
x 26
y 18
end
arch wall_3_1
x 26
y 18
end
arch woodfloor2
x 26
y 19
end
arch woodfloor2
x 26
y 20
end
arch woodfloor
x 26
y 21
end
arch bed_1
x 26
y 21
end
arch thief_1
x 26
y 21
monster 0
stand_still 1
end
arch woodfloor2
x 26
y 22
end
arch woodfloor2
x 26
y 23
end
arch woodfloor2
x 26
y 24
end
arch bed_1
x 26
y 24
end
arch thief_1
x 26
y 24
monster 0
stand_still 1
end
arch woodfloor2
x 26
y 25
end
arch woodfloor
x 26
y 26
end
arch woodfloor2
x 26
y 27
end
arch woodfloor2
x 26
y 28
end
arch woodfloor2
x 26
y 29
end
arch chest
x 26
y 29
end
arch woodfloor
x 26
y 30
end
arch wall_2_1_2
x 26
y 30
end
arch sea
x 26
y 31
end
arch sea
x 26
y 32
end
arch grass
x 26
y 33
end
arch grass
x 26
y 34
end
arch woodfloor
x 27
end
arch wall_2_2_3
x 27
end
arch woodfloor2
x 27
y 1
end
arch wall_2_1_1
x 27
y 1
end
arch woodfloor
x 27
y 2
end
arch wall_2_1_1
x 27
y 2
end
arch woodfloor2
x 27
y 3
end
arch wall_2_1_1
x 27
y 3
end
arch woodfloor
x 27
y 4
end
arch wall_2_1_1
x 27
y 4
end
arch woodfloor2
x 27
y 5
end
arch wall_2_1_1
x 27
y 5
end
arch woodfloor
x 27
y 6
end
arch wall_2_2_4
x 27
y 6
end
arch grass
x 27
y 7
end
arch grass
x 27
y 8
end
arch gravedirt
name sand
x 27
y 8
end
arch grass
x 27
y 9
end
arch woods
x 27
y 10
end
arch gravedirt
name sand
x 27
y 10
end
arch grass
x 27
y 11
end
arch grass
x 27
y 12
end
arch gravedirt
name sand
x 27
y 12
end
arch grass
x 27
y 13
end
arch grass
x 27
y 14
end
arch woods
x 27
y 15
end
arch woods
x 27
y 16
end
arch woods
x 27
y 17
end
arch dungeon_magic
x 27
y 18
end
arch woodfloor
x 27
y 18
end
arch wall_2_2_3
x 27
y 18
end
arch woodfloor2
x 27
y 19
end
arch wall_2_1_1
x 27
y 19
end
arch woodfloor2
x 27
y 20
end
arch wall_2_1_1
x 27
y 20
end
arch woodfloor2
x 27
y 21
end
arch wall_2_1_1
x 27
y 21
end
arch woodfloor2
x 27
y 22
end
arch wall_2_1_1
x 27
y 22
end
arch woodfloor2
x 27
y 23
end
arch wall_2_1_1
x 27
y 23
end
arch woodfloor2
x 27
y 24
end
arch wall_2_1_1
x 27
y 24
end
arch woodfloor2
x 27
y 25
end
arch wall_2_1_1
x 27
y 25
end
arch woodfloor2
x 27
y 26
end
arch wall_2_1_1
x 27
y 26
end
arch woodfloor2
x 27
y 27
end
arch wall_2_1_1
x 27
y 27
end
arch woodfloor2
x 27
y 28
end
arch wall_2_1_1
x 27
y 28
end
arch woodfloor
x 27
y 29
end
arch wall_2_1_1
x 27
y 29
end
arch woodfloor
x 27
y 30
end
arch wall_2_2_4
x 27
y 30
end
arch sea
x 27
y 31
end
arch grass
x 27
y 32
end
arch grass
x 27
y 33
end
arch grass
x 27
y 34
end
arch mountain5
x 28
y 5
end
arch grass
x 28
y 6
end
arch grass
x 28
y 7
end
arch woods
x 28
y 8
end
arch woods
x 28
y 9
end
arch woods
x 28
y 10
end
arch woods
x 28
y 11
end
arch gravedirt
name sand
x 28
y 11
end
arch grass
x 28
y 12
end
arch woods
x 28
y 13
end
arch gravedirt
name sand
x 28
y 13
end
arch woods
x 28
y 14
end
arch woods
x 28
y 15
end
arch grass
x 28
y 16
end
arch woods
x 28
y 17
end
arch dungeon_magic
x 28
y 18
end
arch grass
x 28
y 18
end
arch woods_3
x 28
y 19
end
arch woods_3
x 28
y 20
end
arch grass
x 28
y 21
end
arch woods_3
x 28
y 22
end
arch grass
x 28
y 23
end
arch grass
x 28
y 24
end
arch grass
x 28
y 25
end
arch grass
x 28
y 26
end
arch sea
x 28
y 27
end
arch sea
x 28
y 28
end
arch sea
x 28
y 29
end
arch sea
x 28
y 30
move_block -all walk
move_allow -all swim
end
arch sea
x 28
y 31
end
arch grass
x 28
y 32
end
arch grass
x 28
y 33
end
arch grass
x 28
y 34
end
arch mountain5
x 29
y 5
end
arch grass
x 29
y 6
end
arch grass
x 29
y 7
end
arch woods
x 29
y 8
end
arch woods
x 29
y 9
end
arch gravedirt
name sand
x 29
y 9
end
arch grass
x 29
y 10
end
arch woods
x 29
y 11
end
arch grass
x 29
y 12
end
arch grass
x 29
y 13
end
arch woods
x 29
y 14
end
arch woods
x 29
y 15
end
arch grass
x 29
y 16
end
arch woods
x 29
y 17
end
arch dungeon_magic
x 29
y 18
end
arch woods_3
x 29
y 18
end
arch woods_3
x 29
y 19
end
arch woods_3
x 29
y 20
end
arch woods_3
x 29
y 21
end
arch woods_3
x 29
y 22
end
arch woods_3
x 29
y 23
end
arch grass
x 29
y 24
end
arch grass
x 29
y 25
end
arch grass
x 29
y 26
end
arch sea
x 29
y 27
end
arch sea
x 29
y 28
end
arch sea
x 29
y 29
end
arch sea
x 29
y 30
move_block -all walk
move_allow -all swim
end
arch sea
x 29
y 31
end
arch grass
x 29
y 32
end
arch grass
x 29
y 33
end
arch grass
x 29
y 34
end
arch mountain5
x 30
y 5
end
arch woods
x 30
y 6
end
arch grass
x 30
y 7
end
arch woods
x 30
y 8
end
arch woods
x 30
y 9
end
arch grass
x 30
y 10
end
arch woods
x 30
y 11
end
arch woods
x 30
y 12
end
arch woods
x 30
y 13
end
arch woods
x 30
y 14
end
arch woods
x 30
y 15
end
arch grass
x 30
y 16
end
arch dungeon_magic
x 30
y 17
end
arch woods
x 30
y 17
end
arch woods_3
x 30
y 17
end
arch woods_3
x 30
y 18
end
arch woods_3
x 30
y 19
end
arch woods_3
x 30
y 20
end
arch woods_3
x 30
y 21
end
arch woods_3
x 30
y 22
end
arch woods_3
x 30
y 23
end
arch sea
x 30
y 24
end
arch sea
x 30
y 25
end
arch grass
x 30
y 26
end
arch grass
x 30
y 27
end
arch sea
x 30
y 28
end
arch sea
x 30
y 29
end
arch sea
x 30
y 30
move_block -all walk
move_allow -all swim
end
arch sea
x 30
y 31
end
arch sea
x 30
y 32
end
arch grass
x 30
y 33
end
arch grass
x 30
y 34
end
arch mountain5
x 31
y 5
end
arch woods
x 31
y 6
end
arch grass
x 31
y 7
end
arch woods
x 31
y 8
end
arch woods
x 31
y 9
end
arch woods
x 31
y 10
end
arch woods
x 31
y 11
end
arch grass
x 31
y 12
end
arch woods
x 31
y 13
end
arch grass
x 31
y 14
end
arch grass
x 31
y 15
end
arch woods
x 31
y 16
end
arch dungeon_magic
x 31
y 17
end
arch woods
x 31
y 17
end
arch woods
x 31
y 18
end
arch woods_3
x 31
y 18
end
arch grass
x 31
y 19
end
arch woods_3
x 31
y 20
end
arch woods_3
x 31
y 21
end
arch woods_3
x 31
y 22
end
arch grass
x 31
y 23
end
arch sea
x 31
y 24
end
arch sea
x 31
y 25
end
arch sea
x 31
y 26
end
arch sea
x 31
y 27
end
arch grass
x 31
y 28
end
arch sea
x 31
y 29
end
arch sea
x 31
y 30
end
arch sea
x 31
y 31
end
arch sea
x 31
y 32
end
arch grass
x 31
y 33
end
arch grass
x 31
y 34
end
arch mountain5
x 32
y 5
end
arch woods
x 32
y 6
end
arch grass
x 32
y 7
end
arch woods
x 32
y 8
end
arch woods
x 32
y 9
end
arch woods
x 32
y 10
end
arch woods
x 32
y 11
end
arch grass
x 32
y 12
end
arch woods
x 32
y 13
end
arch grass
x 32
y 14
end
arch woods
x 32
y 15
end
arch woods
x 32
y 16
end
arch woods_3
x 32
y 17
end
arch woods
x 32
y 18
end
arch woods_3
x 32
y 19
end
arch woods_3
x 32
y 20
end
arch woods_3
x 32
y 21
end
arch woods_3
x 32
y 22
end
arch woods_3
x 32
y 23
end
arch woods_3
x 32
y 24
end
arch woods_3
x 32
y 25
end
arch sea
x 32
y 26
end
arch sea
x 32
y 27
end
arch sea
x 32
y 28
end
arch grass
x 32
y 29
end
arch sea
x 32
y 30
end
arch sea
x 32
y 31
end
arch grass
x 32
y 32
end
arch sea
x 32
y 33
end
arch grass
x 32
y 34
end
arch mountain5
x 33
y 5
end
arch grass
x 33
y 6
end
arch woods
x 33
y 7
end
arch woods
x 33
y 8
end
arch grass
x 33
y 9
end
arch grass
x 33
y 10
end
arch grass
x 33
y 11
end
arch grass
x 33
y 12
end
arch woods
x 33
y 13
end
arch grass
x 33
y 14
end
arch grass
x 33
y 15
end
arch grass
x 33
y 16
end
arch woods
x 33
y 17
end
arch woods_3
x 33
y 17
end
arch grass
x 33
y 18
end
arch woods_3
x 33
y 19
end
arch grass
x 33
y 20
end
arch woods_3
x 33
y 21
end
arch woods_3
x 33
y 22
end
arch woods_3
x 33
y 23
end
arch grass
x 33
y 24
end
arch sea
x 33
y 25
end
arch sea
x 33
y 26
end
arch sea
x 33
y 27
end
arch sea
x 33
y 28
end
arch grass
x 33
y 29
end
arch grass
x 33
y 30
end
arch sea
x 33
y 31
end
arch sea
x 33
y 32
end
arch grass
x 33
y 33
end
arch grass
x 33
y 34
end
arch mountain5
x 34
y 5
end
arch grass
x 34
y 6
end
arch grass
x 34
y 7
end
arch grass
x 34
y 8
end
arch grass
x 34
y 9
end
arch woods
x 34
y 10
end
arch woods
x 34
y 11
end
arch woods
x 34
y 12
end
arch grass
x 34
y 13
end
arch grass
x 34
y 14
end
arch woods
x 34
y 15
end
arch woods
x 34
y 16
end
arch woods
x 34
y 17
end
arch woods_3
x 34
y 17
end
arch woods_3
x 34
y 18
end
arch grass
x 34
y 19
end
arch grass
x 34
y 20
end
arch woods_3
x 34
y 21
end
arch grass
x 34
y 22
end
arch grass
x 34
y 23
end
arch sea
x 34
y 24
end
arch sea
x 34
y 25
end
arch sea
x 34
y 26
end
arch sea
x 34
y 27
end
arch grass
x 34
y 28
end
arch grass
x 34
y 29
end
arch sea
x 34
y 30
end
arch sea
x 34
y 31
end
arch grass
x 34
y 32
end
arch grass
x 34
y 33
end
arch mountain5
x 34
y 34
end
arch mountain5
x 35
y 5
end
arch mountain5
x 35
y 6
end
arch mountain5
x 35
y 7
end
arch mountain5
x 35
y 8
end
arch mountain5
x 35
y 9
end
arch mountain5
x 35
y 10
end
arch mountain5
x 35
y 11
end
arch mountain5
x 35
y 12
end
arch mountain5
x 35
y 13
end
arch mountain5
x 35
y 14
end
arch mountain5
x 35
y 15
end
arch mountain5
x 35
y 16
end
arch mountain5
x 35
y 17
end
arch mountain5
x 35
y 18
end
arch mountain5
x 35
y 19
end
arch mountain5
x 35
y 20
end
arch mountain5
x 35
y 21
end
arch mountain5
x 35
y 22
end
arch mountain5
x 35
y 23
end
arch mountain5
x 35
y 24
end
arch mountain5
x 35
y 25
end
arch mountain5
x 35
y 26
end
arch grass
x 35
y 27
end
arch sea
x 35
y 28
end
arch sea
x 35
y 29
end
arch sea
x 35
y 30
end
arch grass
x 35
y 31
end
arch sea
x 35
y 32
end
arch sea
x 35
y 33
end
arch mountain5
x 35
y 34
end
arch mountain5
x 36
y 26
end
arch sea
x 36
y 27
end
arch grass
x 36
y 28
end
arch grass
x 36
y 29
end
arch grass
x 36
y 30
end
arch sea
x 36
y 31
end
arch grass
x 36
y 32
end
arch grass
x 36
y 33
end
arch mountain5
x 36
y 34
end
arch mountain5
x 37
y 26
end
arch mountain5
x 37
y 27
end
arch mountain5
x 37
y 28
end
arch mountain5
x 37
y 29
end
arch mountain5
x 37
y 30
end
arch mountain5
x 37
y 31
end
arch mountain5
x 37
y 32
end
arch mountain5
x 37
y 33
end
arch mountain5
x 37
y 34
end
