arch map
name Homeless Area
region wassar
width 18
height 16
enter_x 7
enter_y 14
end
arch cyangrass
end
arch cyangrass
y 1
end
arch stonefloor2
y 2
end
arch flagstone_2_2_2
y 2
end
arch stonefloor2
y 3
end
arch flagstone_2_1_1
y 3
end
arch stonefloor2
y 4
end
arch flagstone_2_1_1
y 4
end
arch stonefloor2
y 5
end
arch flagstone_2_1_1
y 5
end
arch stonefloor2
y 6
end
arch flagstone_2_1_1
y 6
end
arch stonefloor2
y 7
end
arch flagstone_2_1_1
y 7
end
arch stonefloor2
y 8
end
arch flagstone_2_1_1
y 8
end
arch stonefloor2
y 9
end
arch flagstone_2_1_1
y 9
end
arch stonefloor2
y 10
end
arch flagstone_2_1_1
y 10
end
arch stonefloor2
y 11
end
arch flagstone_2_1_1
y 11
end
arch stonefloor2
y 12
end
arch flagstone_2_1_1
y 12
end
arch stonefloor2
y 13
end
arch flagstone_2_2_1
y 13
end
arch cyangrass
y 14
end
arch cyangrass
y 15
end
arch cyangrass
x 1
end
arch cyangrass
x 1
y 1
end
arch stonefloor2
x 1
y 2
end
arch flagstone_2_1_2
name window
x 1
y 2
blocksview 0
end
arch stonefloor2
x 1
y 3
end
arch bed_save
x 1
y 3
end
arch stonefloor2
x 1
y 4
end
arch stonefloor2
x 1
y 5
end
arch stonefloor2
x 1
y 6
end
arch bed_save
x 1
y 6
end
arch stonefloor2
x 1
y 7
end
arch stonefloor2
x 1
y 8
end
arch stonefloor2
x 1
y 9
end
arch bed_save
x 1
y 9
end
arch stonefloor2
x 1
y 10
end
arch stonefloor2
x 1
y 11
end
arch stonefloor2
x 1
y 12
end
arch bed_save
x 1
y 12
end
arch stonefloor2
x 1
y 13
end
arch flagstone_2_1_2
name window
x 1
y 13
blocksview 0
end
arch cyangrass
x 1
y 14
end
arch cyangrass
x 1
y 15
end
arch stonefloor2
x 2
end
arch flagstone_2_2_2
x 2
end
arch stonefloor2
x 2
y 1
end
arch flagstone_2_1_1
name window
x 2
y 1
blocksview 0
end
arch stonefloor2
x 2
y 2
end
arch flagstone_2_2_4
x 2
y 2
end
arch stonefloor2
x 2
y 3
end
arch igateTrg2
x 2
y 3
connected 2
end
arch stonefloor2
x 2
y 4
end
arch igateTrg2
x 2
y 4
connected 2
end
arch stonefloor2
x 2
y 5
end
arch igateTrg2
x 2
y 5
connected 2
end
arch stonefloor2
x 2
y 6
end
arch igateTrg2
x 2
y 6
connected 2
end
arch stonefloor2
x 2
y 7
end
arch igateTrg2
x 2
y 7
connected 2
end
arch stonefloor2
x 2
y 8
end
arch igateTrg2
x 2
y 8
connected 2
end
arch stonefloor2
x 2
y 9
end
arch igateTrg2
x 2
y 9
connected 2
end
arch stonefloor2
x 2
y 10
end
arch igateTrg2
x 2
y 10
connected 2
end
arch stonefloor2
x 2
y 11
end
arch igateTrg2
x 2
y 11
connected 2
end
arch stonefloor2
x 2
y 12
end
arch igateTrg2
x 2
y 12
connected 2
end
arch stonefloor2
x 2
y 13
end
arch flagstone_2_2_3
x 2
y 13
end
arch stonefloor2
x 2
y 14
end
arch flagstone_2_1_1
name window
x 2
y 14
blocksview 0
end
arch stonefloor2
x 2
y 15
end
arch flagstone_2_2_1
x 2
y 15
end
arch stonefloor2
x 3
end
arch flagstone_2_1_2
x 3
end
arch stonefloor2
x 3
y 1
end
arch stonefloor2
x 3
y 2
end
arch longtable_1_4
x 3
y 2
end
arch stonefloor2
x 3
y 3
end
arch stonefloor2
x 3
y 4
end
arch stonefloor2
x 3
y 5
end
arch stonefloor2
x 3
y 6
end
arch stonefloor2
x 3
y 7
end
arch stonefloor2
x 3
y 8
end
arch stonefloor2
x 3
y 9
end
arch stonefloor2
x 3
y 10
end
arch stonefloor2
x 3
y 11
end
arch stonefloor2
x 3
y 12
end
arch stonefloor2
x 3
y 13
end
arch stonefloor2
x 3
y 14
end
arch stair3_gstone_do
name Stairs to the Monument Room
slaying homeless_u1
hp 4
sp 14
x 3
y 14
end
arch stonefloor2
x 3
y 15
end
arch flagstone_2_1_2
x 3
y 15
end
arch stonefloor2
x 4
end
arch flagstone_2_1_2
x 4
end
arch stonefloor2
x 4
y 1
end
arch stonefloor2
x 4
y 2
end
arch longtable_2_1_2
x 4
y 2
end
arch stonefloor2
x 4
y 3
end
arch stonefloor2
x 4
y 4
end
arch stonefloor2
x 4
y 5
end
arch stonefloor2
x 4
y 6
end
arch stonefloor2
x 4
y 7
end
arch stonefloor2
x 4
y 8
end
arch stonefloor2
x 4
y 9
end
arch stonefloor2
x 4
y 10
end
arch stonefloor2
x 4
y 11
end
arch stonefloor2
x 4
y 12
end
arch stonefloor2
x 4
y 13
end
arch stonefloor2
x 4
y 14
end
arch stonefloor2
x 4
y 15
end
arch flagstone_2_1_2
x 4
y 15
end
arch stonefloor2
x 5
end
arch flagstone_2_1_2
x 5
end
arch stonefloor2
x 5
y 1
end
arch stonefloor2
x 5
y 2
end
arch longtable_2_1_2
x 5
y 2
end
arch stonefloor2
x 5
y 3
end
arch stonefloor2
x 5
y 4
end
arch stonefloor2
x 5
y 5
end
arch stonefloor2
x 5
y 6
end
arch stonefloor2
x 5
y 7
end
arch stonefloor2
x 5
y 8
end
arch stonefloor2
x 5
y 9
end
arch stonefloor2
x 5
y 10
end
arch stonefloor2
x 5
y 11
end
arch stonefloor2
x 5
y 12
end
arch stonefloor2
x 5
y 13
end
arch stonefloor2
x 5
y 14
end
arch stonefloor2
x 5
y 15
end
arch flagstone_2_1_2
x 5
y 15
end
arch stonefloor2
x 6
end
arch flagstone_2_1_2
x 6
end
arch stonefloor2
x 6
y 1
end
arch stonefloor2
x 6
y 2
end
arch longtable_2_1_2
x 6
y 2
end
arch creator
other_arch water
x 6
y 2
connected 1
lifesave 1
end
arch stonefloor2
x 6
y 3
end
arch stonefloor2
x 6
y 4
end
arch stonefloor2
x 6
y 5
end
arch stonefloor2
x 6
y 6
end
arch stonefloor2
x 6
y 7
end
arch stonefloor2
x 6
y 8
end
arch stonefloor2
x 6
y 9
end
arch stonefloor2
x 6
y 10
end
arch stonefloor2
x 6
y 11
end
arch stonefloor2
x 6
y 12
end
arch stonefloor2
x 6
y 13
end
arch stonefloor2
x 6
y 14
end
arch stonefloor2
x 6
y 15
end
arch flagstone_1_3
x 6
y 15
end
arch stonefloor2
x 7
end
arch flagstone_2_1_2
x 7
end
arch stonefloor2
x 7
y 1
end
arch man
msg
@match yes
@cond $who->pay_amount (20)
Thank you for your donation to our house for the homeless.

@match yes
@ifstate given on
Sorry, I already fed you.

@match yes
@trigger 1
@trigger 2
@setstate given on
Please do eat and rest.

@match *
Hello, would you like some food and shelter or do you wish to donate to the upkeep of this house?
Only poor people are allowed to receive food and shelter.
If you are rich, you will donate instead.
endmsg
x 7
y 1
end
arch stonefloor2
x 7
y 2
end
arch longtable_2_1_2
x 7
y 2
end
arch stonefloor2
x 7
y 3
end
arch stonefloor2
x 7
y 4
end
arch stonefloor2
x 7
y 5
end
arch stonefloor2
x 7
y 6
end
arch stonefloor2
x 7
y 7
end
arch stonefloor2
x 7
y 8
end
arch stonefloor2
x 7
y 9
end
arch stonefloor2
x 7
y 10
end
arch stonefloor2
x 7
y 11
end
arch stonefloor2
x 7
y 12
end
arch stonefloor2
x 7
y 13
end
arch stonefloor2
x 7
y 14
end
arch stonefloor2
x 7
y 15
end
arch oakdoor_2
slaying ../city-c2
hp 25
sp 15
x 7
y 15
move_on all
end
arch stonefloor2
x 8
end
arch flagstone_2_1_2
x 8
end
arch stonefloor2
x 8
y 1
end
arch stonefloor2
x 8
y 2
end
arch longtable_2_1_2
x 8
y 2
end
arch creator
other_arch food
x 8
y 2
connected 1
lifesave 1
end
arch stonefloor2
x 8
y 3
end
arch stonefloor2
x 8
y 4
end
arch stonefloor2
x 8
y 5
end
arch stonefloor2
x 8
y 6
end
arch stonefloor2
x 8
y 7
end
arch stonefloor2
x 8
y 8
end
arch stonefloor2
x 8
y 9
end
arch stonefloor2
x 8
y 10
end
arch stonefloor2
x 8
y 11
end
arch stonefloor2
x 8
y 12
end
arch stonefloor2
x 8
y 13
end
arch stonefloor2
x 8
y 14
end
arch stonefloor2
x 8
y 15
end
arch oakdoor_2
slaying ../city-c2
hp 25
sp 15
x 8
y 15
move_on all
end
arch stonefloor2
x 9
end
arch flagstone_2_1_2
x 9
end
arch stonefloor2
x 9
y 1
end
arch stonefloor2
x 9
y 2
end
arch longtable_2_1_2
x 9
y 2
end
arch stonefloor2
x 9
y 3
end
arch stonefloor2
x 9
y 4
end
arch stonefloor2
x 9
y 5
end
arch stonefloor2
x 9
y 6
end
arch stonefloor2
x 9
y 7
end
arch stonefloor2
x 9
y 8
end
arch stonefloor2
x 9
y 9
end
arch stonefloor2
x 9
y 10
end
arch stonefloor2
x 9
y 11
end
arch stonefloor2
x 9
y 12
end
arch stonefloor2
x 9
y 13
end
arch stonefloor2
x 9
y 14
end
arch stonefloor2
x 9
y 15
end
arch flagstone_1_4
x 9
y 15
end
arch stonefloor2
x 10
end
arch flagstone_2_1_2
x 10
end
arch stonefloor2
x 10
y 1
end
arch stonefloor2
x 10
y 2
end
arch longtable_2_1_2
x 10
y 2
end
arch stonefloor2
x 10
y 3
end
arch stonefloor2
x 10
y 4
end
arch stonefloor2
x 10
y 5
end
arch stonefloor2
x 10
y 6
end
arch stonefloor2
x 10
y 7
end
arch stonefloor2
x 10
y 8
end
arch stonefloor2
x 10
y 9
end
arch stonefloor2
x 10
y 10
end
arch stonefloor2
x 10
y 11
end
arch stonefloor2
x 10
y 12
end
arch stonefloor2
x 10
y 13
end
arch stonefloor2
x 10
y 14
end
arch stonefloor2
x 10
y 15
end
arch flagstone_2_1_2
x 10
y 15
end
arch stonefloor2
x 11
end
arch flagstone_2_1_2
x 11
end
arch stonefloor2
x 11
y 1
end
arch stonefloor2
x 11
y 2
end
arch longtable_2_1_2
x 11
y 2
end
arch stonefloor2
x 11
y 3
end
arch stonefloor2
x 11
y 4
end
arch stonefloor2
x 11
y 5
end
arch stonefloor2
x 11
y 6
end
arch stonefloor2
x 11
y 7
end
arch stonefloor2
x 11
y 8
end
arch stonefloor2
x 11
y 9
end
arch stonefloor2
x 11
y 10
end
arch stonefloor2
x 11
y 11
end
arch stonefloor2
x 11
y 12
end
arch stonefloor2
x 11
y 13
end
arch stonefloor2
x 11
y 14
end
arch stonefloor2
x 11
y 15
end
arch flagstone_2_1_2
x 11
y 15
end
arch stonefloor2
x 12
end
arch flagstone_2_1_2
x 12
end
arch stonefloor2
x 12
y 1
end
arch stonefloor2
x 12
y 2
end
arch longtable_1_3
x 12
y 2
end
arch stonefloor2
x 12
y 3
end
arch stonefloor2
x 12
y 4
end
arch stonefloor2
x 12
y 5
end
arch stonefloor2
x 12
y 6
end
arch stonefloor2
x 12
y 7
end
arch stonefloor2
x 12
y 8
end
arch stonefloor2
x 12
y 9
end
arch stonefloor2
x 12
y 10
end
arch stonefloor2
x 12
y 11
end
arch stonefloor2
x 12
y 12
end
arch stonefloor2
x 12
y 13
end
arch stonefloor2
x 12
y 14
end
arch stair3_gstone_up
x 12
y 14
end
arch stonefloor2
x 12
y 15
end
arch flagstone_2_1_2
x 12
y 15
end
arch stonefloor2
x 13
end
arch flagstone_2_2_3
x 13
end
arch stonefloor2
x 13
y 1
end
arch flagstone_2_1_1
name window
x 13
y 1
blocksview 0
end
arch stonefloor2
x 13
y 2
end
arch flagstone_2_2_1
x 13
y 2
end
arch stonefloor2
x 13
y 3
end
arch longtable_1_1
x 13
y 3
end
arch stonefloor2
x 13
y 4
end
arch longtable_2_1_1
x 13
y 4
end
arch stonefloor2
x 13
y 5
end
arch longtable_2_1_1
x 13
y 5
end
arch stonefloor2
x 13
y 6
end
arch longtable_2_1_1
x 13
y 6
end
arch stonefloor2
x 13
y 7
end
arch longtable_2_1_1
x 13
y 7
end
arch stonefloor2
x 13
y 8
end
arch longtable_2_1_1
x 13
y 8
end
arch stonefloor2
x 13
y 9
end
arch longtable_2_1_1
x 13
y 9
end
arch stonefloor2
x 13
y 10
end
arch longtable_2_1_1
x 13
y 10
end
arch stonefloor2
x 13
y 11
end
arch longtable_2_1_1
x 13
y 11
end
arch stonefloor2
x 13
y 12
end
arch longtable_1_2
x 13
y 12
end
arch stonefloor2
x 13
y 13
end
arch flagstone_2_2_2
x 13
y 13
end
arch stonefloor2
x 13
y 14
end
arch flagstone_2_1_1
name window
x 13
y 14
blocksview 0
end
arch stonefloor2
x 13
y 15
end
arch flagstone_2_2_4
x 13
y 15
end
arch cyangrass
x 14
end
arch cyangrass
x 14
y 1
end
arch stonefloor2
x 14
y 2
end
arch flagstone_2_1_2
name window
x 14
y 2
blocksview 0
end
arch stonefloor2
x 14
y 3
end
arch stonefloor2
x 14
y 4
end
arch stonefloor2
x 14
y 5
end
arch stonefloor2
x 14
y 6
end
arch stonefloor2
x 14
y 7
end
arch man
msg
@match 50 platinum
@cond $who->pay_amount (500000)
@trigger 15
Thank you for your donation. This money will definitely go to the homeless.
Please take your monument, rename it and place it downstairs.
Note that for security reasons, you can not leave the monument floor while carrying a monument.
Also note that it is possible for others to vandalise your monument.

@match 50 platinum
Sorry, you don't have that much with you.

@match 5 platinum
@cond $who->pay_amount (50000)
@trigger 14
Thank you for your donation. This money will definitely go to the homeless.
Please take your certificate.

@match 5 platinum
Sorry, you don't have that much with you.

@match 75 gold
@cond $who->pay_amount (7500)
@trigger 13
Thank you for your donation. This money will definitely go to the homeless.
Please take your book.

@match 75 gold
Sorry, you don't have that much with you.

@match 20 gold
@cond $who->pay_amount (2000)
@trigger 12
Thank you for your donation. This money will definitely go to the homeless.
Please take your letter.

@match 20 gold
Sorry, you don't have that much with you.

@match 5 gold
@cond $who->pay_amount (500)
@trigger 11
Thank you for your donation. This money will definitely go to the homeless.
Please take your thank you card.

@match 5 gold
Sorry, you don't have that much with you.

@match 50 silver
@cond $who->pay_amount (50)
Thank you for your donation. This money will definitely go to the homeless.

@match 50 silver
Sorry, you don't have that much with you.

@match yes
You can donate:
50 silver
5 gold
20 gold
75 gold
5 platinum
50 platinum

@match *
Hello, would you like to make a donation to our house for the homeless?
endmsg
x 14
y 7
end
arch stonefloor2
x 14
y 8
end
arch stonefloor2
x 14
y 9
end
arch stonefloor2
x 14
y 10
end
arch stonefloor2
x 14
y 11
end
arch stonefloor2
x 14
y 12
end
arch stonefloor2
x 14
y 13
end
arch flagstone_2_1_2
name window
x 14
y 13
blocksview 0
end
arch cyangrass
x 14
y 14
end
arch cyangrass
x 14
y 15
end
arch cyangrass
x 15
end
arch cyangrass
x 15
y 1
end
arch stonefloor2
x 15
y 2
end
arch flagstone_2_2_3
x 15
y 2
end
arch stonefloor2
x 15
y 3
end
arch flagstone_2_1_1
x 15
y 3
end
arch stonefloor2
x 15
y 4
end
arch flagstone_2_1_1
x 15
y 4
end
arch stonefloor2
x 15
y 5
end
arch flagstone_2_1_1
x 15
y 5
end
arch stonefloor2
x 15
y 6
end
arch flagstone_2_1_1
x 15
y 6
end
arch stonefloor2
x 15
y 7
end
arch flagstone_2_1_1
x 15
y 7
end
arch stonefloor2
x 15
y 8
end
arch flagstone_2_1_1
x 15
y 8
end
arch stonefloor2
x 15
y 9
end
arch flagstone_2_1_1
x 15
y 9
end
arch stonefloor2
x 15
y 10
end
arch flagstone_2_1_1
x 15
y 10
end
arch stonefloor2
x 15
y 11
end
arch flagstone_2_1_1
x 15
y 11
end
arch stonefloor2
x 15
y 12
end
arch flagstone_2_1_1
x 15
y 12
end
arch stonefloor2
x 15
y 13
end
arch flagstone_2_2_4
x 15
y 13
end
arch cyangrass
x 15
y 14
end
arch cyangrass
x 15
y 15
end
arch dun33
x 16
end
arch dun33
x 16
y 1
end
arch dun33
x 16
y 2
end
arch dun33
x 16
y 3
end
arch dun33
x 16
y 4
end
arch dun33
x 16
y 5
end
arch dun33
x 16
y 6
end
arch dun33
x 16
y 7
end
arch dun33
x 16
y 8
end
arch dun33
x 16
y 9
end
arch dun33
x 16
y 10
end
arch dun33
x 16
y 11
end
arch dun33
x 16
y 12
end
arch dun33
x 16
y 13
end
arch dun33
x 16
y 14
end
arch afloor_black_left
x 16
y 15
end
arch dun33
x 16
y 15
end
arch afloor_black_left
x 17
end
arch afloor_black_left
x 17
y 1
end
arch teleporter_connect
hp 13
sp 7
x 17
y 1
connected 11
end
arch card
name I donated money to Wassar's House for the Homeless
name_pl I donated money to Wassar's House for the Homeless
msg
I donated money to Wassar's House for the Homeless
endmsg
x 17
y 1
end
arch afloor_black_left
x 17
y 2
end
arch teleporter_connect
hp 13
sp 7
x 17
y 2
connected 12
end
arch letter
name letter
msg
Thank you for donating money to Wassar's House for the Homeless!
endmsg
x 17
y 2
end
arch afloor_black_left
x 17
y 3
end
arch teleporter_connect
hp 13
sp 7
x 17
y 3
connected 13
end
arch tome
name Wassar House for the Homeless
name_pl Wassar House for the Homeless
msg
The Wassar House for the Homeless was set up to allow those who are poor or have no home an area to sleep and food to eat.
endmsg
x 17
y 3
end
arch afloor_black_left
x 17
y 4
end
arch teleporter_connect
hp 13
sp 7
x 17
y 4
connected 14
end
arch diploma
name Certificate of Donation to Wassar House for the Homeless
name_pl Certificates of Donation to Wassar House for the Homeless
msg
I donated 5 platinum coins to Wassar House for the Homeless.
Wassar House for the Homeless is a charity set up to give the poor and homeless a place to sleep and eat.
endmsg
x 17
y 4
end
arch afloor_black_left
x 17
y 5
end
arch teleporter_connect
hp 13
sp 7
x 17
y 5
connected 15
end
arch book_clasp
name Monument to ...... (rename)
name_pl Monuments
slaying wassar_homeless_monument
msg
This monument honors the kind person who donated 50 platinum coins to the upkeep of Wassar House for the Homeless.
endmsg
face monument.x11
x 17
y 5
weight 150000
end
arch afloor_black_left
x 17
y 6
end
arch afloor_black_left
x 17
y 7
end
arch afloor_black_left
x 17
y 8
end
arch afloor_black_left
x 17
y 9
end
arch afloor_black_left
x 17
y 10
end
arch afloor_black_left
x 17
y 11
end
arch afloor_black_left
x 17
y 12
end
arch afloor_black_left
x 17
y 13
end
arch afloor_black_left
x 17
y 14
end
arch afloor_black_left
x 17
y 15
end
