arch map
width 20
height 20
end
arch grassdark
y 8
end
arch tree6
y 8
move_block all
end
arch grassdark
y 12
end
arch tree6
y 12
move_block all
end
arch grassdark
y 13
end
arch tree6
y 13
move_block all
end
arch grassdark
y 14
end
arch tree6
y 14
move_block all
end
arch swamp
y 15
end
arch invis_exit
slaying hiddenswamp_1
hp 24
sp 6
y 15
end
arch swamp
y 16
end
arch invis_exit
slaying hiddenswamp_1
hp 24
sp 7
y 16
end
arch grassdark
y 17
end
arch tree6
y 17
move_block all
end
arch grassdark
y 18
end
arch tree6
y 18
move_block all
end
arch grassdark
y 19
end
arch tree6
y 19
move_block all
end
arch grassdark
x 1
y 8
end
arch tree6
x 1
y 8
move_block all
end
arch grassdark
x 1
y 11
end
arch tree6
x 1
y 11
move_block all
end
arch grassdark
x 1
y 12
end
arch tree6
x 1
y 12
move_block all
end
arch grassdark
x 1
y 13
end
arch swamp
x 1
y 14
end
arch swamp
x 1
y 15
end
arch grassdark
x 1
y 16
end
arch grassdark
x 1
y 17
end
arch grassdark
x 1
y 18
end
arch tree6
x 1
y 18
move_block all
end
arch grassdark
x 1
y 19
end
arch tree6
x 1
y 19
move_block all
end
arch grassdark
x 2
y 7
end
arch tree6
x 2
y 7
move_block all
end
arch grassdark
x 2
y 8
end
arch tree6
x 2
y 8
move_block all
end
arch grassdark
x 2
y 10
end
arch tree6
x 2
y 10
move_block all
end
arch grassdark
x 2
y 11
end
arch tree6
x 2
y 11
move_block all
end
arch grassdark
x 2
y 12
end
arch grassdark
x 2
y 13
end
arch bones3
x 2
y 13
end
arch grassdark
x 2
y 14
end
arch tree6
x 2
y 14
move_block all
end
arch swamp
x 2
y 15
end
arch grassdark
x 2
y 16
end
arch grassdark
x 2
y 17
end
arch grassdark
x 2
y 18
end
arch tree6
x 2
y 18
move_block all
end
arch grassdark
x 3
y 5
end
arch tree6
x 3
y 5
move_block all
end
arch grassdark
x 3
y 6
end
arch tree6
x 3
y 6
move_block all
end
arch grassdark
x 3
y 7
end
arch tree6
x 3
y 7
move_block all
end
arch grassdark
x 3
y 8
end
arch tree6
x 3
y 8
move_block all
end
arch grassdark
x 3
y 9
end
arch tree6
x 3
y 9
move_block all
end
arch grassdark
x 3
y 10
end
arch grassdark
x 3
y 11
end
arch swamp
x 3
y 12
end
arch swamp
x 3
y 13
end
arch tree6
x 3
y 13
move_block all
end
arch grassdark
x 3
y 14
end
arch tree6
x 3
y 14
move_block all
end
arch swamp
x 3
y 15
end
arch grassdark
x 3
y 16
end
arch grassdark
x 3
y 17
end
arch tree6
x 3
y 17
move_block all
end
arch grassdark
x 3
y 18
end
arch tree6
x 3
y 18
move_block all
end
arch grassdark
x 4
y 5
end
arch tree6
x 4
y 5
move_block all
end
arch grassdark
x 4
y 6
end
arch grassdark
x 4
y 7
end
arch bones2
x 4
y 7
end
arch grassdark
x 4
y 8
end
arch tree6
x 4
y 8
move_block all
end
arch grassdark
x 4
y 9
end
arch grassdark
x 4
y 10
end
arch bones1
x 4
y 10
end
arch grassdark
x 4
y 11
end
arch baslic
hp 35000
exp 400000
dam 90
wc -35
ac -30
x 4
y 11
level 40
end
arch swamp
x 4
y 12
end
arch swamp
x 4
y 13
end
arch swamp
x 4
y 14
end
arch swamp
x 4
y 15
end
arch tree6
x 4
y 15
move_block all
end
arch grassdark
x 4
y 16
end
arch bones3
x 4
y 16
end
arch grassdark
x 4
y 17
end
arch tree6
x 4
y 17
move_block all
end
arch grassdark
x 5
y 5
end
arch tree6
x 5
y 5
move_block all
end
arch grassdark
x 5
y 6
end
arch grassdark
x 5
y 7
end
arch tree6
x 5
y 7
move_block all
end
arch grassdark
x 5
y 8
end
arch tree6
x 5
y 8
move_block all
end
arch grassdark
x 5
y 9
end
arch grassdark
x 5
y 10
end
arch swamp
x 5
y 11
end
arch grassdark
x 5
y 12
end
arch grassdark
x 5
y 13
end
arch grassdark
x 5
y 14
end
arch grassdark
x 5
y 15
end
arch tree6
x 5
y 15
move_block all
end
arch grassdark
x 5
y 16
end
arch bones2
x 5
y 16
end
arch grassdark
x 5
y 17
end
arch tree6
x 5
y 17
move_block all
end
arch grassdark
x 6
y 4
end
arch tree6
x 6
y 4
move_block all
end
arch grassdark
x 6
y 5
end
arch tree6
x 6
y 5
move_block all
end
arch grassdark
x 6
y 6
end
arch bones3
x 6
y 6
end
arch grassdark
x 6
y 7
end
arch tree6
x 6
y 7
move_block all
end
arch grassdark
x 6
y 8
end
arch baslic
hp 35000
exp 400000
dam 90
wc -35
ac -30
x 6
y 8
level 40
end
arch grassdark
x 6
y 9
end
arch swamp
x 6
y 10
end
arch tree6
x 6
y 10
move_block all
end
arch swamp
x 6
y 11
end
arch tree6
x 6
y 11
move_block all
end
arch swamp
x 6
y 12
end
arch grassdark
x 6
y 13
end
arch grassdark
x 6
y 14
end
arch grassdark
x 6
y 15
end
arch grassdark
x 6
y 16
end
arch tree6
x 6
y 16
move_block all
end
arch grassdark
x 6
y 17
end
arch tree6
x 6
y 17
move_block all
end
arch grassdark
x 7
y 4
end
arch tree6
x 7
y 4
move_block all
end
arch grassdark
x 7
y 5
end
arch grassdark
x 7
y 6
end
arch grassdark
x 7
y 7
end
arch tree6
x 7
y 7
move_block all
end
arch grassdark
x 7
y 8
end
arch grassdark
x 7
y 9
end
arch swamp
x 7
y 10
end
arch bones3
x 7
y 10
end
arch swamp
x 7
y 11
end
arch tree6
x 7
y 11
move_block all
end
arch swamp
x 7
y 12
end
arch tree6
x 7
y 12
move_block all
end
arch grassdark
x 7
y 13
end
arch grassdark
x 7
y 14
end
arch grassdark
x 7
y 15
end
arch tree6
x 7
y 15
move_block all
end
arch grassdark
x 7
y 16
end
arch tree6
x 7
y 16
move_block all
end
arch grassdark
x 7
y 17
end
arch tree6
x 7
y 17
move_block all
end
arch grassdark
x 8
y 4
end
arch tree6
x 8
y 4
move_block all
end
arch grassdark
x 8
y 5
end
arch baslic
hp 35000
exp 400000
dam 90
wc -35
ac -30
x 8
y 5
level 40
end
arch grassdark
x 8
y 6
end
arch grassdark
x 8
y 7
end
arch tree6
x 8
y 7
move_block all
end
arch grassdark
x 8
y 8
end
arch grassdark
x 8
y 9
end
arch grassdark
x 8
y 10
end
arch swamp
x 8
y 11
end
arch grassdark
x 8
y 12
end
arch grassdark
x 8
y 13
end
arch baslic
hp 35000
exp 400000
dam 90
wc -35
ac -30
x 8
y 13
level 40
end
arch grassdark
x 8
y 14
end
arch grassdark
x 8
y 15
end
arch tree6
x 8
y 15
move_block all
end
arch grassdark
x 8
y 16
end
arch tree6
x 8
y 16
move_block all
end
arch grassdark
x 8
y 17
end
arch tree6
x 8
y 17
move_block all
end
arch grassdark
x 8
y 18
end
arch tree6
x 8
y 18
move_block all
end
arch grassdark
x 9
y 4
end
arch tree6
x 9
y 4
move_block all
end
arch grassdark
x 9
y 5
end
arch grassdark
x 9
y 6
end
arch bones3
x 9
y 6
end
arch grassdark
x 9
y 7
end
arch tree6
x 9
y 7
move_block all
end
arch grassdark
x 9
y 8
end
arch tree6
x 9
y 8
move_block all
end
arch grassdark
x 9
y 9
end
arch grassdark
x 9
y 10
end
arch bones2
x 9
y 10
end
arch grassdark
x 9
y 11
end
arch swamp
x 9
y 12
end
arch grassdark
x 9
y 13
end
arch grassdark
x 9
y 14
end
arch grassdark
x 9
y 15
end
arch tree6
x 9
y 15
move_block all
end
arch grassdark
x 9
y 16
end
arch tree6
x 9
y 16
move_block all
end
arch grassdark
x 10
y 4
end
arch tree6
x 10
y 4
move_block all
end
arch grassdark
x 10
y 5
end
arch grassdark
x 10
y 6
end
arch grassdark
x 10
y 7
end
arch tree6
x 10
y 7
move_block all
end
arch grassdark
x 10
y 8
end
arch grassdark
x 10
y 9
end
arch swamp
x 10
y 10
end
arch grassdark
x 10
y 11
end
arch swamp
x 10
y 12
end
arch tree6
x 10
y 12
move_block all
end
arch grassdark
x 10
y 13
end
arch grassdark
x 10
y 14
end
arch grassdark
x 10
y 15
end
arch tree6
x 10
y 15
move_block all
end
arch swamp
x 11
y 4
end
arch tree6
x 11
y 4
move_block all
end
arch swamp
x 11
y 5
end
arch grassdark
x 11
y 6
end
arch grassdark
x 11
y 7
end
arch tree6
x 11
y 7
move_block all
end
arch grassdark
x 11
y 8
end
arch grassdark
x 11
y 9
end
arch bones3
x 11
y 9
end
arch swamp
x 11
y 10
end
arch grassdark
x 11
y 11
end
arch tree6
x 11
y 11
move_block all
end
arch swamp
x 11
y 12
end
arch grassdark
x 11
y 13
end
arch bones3
x 11
y 13
end
arch grassdark
x 11
y 14
end
arch grassdark
x 11
y 15
end
arch tree6
x 11
y 15
move_block all
end
arch tree6
x 12
move_block all
end
arch tree6
x 12
y 1
move_block all
end
arch tree6
x 12
y 2
move_block all
end
arch grassdark
x 12
y 3
end
arch tree6
x 12
y 3
move_block all
end
arch grassdark
x 12
y 4
end
arch tree6
x 12
y 4
move_block all
end
arch grassdark
x 12
y 5
end
arch grassdark
x 12
y 6
end
arch tree6
x 12
y 6
move_block all
end
arch grassdark
x 12
y 7
end
arch tree6
x 12
y 7
move_block all
end
arch grassdark
x 12
y 8
end
arch tree6
x 12
y 8
move_block all
end
arch grassdark
x 12
y 9
end
arch swamp
x 12
y 10
end
arch swamp
x 12
y 11
end
arch grassdark
x 12
y 12
end
arch grassdark
x 12
y 13
end
arch tree6
x 12
y 13
move_block all
end
arch grassdark
x 12
y 14
end
arch grassdark
x 12
y 15
end
arch tree6
x 12
y 15
move_block all
end
arch swamp
x 13
end
arch tree6
x 13
move_block all
end
arch swamp
x 13
y 1
end
arch tree6
x 13
y 1
move_block all
end
arch swamp
x 13
y 2
end
arch tree6
x 13
y 2
move_block all
end
arch swamp
x 13
y 3
end
arch tree6
x 13
y 3
move_block all
end
arch swamp
x 13
y 4
end
arch swamp
x 13
y 5
end
arch swamp
x 13
y 6
end
arch tree6
x 13
y 6
move_block all
end
arch grassdark
x 13
y 7
end
arch grassdark
x 13
y 8
end
arch tree6
x 13
y 8
move_block all
end
arch grassdark
x 13
y 9
end
arch tree6
x 13
y 9
move_block all
end
arch grassdark
x 13
y 10
end
arch swamp
x 13
y 11
end
arch baslic
hp 35000
exp 400000
dam 90
wc -35
ac -30
x 13
y 11
level 40
end
arch swamp
x 13
y 12
end
arch grassdark
x 13
y 13
end
arch tree6
x 13
y 13
move_block all
end
arch grassdark
x 13
y 14
end
arch grassdark
x 13
y 15
end
arch tree6
x 13
y 15
move_block all
end
arch swamp
x 14
end
arch dungeon_magic
x 14
end
arch invis_exit
slaying hiddenswamp_2
hp 14
sp 29
x 14
end
arch swamp
x 14
y 1
end
arch dungeon_magic
x 14
y 1
end
arch swamp
x 14
y 2
end
arch dungeon_magic
x 14
y 2
end
arch swamp
x 14
y 3
end
arch swamp
x 14
y 4
end
arch grassdark
x 14
y 5
end
arch swamp
x 14
y 6
end
arch tree6
x 14
y 6
move_block all
end
arch grassdark
x 14
y 7
end
arch swamp
x 14
y 8
end
arch grassdark
x 14
y 9
end
arch tree6
x 14
y 9
move_block all
end
arch grassdark
x 14
y 10
end
arch tree6
x 14
y 10
move_block all
end
arch grassdark
x 14
y 11
end
arch swamp
x 14
y 12
end
arch swamp
x 14
y 13
end
arch tree6
x 14
y 13
move_block all
end
arch grassdark
x 14
y 14
end
arch tree6
x 14
y 14
move_block all
end
arch grassdark
x 14
y 15
end
arch tree6
x 14
y 15
move_block all
end
arch tree6
x 15
move_block all
end
arch swamp
x 15
y 1
end
arch tree6
x 15
y 1
move_block all
end
arch tree6
x 15
y 2
move_block all
end
arch grassdark
x 15
y 3
end
arch tree6
x 15
y 3
move_block all
end
arch swamp
x 15
y 4
end
arch grassdark
x 15
y 5
end
arch swamp
x 15
y 6
end
arch swamp
x 15
y 7
end
arch swamp
x 15
y 8
end
arch swamp
x 15
y 9
end
arch tree6
x 15
y 9
move_block all
end
arch grassdark
x 15
y 10
end
arch tree6
x 15
y 10
move_block all
end
arch grassdark
x 15
y 11
end
arch tree6
x 15
y 11
move_block all
end
arch swamp
x 15
y 12
end
arch tree6
x 15
y 12
move_block all
end
arch swamp
x 15
y 13
end
arch swamp
x 15
y 14
end
arch bones2
x 15
y 14
end
arch grassdark
x 15
y 15
end
arch tree6
x 15
y 15
move_block all
end
arch grassdark
x 15
y 16
end
arch tree6
x 15
y 16
move_block all
end
arch tree6
x 16
move_block all
end
arch tree6
x 16
y 1
move_block all
end
arch tree6
x 16
y 2
move_block all
end
arch swamp
x 16
y 3
end
arch tree6
x 16
y 3
move_block all
end
arch grassdark
x 16
y 4
end
arch tree6
x 16
y 4
move_block all
end
arch grassdark
x 16
y 5
end
arch grassdark
x 16
y 6
end
arch bones2
x 16
y 6
end
arch swamp
x 16
y 7
end
arch grassdark
x 16
y 8
end
arch tree6
x 16
y 8
move_block all
end
arch grassdark
x 16
y 9
end
arch grassdark
x 16
y 10
end
arch tree6
x 16
y 10
move_block all
end
arch swamp
x 16
y 11
end
arch tree6
x 16
y 11
move_block all
end
arch grassdark
x 16
y 12
end
arch tree6
x 16
y 12
move_block all
end
arch grassdark
x 16
y 13
end
arch tree6
x 16
y 13
move_block all
end
arch grassdark
x 16
y 14
end
arch swamp
x 16
y 15
end
arch grassdark
x 16
y 16
end
arch tree6
x 16
y 16
move_block all
end
arch grassdark
x 17
y 4
end
arch tree6
x 17
y 4
move_block all
end
arch grassdark
x 17
y 5
end
arch tree6
x 17
y 5
move_block all
end
arch grassdark
x 17
y 6
end
arch swamp
x 17
y 7
end
arch swamp
x 17
y 8
end
arch swamp
x 17
y 9
end
arch grassdark
x 17
y 10
end
arch tree6
x 17
y 10
move_block all
end
arch grassdark
x 17
y 11
end
arch grassdark
x 17
y 12
end
arch tree6
x 17
y 12
move_block all
end
arch grassdark
x 17
y 13
end
arch grassdark
x 17
y 14
end
arch swamp
x 17
y 15
end
arch swamp
x 17
y 16
end
arch tree6
x 17
y 16
move_block all
end
arch grassdark
x 17
y 17
end
arch tree6
x 17
y 17
move_block all
end
arch grassdark
x 17
y 18
end
arch tree6
x 17
y 18
move_block all
end
arch grassdark
x 18
y 5
end
arch tree6
x 18
y 5
move_block all
end
arch grassdark
x 18
y 6
end
arch tree6
x 18
y 6
move_block all
end
arch grassdark
x 18
y 7
end
arch bones3
x 18
y 7
end
arch grassdark
x 18
y 8
end
arch swamp
x 18
y 9
end
arch swamp
x 18
y 10
end
arch swamp
x 18
y 11
end
arch swamp
x 18
y 12
end
arch swamp
x 18
y 13
end
arch swamp
x 18
y 14
end
arch swamp
x 18
y 15
end
arch swamp
x 18
y 16
end
arch bones1
x 18
y 16
end
arch swamp
x 18
y 17
end
arch tree6
x 18
y 17
move_block all
end
arch grassdark
x 18
y 18
end
arch tree6
x 18
y 18
move_block all
end
arch grassdark
x 19
y 3
end
arch tree6
x 19
y 3
move_block all
end
arch grassdark
x 19
y 4
end
arch tree6
x 19
y 4
move_block all
end
arch grassdark
x 19
y 5
end
arch tree6
x 19
y 5
move_block all
end
arch grassdark
x 19
y 6
end
arch tree6
x 19
y 6
move_block all
end
arch grassdark
x 19
y 7
end
arch tree6
x 19
y 7
move_block all
end
arch grassdark
x 19
y 8
end
arch tree6
x 19
y 8
move_block all
end
arch grassdark
x 19
y 9
end
arch tree6
x 19
y 9
move_block all
end
arch grassdark
x 19
y 10
end
arch tree6
x 19
y 10
move_block all
end
arch grassdark
x 19
y 11
end
arch tree6
x 19
y 11
move_block all
end
arch grassdark
x 19
y 12
end
arch tree6
x 19
y 12
move_block all
end
arch grassdark
x 19
y 13
end
arch tree6
x 19
y 13
move_block all
end
arch grassdark
x 19
y 14
end
arch tree6
x 19
y 14
move_block all
end
arch grassdark
x 19
y 15
end
arch tree6
x 19
y 15
move_block all
end
arch grassdark
x 19
y 16
end
arch tree6
x 19
y 16
move_block all
end
arch swamp
x 19
y 17
end
arch tree6
x 19
y 17
move_block all
end
arch grassdark
x 19
y 18
end
arch tree6
x 19
y 18
move_block all
end
arch grassdark
x 19
y 19
end
arch tree6
x 19
y 19
move_block all
end
