arch map
width 25
height 25
end
arch grassdark
end
arch tree6
end
arch grassdark
y 1
end
arch tree6
y 1
end
arch swamp
y 2
end
arch tree6
y 2
end
arch swamp
y 3
end
arch tree6
y 3
end
arch grassdark
y 4
end
arch tree6
y 4
end
arch grassdark
y 5
end
arch tree6
y 5
end
arch grassdark
y 6
end
arch tree6
y 6
end
arch swamp
y 7
end
arch tree6
y 7
end
arch grassdark
y 8
end
arch tree6
y 8
end
arch grassdark
y 9
end
arch tree6
y 9
end
arch grassdark
y 10
end
arch tree6
y 10
end
arch grassdark
y 11
end
arch tree6
y 11
end
arch swamp
y 12
end
arch tree6
y 12
end
arch grassdark
y 13
end
arch tree6
y 13
end
arch grassdark
y 14
end
arch tree6
y 14
end
arch grassdark
y 15
end
arch tree6
y 15
end
arch swamp
y 16
end
arch tree6
y 16
end
arch grassdark
y 17
end
arch tree6
y 17
end
arch swamp
y 18
end
arch tree6
y 18
move_block all
end
arch tree6
y 18
end
arch swamp
y 19
end
arch tree6
y 19
move_block all
end
arch tree6
y 19
end
arch grassdark
y 20
end
arch tree6
y 20
move_block all
end
arch tree6
y 20
end
arch grassdark
y 21
end
arch tree6
y 21
move_block all
end
arch tree6
y 21
end
arch swamp
y 22
end
arch tree6
y 22
move_block all
end
arch tree6
y 22
end
arch grassdark
y 23
end
arch tree6
y 23
move_block all
end
arch tree6
y 23
end
arch grassdark
y 24
end
arch tree6
y 24
move_block all
end
arch tree6
y 24
end
arch grassdark
x 1
end
arch tree6
x 1
end
arch swamp
x 1
y 1
end
arch tree6
x 1
y 1
end
arch swamp
x 1
y 2
end
arch tree6
x 1
y 2
end
arch grassdark
x 1
y 3
end
arch tree6
x 1
y 3
end
arch grassdark
x 1
y 4
end
arch tree6
x 1
y 4
end
arch swamp
x 1
y 5
end
arch tree6
x 1
y 5
end
arch grassdark
x 1
y 6
end
arch tree6
x 1
y 6
end
arch grassdark
x 1
y 7
end
arch tree6
x 1
y 7
end
arch grassdark
x 1
y 8
end
arch tree6
x 1
y 8
end
arch grassdark
x 1
y 9
end
arch tree6
x 1
y 9
end
arch grassdark
x 1
y 10
end
arch tree6
x 1
y 10
end
arch grassdark
x 1
y 11
end
arch tree6
x 1
y 11
end
arch grassdark
x 1
y 12
end
arch tree6
x 1
y 12
end
arch grassdark
x 1
y 13
end
arch tree6
x 1
y 13
end
arch grassdark
x 1
y 14
end
arch tree6
x 1
y 14
end
arch grassdark
x 1
y 15
end
arch tree6
x 1
y 15
end
arch swamp
x 1
y 16
end
arch tree6
x 1
y 16
end
arch grassdark
x 1
y 17
end
arch tree6
x 1
y 17
end
arch grassdark
x 1
y 18
end
arch tree6
x 1
y 18
move_block all
end
arch tree6
x 1
y 18
end
arch grassdark
x 1
y 19
end
arch tree6
x 1
y 19
move_block all
end
arch tree6
x 1
y 19
end
arch grassdark
x 1
y 20
end
arch tree6
x 1
y 20
move_block all
end
arch tree6
x 1
y 20
end
arch swamp
x 1
y 21
end
arch tree6
x 1
y 21
move_block all
end
arch tree6
x 1
y 21
end
arch grassdark
x 1
y 22
end
arch tree6
x 1
y 22
move_block all
end
arch tree6
x 1
y 22
end
arch grassdark
x 1
y 23
end
arch tree6
x 1
y 23
move_block all
end
arch tree6
x 1
y 23
end
arch grassdark
x 1
y 24
end
arch tree6
x 1
y 24
move_block all
end
arch tree6
x 1
y 24
end
arch grassdark
x 2
end
arch tree6
x 2
end
arch swamp
x 2
y 1
end
arch tree6
x 2
y 1
end
arch grassdark
x 2
y 2
end
arch tree6
x 2
y 2
end
arch grassdark
x 2
y 3
end
arch tree6
x 2
y 3
end
arch swamp
x 2
y 4
end
arch tree6
x 2
y 4
end
arch swamp
x 2
y 5
end
arch swamp
x 2
y 6
end
arch tree6
x 2
y 6
end
arch grassdark
x 2
y 7
end
arch tree6
x 2
y 7
end
arch grassdark
x 2
y 8
end
arch grassdark
x 2
y 9
end
arch grassdark
x 2
y 10
end
arch swamp
x 2
y 11
end
arch grassdark
x 2
y 12
end
arch grassdark
x 2
y 13
end
arch grassdark
x 2
y 14
end
arch tree6
x 2
y 14
end
arch grassdark
x 2
y 15
end
arch tree6
x 2
y 15
end
arch grassdark
x 2
y 16
end
arch tree6
x 2
y 16
end
arch grassdark
x 2
y 17
end
arch tree6
x 2
y 17
end
arch grassdark
x 2
y 18
end
arch grassdark
x 2
y 19
end
arch grassdark
x 2
y 20
end
arch tree6
x 2
y 20
move_block all
end
arch tree6
x 2
y 20
end
arch grassdark
x 2
y 21
end
arch tree6
x 2
y 21
move_block all
end
arch grassdark
x 2
y 22
end
arch tree6
x 2
y 22
move_block all
end
arch grassdark
x 2
y 23
end
arch tree6
x 2
y 23
end
arch grassdark
x 2
y 24
end
arch tree6
x 2
y 24
end
arch grassdark
x 3
end
arch tree6
x 3
end
arch grassdark
x 3
y 1
end
arch tree6
x 3
y 1
end
arch grassdark
x 3
y 2
end
arch tree6
x 3
y 2
end
arch swamp
x 3
y 3
end
arch tree6
x 3
y 3
end
arch swamp
x 3
y 4
end
arch tree6
x 3
y 4
end
arch grassdark
x 3
y 5
end
arch swamp
x 3
y 6
end
arch tree6
x 3
y 6
end
arch swamp
x 3
y 7
end
arch grassdark
x 3
y 8
end
arch grassdark
x 3
y 9
end
arch grassdark
x 3
y 10
end
arch grassdark
x 3
y 11
end
arch tree6
x 3
y 11
end
arch grassdark
x 3
y 12
end
arch tree6
x 3
y 12
end
arch grassdark
x 3
y 13
end
arch gaelotroll
msg
@match
ZzZzZzzzZzz...
endmsg
x 3
y 13
end
arch grassdark
x 3
y 14
end
arch grassdark
x 3
y 15
end
arch tree6
x 3
y 15
end
arch swamp
x 3
y 16
end
arch tree6
x 3
y 16
end
arch grassdark
x 3
y 17
end
arch grassdark
x 3
y 18
end
arch grassdark
x 3
y 19
end
arch grassdark
x 3
y 20
end
arch grassdark
x 3
y 21
end
arch tree6
x 3
y 21
move_block all
end
arch tree6
x 3
y 21
end
arch grassdark
x 3
y 22
end
arch tree6
x 3
y 22
move_block all
end
arch grassdark
x 3
y 23
end
arch tree6
x 3
y 23
move_block all
end
arch tree6
x 3
y 23
end
arch grassdark
x 3
y 24
end
arch tree6
x 3
y 24
end
arch grassdark
x 4
end
arch tree6
x 4
end
arch grassdark
x 4
y 1
end
arch tree6
x 4
y 1
end
arch grassdark
x 4
y 2
end
arch grassdark
x 4
y 3
end
arch swamp
x 4
y 4
end
arch tree6
x 4
y 4
end
arch grassdark
x 4
y 5
end
arch grassdark
x 4
y 6
end
arch grassdark
x 4
y 7
end
arch grassdark
x 4
y 8
end
arch grassdark
x 4
y 9
end
arch grassdark
x 4
y 10
end
arch tree6
x 4
y 10
end
arch grassdark
x 4
y 11
end
arch tree6
x 4
y 11
end
arch grassdark
x 4
y 12
end
arch grassdark
x 4
y 13
end
arch grassdark
x 4
y 14
end
arch grassdark
x 4
y 15
end
arch grassdark
x 4
y 16
end
arch grassdark
x 4
y 17
end
arch grassdark
x 4
y 18
end
arch grassdark
x 4
y 19
end
arch grassdark
x 4
y 20
end
arch grassdark
x 4
y 21
end
arch grassdark
x 4
y 22
end
arch grassdark
x 4
y 23
end
arch tree6
x 4
y 23
move_block all
end
arch tree6
x 4
y 23
end
arch grassdark
x 4
y 24
end
arch tree6
x 4
y 24
end
arch grassdark
x 5
end
arch tree6
x 5
end
arch grassdark
x 5
y 1
end
arch tree6
x 5
y 1
end
arch grassdark
x 5
y 2
end
arch grassdark
x 5
y 3
end
arch grassdark
x 5
y 4
end
arch tree6
x 5
y 4
end
arch grassdark
x 5
y 5
end
arch tree6
x 5
y 5
end
arch grassdark
x 5
y 6
end
arch swamp
x 5
y 7
end
arch tree6
x 5
y 7
end
arch swamp
x 5
y 8
end
arch tree6
x 5
y 8
end
arch swamp
x 5
y 9
end
arch grassdark
x 5
y 10
end
arch swamp
x 5
y 11
end
arch grassdark
x 5
y 12
end
arch grassdark
x 5
y 13
end
arch grassdark
x 5
y 14
end
arch grassdark
x 5
y 15
end
arch grassdark
x 5
y 16
end
arch swamp
x 5
y 17
end
arch gaelotroll
msg
@match
ZzZzZzzzZzz...
endmsg
x 5
y 17
end
arch grassdark
x 5
y 18
end
arch grassdark
x 5
y 19
end
arch grassdark
x 5
y 20
end
arch tree6
x 5
y 20
move_block all
end
arch tree6
x 5
y 20
end
arch grassdark
x 5
y 21
end
arch tree6
x 5
y 21
move_block all
end
arch tree6
x 5
y 21
end
arch grassdark
x 5
y 22
end
arch tree6
x 5
y 22
move_block all
end
arch tree6
x 5
y 22
end
arch grassdark
x 5
y 23
end
arch tree6
x 5
y 23
move_block all
end
arch tree6
x 5
y 23
end
arch grassdark
x 5
y 24
end
arch tree6
x 5
y 24
move_block all
end
arch tree6
x 5
y 24
end
arch swamp
x 6
end
arch tree6
x 6
end
arch swamp
x 6
y 1
end
arch tree6
x 6
y 1
end
arch grassdark
x 6
y 2
end
arch grassdark
x 6
y 3
end
arch gaelotroll
msg
@match
ZzZzZzzzZzz...
endmsg
x 6
y 3
end
arch grassdark
x 6
y 4
end
arch grassdark
x 6
y 5
end
arch grassdark
x 6
y 6
end
arch swamp
x 6
y 7
end
arch swamp
x 6
y 8
end
arch swamp
x 6
y 9
end
arch grassdark
x 6
y 10
end
arch swamp
x 6
y 11
end
arch swamp
x 6
y 12
end
arch grassdark
x 6
y 13
end
arch grassdark
x 6
y 14
end
arch grassdark
x 6
y 15
end
arch grassdark
x 6
y 16
end
arch bones2
x 6
y 16
end
arch grassdark
x 6
y 17
end
arch grassdark
x 6
y 18
end
arch grassdark
x 6
y 19
end
arch grassdark
x 6
y 20
end
arch tree6
x 6
y 20
move_block all
end
arch tree6
x 6
y 20
end
arch grassdark
x 6
y 21
end
arch tree6
x 6
y 21
move_block all
end
arch tree6
x 6
y 21
end
arch swamp
x 6
y 22
end
arch tree6
x 6
y 22
end
arch grassdark
x 6
y 23
end
arch tree6
x 6
y 23
move_block all
end
arch tree6
x 6
y 23
end
arch grassdark
x 6
y 24
end
arch tree6
x 6
y 24
move_block all
end
arch tree6
x 6
y 24
end
arch swamp
x 7
end
arch tree6
x 7
end
arch swamp
x 7
y 1
end
arch tree6
x 7
y 1
end
arch grassdark
x 7
y 2
end
arch grassdark
x 7
y 3
end
arch grassdark
x 7
y 4
end
arch grassdark
x 7
y 5
end
arch grassdark
x 7
y 6
end
arch grassdark
x 7
y 7
end
arch grassdark
x 7
y 8
end
arch grassdark
x 7
y 9
end
arch grassdark
x 7
y 10
end
arch swamp
x 7
y 11
end
arch swamp
x 7
y 12
end
arch grassdark
x 7
y 13
end
arch grassdark
x 7
y 14
end
arch grassdark
x 7
y 15
end
arch grassdark
x 7
y 16
end
arch grassdark
x 7
y 17
end
arch grassdark
x 7
y 18
end
arch grassdark
x 7
y 19
end
arch swamp
x 7
y 20
end
arch tree6
x 7
y 20
move_block all
end
arch tree6
x 7
y 20
end
arch grassdark
x 7
y 21
end
arch tree6
x 7
y 21
move_block all
end
arch tree6
x 7
y 21
end
arch swamp
x 7
y 22
end
arch tree6
x 7
y 22
end
arch grassdark
x 7
y 23
end
arch tree6
x 7
y 23
end
arch grassdark
x 7
y 24
end
arch tree6
x 7
y 24
end
arch grassdark
x 8
end
arch tree6
x 8
end
arch grassdark
x 8
y 1
end
arch tree6
x 8
y 1
end
arch grassdark
x 8
y 2
end
arch grassdark
x 8
y 3
end
arch grassdark
x 8
y 4
end
arch grassdark
x 8
y 5
end
arch grassdark
x 8
y 6
end
arch swamp
x 8
y 7
end
arch swamp
x 8
y 8
end
arch swamp
x 8
y 9
end
arch swamp
x 8
y 10
end
arch swamp
x 8
y 11
end
arch swamp
x 8
y 12
end
arch swamp
x 8
y 13
end
arch swamp
x 8
y 14
end
arch grassdark
x 8
y 15
end
arch grassdark
x 8
y 16
end
arch grassdark
x 8
y 17
end
arch grassdark
x 8
y 18
end
arch grassdark
x 8
y 19
end
arch grassdark
x 8
y 20
end
arch tree6
x 8
y 20
move_block all
end
arch tree6
x 8
y 20
end
arch grassdark
x 8
y 21
end
arch tree6
x 8
y 21
end
arch grassdark
x 8
y 22
end
arch tree6
x 8
y 22
end
arch grassdark
x 8
y 23
end
arch grassdark
x 8
y 24
end
arch tree6
x 8
y 24
end
arch swamp
x 9
end
arch tree6
x 9
end
arch grassdark
x 9
y 1
end
arch tree6
x 9
y 1
end
arch grassdark
x 9
y 2
end
arch grassdark
x 9
y 3
end
arch grassdark
x 9
y 4
end
arch grassdark
x 9
y 5
end
arch swamp
x 9
y 6
end
arch swamp
x 9
y 7
end
arch swamp
x 9
y 8
end
arch grassdark
x 9
y 9
end
arch grassdark
x 9
y 10
end
arch swamp
x 9
y 11
end
arch swamp
x 9
y 12
end
arch swamp
x 9
y 13
end
arch swamp
x 9
y 14
end
arch swamp
x 9
y 15
end
arch grassdark
x 9
y 16
end
arch grassdark
x 9
y 17
end
arch grassdark
x 9
y 18
end
arch grassdark
x 9
y 19
end
arch grassdark
x 9
y 20
end
arch grassdark
x 9
y 21
end
arch grassdark
x 9
y 22
end
arch tree6
x 9
y 22
end
arch swamp
x 9
y 23
end
arch swamp
x 9
y 24
end
arch tree6
x 9
y 24
end
arch swamp
x 10
end
arch tree6
x 10
end
arch swamp
x 10
y 1
end
arch tree6
x 10
y 1
end
arch grassdark
x 10
y 2
end
arch grassdark
x 10
y 3
end
arch grassdark
x 10
y 4
end
arch grassdark
x 10
y 5
end
arch grassdark
x 10
y 6
end
arch swamp
x 10
y 7
end
arch grassdark
x 10
y 8
end
arch grassdark
x 10
y 9
end
arch grassdark
x 10
y 10
end
arch swamp
x 10
y 11
end
arch swamp
x 10
y 12
end
arch swamp
x 10
y 13
end
arch swamp
x 10
y 14
end
arch swamp
x 10
y 15
end
arch swamp
x 10
y 16
end
arch grassdark
x 10
y 17
end
arch grassdark
x 10
y 18
end
arch grassdark
x 10
y 19
end
arch grassdark
x 10
y 20
end
arch tree6
x 10
y 20
move_block all
end
arch tree6
x 10
y 20
end
arch grassdark
x 10
y 21
end
arch tree6
x 10
y 21
move_block all
end
arch tree6
x 10
y 21
end
arch grassdark
x 10
y 22
end
arch grassdark
x 10
y 23
end
arch tree6
x 10
y 23
move_block all
end
arch tree6
x 10
y 23
end
arch grassdark
x 10
y 24
end
arch tree6
x 10
y 24
move_block all
end
arch tree6
x 10
y 24
end
arch grassdark
x 11
end
arch tree6
x 11
end
arch grassdark
x 11
y 1
end
arch tree6
x 11
y 1
end
arch grassdark
x 11
y 2
end
arch grassdark
x 11
y 3
end
arch grassdark
x 11
y 4
end
arch swamp
x 11
y 5
end
arch swamp
x 11
y 6
end
arch grassdark
x 11
y 7
end
arch grassdark
x 11
y 8
end
arch grassdark
x 11
y 9
end
arch gaelotroll
msg
@match
ZzZzZzzzZzz...
endmsg
x 11
y 9
end
arch grassdark
x 11
y 10
end
arch swamp
x 11
y 11
end
arch swamp
x 11
y 12
end
arch grassdark
x 11
y 13
end
arch grassdark
x 11
y 14
end
arch swamp
x 11
y 15
end
arch swamp
x 11
y 16
end
arch swamp
x 11
y 17
end
arch swamp
x 11
y 18
end
arch grassdark
x 11
y 19
end
arch tree6
x 11
y 19
move_block all
end
arch tree6
x 11
y 19
end
arch grassdark
x 11
y 20
end
arch grassdark
x 11
y 21
end
arch tree6
x 11
y 21
move_block all
end
arch tree6
x 11
y 21
end
arch grassdark
x 11
y 22
end
arch grassdark
x 11
y 23
end
arch grassdark
x 11
y 24
end
arch tree6
x 11
y 24
move_block all
end
arch tree6
x 11
y 24
end
arch grassdark
x 12
end
arch tree6
x 12
end
arch grassdark
x 12
y 1
end
arch tree6
x 12
y 1
end
arch grassdark
x 12
y 2
end
arch grassdark
x 12
y 3
end
arch swamp
x 12
y 4
end
arch gaelotroll
msg
@match
ZzZzZzzzZzz...
endmsg
x 12
y 4
end
arch swamp
x 12
y 5
end
arch swamp
x 12
y 6
end
arch swamp
x 12
y 7
end
arch grassdark
x 12
y 8
end
arch grassdark
x 12
y 9
end
arch swamp
x 12
y 10
end
arch grassdark
x 12
y 11
end
arch grassdark
x 12
y 12
end
arch grassdark
x 12
y 13
end
arch grassdark
x 12
y 14
end
arch bones3
x 12
y 14
end
arch grassdark
x 12
y 15
end
arch swamp
x 12
y 16
end
arch swamp
x 12
y 17
end
arch swamp
x 12
y 18
end
arch grassdark
x 12
y 19
end
arch swamp
x 12
y 20
end
arch swamp
x 12
y 21
end
arch swamp
x 12
y 22
end
arch swamp
x 12
y 23
end
arch swamp
x 12
y 24
end
arch tree6
x 12
y 24
move_block all
end
arch tree6
x 12
y 24
end
arch grassdark
x 13
end
arch tree6
x 13
end
arch grassdark
x 13
y 1
end
arch tree6
x 13
y 1
end
arch grassdark
x 13
y 2
end
arch grassdark
x 13
y 3
end
arch swamp
x 13
y 4
end
arch grassdark
x 13
y 5
end
arch swamp
x 13
y 6
end
arch grassdark
x 13
y 7
end
arch grassdark
x 13
y 8
end
arch grassdark
x 13
y 9
end
arch grassdark
x 13
y 10
end
arch grassdark
x 13
y 11
end
arch grassdark
x 13
y 12
end
arch grassdark
x 13
y 13
end
arch grassdark
x 13
y 14
end
arch swamp
x 13
y 15
end
arch swamp
x 13
y 16
end
arch swamp
x 13
y 17
end
arch grassdark
x 13
y 18
end
arch swamp
x 13
y 19
end
arch tree6
x 13
y 19
move_block all
end
arch tree6
x 13
y 19
end
arch grassdark
x 13
y 20
end
arch swamp
x 13
y 21
end
arch swamp
x 13
y 22
end
arch swamp
x 13
y 23
end
arch swamp
x 13
y 24
end
arch magic_mouth
msg
It smells like filthy human, and acid!!
endmsg
x 13
y 24
end
arch exit
slaying pekinhouse.map
x 13
y 24
end
arch swamp
x 14
end
arch tree6
x 14
end
arch swamp
x 14
y 1
end
arch tree6
x 14
y 1
end
arch grassdark
x 14
y 2
end
arch grassdark
x 14
y 3
end
arch swamp
x 14
y 4
end
arch swamp
x 14
y 5
end
arch swamp
x 14
y 6
end
arch swamp
x 14
y 7
end
arch grassdark
x 14
y 8
end
arch grassdark
x 14
y 9
end
arch bones4
x 14
y 9
end
arch swamp
x 14
y 10
end
arch grassdark
x 14
y 11
end
arch bones2
x 14
y 11
end
arch grassdark
x 14
y 12
end
arch grassdark
x 14
y 13
end
arch grassdark
x 14
y 14
end
arch grassdark
x 14
y 15
end
arch grassdark
x 14
y 16
end
arch swamp
x 14
y 17
end
arch swamp
x 14
y 18
end
arch swamp
x 14
y 19
end
arch grassdark
x 14
y 20
end
arch tree6
x 14
y 20
move_block all
end
arch tree6
x 14
y 20
end
arch grassdark
x 14
y 21
end
arch tree6
x 14
y 21
move_block all
end
arch tree6
x 14
y 21
end
arch swamp
x 14
y 22
end
arch swamp
x 14
y 23
end
arch marsh
x 14
y 24
end
arch tree6
x 14
y 24
move_block all
end
arch tree6
x 14
y 24
end
arch grassdark
x 15
end
arch tree6
x 15
end
arch swamp
x 15
y 1
end
arch tree6
x 15
y 1
end
arch grassdark
x 15
y 2
end
arch grassdark
x 15
y 3
end
arch grassdark
x 15
y 4
end
arch swamp
x 15
y 5
end
arch swamp
x 15
y 6
end
arch swamp
x 15
y 7
end
arch grassdark
x 15
y 8
end
arch grassdark
x 15
y 9
end
arch grassdark
x 15
y 10
end
arch grassdark
x 15
y 11
end
arch campfire_out
x 15
y 11
end
arch swamp
x 15
y 12
end
arch grassdark
x 15
y 13
end
arch gaelotroll
msg
@match
ZzZzZzzzZzz...
endmsg
x 15
y 13
end
arch grassdark
x 15
y 14
end
arch grassdark
x 15
y 15
end
arch grassdark
x 15
y 16
end
arch swamp
x 15
y 17
end
arch swamp
x 15
y 18
end
arch swamp
x 15
y 19
end
arch grassdark
x 15
y 20
end
arch grassdark
x 15
y 21
end
arch tree6
x 15
y 21
move_block all
end
arch tree6
x 15
y 21
end
arch grassdark
x 15
y 22
end
arch swamp
x 15
y 23
end
arch grassdark
x 15
y 24
end
arch tree6
x 15
y 24
move_block all
end
arch tree6
x 15
y 24
end
arch swamp
x 16
end
arch tree6
x 16
end
arch swamp
x 16
y 1
end
arch tree6
x 16
y 1
end
arch grassdark
x 16
y 2
end
arch grassdark
x 16
y 3
end
arch grassdark
x 16
y 4
end
arch grassdark
x 16
y 5
end
arch swamp
x 16
y 6
end
arch swamp
x 16
y 7
end
arch swamp
x 16
y 8
end
arch gaelotroll
msg
@match
ZzZzZzzzZzz...
endmsg
x 16
y 8
end
arch grassdark
x 16
y 9
end
arch grassdark
x 16
y 10
end
arch grassdark
x 16
y 11
end
arch grassdark
x 16
y 12
end
arch grassdark
x 16
y 13
end
arch swamp
x 16
y 14
end
arch grassdark
x 16
y 15
end
arch grassdark
x 16
y 16
end
arch grassdark
x 16
y 17
end
arch grassdark
x 16
y 18
end
arch grassdark
x 16
y 19
end
arch tree6
x 16
y 19
end
arch grassdark
x 16
y 20
end
arch tree6
x 16
y 20
end
arch grassdark
x 16
y 21
end
arch tree6
x 16
y 21
move_block all
end
arch tree6
x 16
y 21
end
arch grassdark
x 16
y 22
end
arch tree6
x 16
y 22
move_block all
end
arch tree6
x 16
y 22
end
arch grassdark
x 16
y 23
end
arch grassdark
x 16
y 24
end
arch tree6
x 16
y 24
move_block all
end
arch tree6
x 16
y 24
end
arch swamp
x 17
end
arch tree6
x 17
end
arch swamp
x 17
y 1
end
arch tree6
x 17
y 1
end
arch grassdark
x 17
y 2
end
arch grassdark
x 17
y 3
end
arch grassdark
x 17
y 4
end
arch swamp
x 17
y 5
end
arch swamp
x 17
y 6
end
arch swamp
x 17
y 7
end
arch swamp
x 17
y 8
end
arch grassdark
x 17
y 9
end
arch grassdark
x 17
y 10
end
arch grassdark
x 17
y 11
end
arch gaelotroll
msg
@match
ZzZzZzzzZzz...
endmsg
x 17
y 11
end
arch grassdark
x 17
y 12
end
arch grassdark
x 17
y 13
end
arch swamp
x 17
y 14
end
arch grassdark
x 17
y 15
end
arch bones3
x 17
y 15
end
arch grassdark
x 17
y 16
end
arch grassdark
x 17
y 17
end
arch grassdark
x 17
y 18
end
arch grassdark
x 17
y 19
end
arch grassdark
x 17
y 20
end
arch tree6
x 17
y 20
end
arch grassdark
x 17
y 21
end
arch tree6
x 17
y 21
move_block all
end
arch tree6
x 17
y 21
end
arch grassdark
x 17
y 22
end
arch tree6
x 17
y 22
move_block all
end
arch tree6
x 17
y 22
end
arch grassdark
x 17
y 23
end
arch tree6
x 17
y 23
move_block all
end
arch tree6
x 17
y 23
end
arch grassdark
x 17
y 24
end
arch tree6
x 17
y 24
move_block all
end
arch tree6
x 17
y 24
end
arch grassdark
x 18
end
arch tree6
x 18
end
arch grassdark
x 18
y 1
end
arch tree6
x 18
y 1
end
arch grassdark
x 18
y 2
end
arch grassdark
x 18
y 3
end
arch grassdark
x 18
y 4
end
arch swamp
x 18
y 5
end
arch grassdark
x 18
y 6
end
arch swamp
x 18
y 7
end
arch grassdark
x 18
y 8
end
arch bones2
x 18
y 8
end
arch grassdark
x 18
y 9
end
arch swamp
x 18
y 10
end
arch swamp
x 18
y 11
end
arch grassdark
x 18
y 12
end
arch grassdark
x 18
y 13
end
arch swamp
x 18
y 14
end
arch grassdark
x 18
y 15
end
arch grassdark
x 18
y 16
end
arch grassdark
x 18
y 17
end
arch grassdark
x 18
y 18
end
arch grassdark
x 18
y 19
end
arch swamp
x 18
y 20
end
arch tree6
x 18
y 20
move_block all
end
arch tree6
x 18
y 20
end
arch swamp
x 18
y 21
end
arch tree6
x 18
y 21
move_block all
end
arch tree6
x 18
y 21
end
arch swamp
x 18
y 22
end
arch tree6
x 18
y 22
move_block all
end
arch tree6
x 18
y 22
end
arch grassdark
x 18
y 23
end
arch tree6
x 18
y 23
move_block all
end
arch tree6
x 18
y 23
end
arch grassdark
x 18
y 24
end
arch tree6
x 18
y 24
move_block all
end
arch tree6
x 18
y 24
end
arch grassdark
x 19
end
arch tree6
x 19
end
arch grassdark
x 19
y 1
end
arch tree6
x 19
y 1
end
arch grassdark
x 19
y 2
end
arch grassdark
x 19
y 3
end
arch grassdark
x 19
y 4
end
arch swamp
x 19
y 5
end
arch swamp
x 19
y 6
end
arch swamp
x 19
y 7
end
arch grassdark
x 19
y 8
end
arch grassdark
x 19
y 9
end
arch grassdark
x 19
y 10
end
arch swamp
x 19
y 11
end
arch grassdark
x 19
y 12
end
arch grassdark
x 19
y 13
end
arch grassdark
x 19
y 14
end
arch grassdark
x 19
y 15
end
arch grassdark
x 19
y 16
end
arch grassdark
x 19
y 17
end
arch grassdark
x 19
y 18
end
arch grassdark
x 19
y 19
end
arch grassdark
x 19
y 20
end
arch tree6
x 19
y 20
move_block all
end
arch tree6
x 19
y 20
end
arch grassdark
x 19
y 21
end
arch tree6
x 19
y 21
move_block all
end
arch tree6
x 19
y 21
end
arch grassdark
x 19
y 22
end
arch tree6
x 19
y 22
move_block all
end
arch tree6
x 19
y 22
end
arch grassdark
x 19
y 23
end
arch tree6
x 19
y 23
move_block all
end
arch tree6
x 19
y 23
end
arch swamp
x 19
y 24
end
arch tree6
x 19
y 24
move_block all
end
arch tree6
x 19
y 24
end
arch swamp
x 20
end
arch tree6
x 20
end
arch grassdark
x 20
y 1
end
arch tree6
x 20
y 1
end
arch grassdark
x 20
y 2
end
arch tree6
x 20
y 2
end
arch swamp
x 20
y 3
end
arch tree6
x 20
y 3
end
arch grassdark
x 20
y 4
end
arch grassdark
x 20
y 5
end
arch tree6
x 20
y 5
end
arch swamp
x 20
y 6
end
arch swamp
x 20
y 7
end
arch swamp
x 20
y 8
end
arch grassdark
x 20
y 9
end
arch tree6
x 20
y 9
end
arch grassdark
x 20
y 10
end
arch tree6
x 20
y 10
end
arch grassdark
x 20
y 11
end
arch grassdark
x 20
y 12
end
arch bones3
x 20
y 12
end
arch grassdark
x 20
y 13
end
arch grassdark
x 20
y 14
end
arch grassdark
x 20
y 15
end
arch gaelotroll
msg
@match
ZzZzZzzzZzz...
endmsg
x 20
y 15
end
arch grassdark
x 20
y 16
end
arch grassdark
x 20
y 17
end
arch grassdark
x 20
y 18
end
arch grassdark
x 20
y 19
end
arch grassdark
x 20
y 20
end
arch grassdark
x 20
y 21
end
arch grassdark
x 20
y 22
end
arch grassdark
x 20
y 23
end
arch tree6
x 20
y 23
move_block all
end
arch tree6
x 20
y 23
end
arch swamp
x 20
y 24
end
arch tree6
x 20
y 24
move_block all
end
arch tree6
x 20
y 24
end
arch swamp
x 21
end
arch tree6
x 21
end
arch grassdark
x 21
y 1
end
arch tree6
x 21
y 1
end
arch grassdark
x 21
y 2
end
arch swamp
x 21
y 3
end
arch tree6
x 21
y 3
end
arch grassdark
x 21
y 4
end
arch swamp
x 21
y 5
end
arch tree6
x 21
y 5
end
arch swamp
x 21
y 6
end
arch swamp
x 21
y 7
end
arch grassdark
x 21
y 8
end
arch grassdark
x 21
y 9
end
arch tree6
x 21
y 9
end
arch grassdark
x 21
y 10
end
arch tree6
x 21
y 10
end
arch grassdark
x 21
y 11
end
arch grassdark
x 21
y 12
end
arch grassdark
x 21
y 13
end
arch grassdark
x 21
y 14
end
arch grassdark
x 21
y 15
end
arch grassdark
x 21
y 16
end
arch grassdark
x 21
y 17
end
arch grassdark
x 21
y 18
end
arch bones4
x 21
y 18
end
arch grassdark
x 21
y 19
end
arch tree6
x 21
y 19
move_block all
end
arch tree6
x 21
y 19
end
arch grassdark
x 21
y 20
end
arch tree6
x 21
y 20
move_block all
end
arch tree6
x 21
y 20
end
arch grassdark
x 21
y 21
end
arch grassdark
x 21
y 22
end
arch grassdark
x 21
y 23
end
arch tree6
x 21
y 23
move_block all
end
arch tree6
x 21
y 23
end
arch grassdark
x 21
y 24
end
arch tree6
x 21
y 24
move_block all
end
arch tree6
x 21
y 24
end
arch swamp
x 22
end
arch tree6
x 22
end
arch grassdark
x 22
y 1
end
arch tree6
x 22
y 1
end
arch grassdark
x 22
y 2
end
arch grassdark
x 22
y 3
end
arch grassdark
x 22
y 4
end
arch tree6
x 22
y 4
end
arch grassdark
x 22
y 5
end
arch tree6
x 22
y 5
end
arch swamp
x 22
y 6
end
arch swamp
x 22
y 7
end
arch grassdark
x 22
y 8
end
arch tree6
x 22
y 8
end
arch grassdark
x 22
y 9
end
arch grassdark
x 22
y 10
end
arch grassdark
x 22
y 11
end
arch grassdark
x 22
y 12
end
arch grassdark
x 22
y 13
end
arch grassdark
x 22
y 14
end
arch grassdark
x 22
y 15
end
arch grassdark
x 22
y 16
end
arch grassdark
x 22
y 17
end
arch grassdark
x 22
y 18
end
arch grassdark
x 22
y 19
end
arch grassdark
x 22
y 20
end
arch tree6
x 22
y 20
move_block all
end
arch tree6
x 22
y 20
end
arch grassdark
x 22
y 21
end
arch grassdark
x 22
y 22
end
arch grassdark
x 22
y 23
end
arch tree6
x 22
y 23
move_block all
end
arch tree6
x 22
y 23
end
arch grassdark
x 22
y 24
end
arch tree6
x 22
y 24
move_block all
end
arch tree6
x 22
y 24
end
arch swamp
x 23
end
arch tree6
x 23
move_block all
end
arch tree6
x 23
end
arch swamp
x 23
y 1
end
arch tree6
x 23
y 1
move_block all
end
arch tree6
x 23
y 1
end
arch swamp
x 23
y 2
end
arch tree6
x 23
y 2
end
arch grassdark
x 23
y 3
end
arch tree6
x 23
y 3
move_block all
end
arch tree6
x 23
y 3
end
arch grassdark
x 23
y 4
end
arch tree6
x 23
y 4
move_block all
end
arch tree6
x 23
y 4
end
arch swamp
x 23
y 5
end
arch tree6
x 23
y 5
move_block all
end
arch tree6
x 23
y 5
end
arch swamp
x 23
y 6
end
arch swamp
x 23
y 7
end
arch grassdark
x 23
y 8
end
arch tree6
x 23
y 8
move_block all
end
arch tree6
x 23
y 8
end
arch grassdark
x 23
y 9
end
arch tree6
x 23
y 9
move_block all
end
arch tree6
x 23
y 9
end
arch grassdark
x 23
y 10
end
arch tree6
x 23
y 10
end
arch swamp
x 23
y 11
end
arch tree6
x 23
y 11
end
arch grassdark
x 23
y 12
end
arch tree6
x 23
y 12
end
arch swamp
x 23
y 13
end
arch tree6
x 23
y 13
end
arch grassdark
x 23
y 14
end
arch tree6
x 23
y 14
end
arch grassdark
x 23
y 15
end
arch tree6
x 23
y 15
end
arch grassdark
x 23
y 16
end
arch tree6
x 23
y 16
end
arch swamp
x 23
y 17
end
arch tree6
x 23
y 17
move_block all
end
arch tree6
x 23
y 17
end
arch swamp
x 23
y 18
end
arch tree6
x 23
y 18
move_block all
end
arch tree6
x 23
y 18
end
arch swamp
x 23
y 19
end
arch tree6
x 23
y 19
move_block all
end
arch tree6
x 23
y 19
end
arch grassdark
x 23
y 20
end
arch tree6
x 23
y 20
move_block all
end
arch tree6
x 23
y 20
end
arch grassdark
x 23
y 21
end
arch tree6
x 23
y 21
move_block all
end
arch tree6
x 23
y 21
end
arch grassdark
x 23
y 22
end
arch tree6
x 23
y 22
end
arch grassdark
x 23
y 23
end
arch tree6
x 23
y 23
move_block all
end
arch tree6
x 23
y 23
end
arch swamp
x 23
y 24
end
arch tree6
x 23
y 24
move_block all
end
arch tree6
x 23
y 24
end
arch grassdark
x 24
end
arch tree6
x 24
move_block all
end
arch tree6
x 24
end
arch grassdark
x 24
y 1
end
arch tree6
x 24
y 1
move_block all
end
arch tree6
x 24
y 1
end
arch swamp
x 24
y 2
end
arch tree6
x 24
y 2
move_block all
end
arch tree6
x 24
y 2
end
arch swamp
x 24
y 3
end
arch tree6
x 24
y 3
move_block all
end
arch tree6
x 24
y 3
end
arch grassdark
x 24
y 4
end
arch tree6
x 24
y 4
move_block all
end
arch tree6
x 24
y 4
end
arch swamp
x 24
y 5
end
arch tree6
x 24
y 5
move_block all
end
arch tree6
x 24
y 5
end
arch swamp
x 24
y 6
end
arch invis_exit
slaying hiddenswamp_b2
hp 0
sp 15
x 24
y 6
end
arch grassdark
x 24
y 7
end
arch invis_exit
slaying hiddenswamp_b2
hp 0
sp 16
x 24
y 7
end
arch grassdark
x 24
y 8
end
arch tree6
x 24
y 8
end
arch grassdark
x 24
y 9
end
arch tree6
x 24
y 9
end
arch grassdark
x 24
y 10
end
arch tree6
x 24
y 10
end
arch grassdark
x 24
y 11
end
arch tree6
x 24
y 11
move_block all
end
arch tree6
x 24
y 11
end
arch grassdark
x 24
y 12
end
arch tree6
x 24
y 12
move_block all
end
arch tree6
x 24
y 12
end
arch grassdark
x 24
y 13
end
arch tree6
x 24
y 13
move_block all
end
arch tree6
x 24
y 13
end
arch swamp
x 24
y 14
end
arch tree6
x 24
y 14
move_block all
end
arch tree6
x 24
y 14
end
arch swamp
x 24
y 15
end
arch tree6
x 24
y 15
move_block all
end
arch tree6
x 24
y 15
end
arch grassdark
x 24
y 16
end
arch tree6
x 24
y 16
move_block all
end
arch tree6
x 24
y 16
end
arch grassdark
x 24
y 17
end
arch tree6
x 24
y 17
move_block all
end
arch tree6
x 24
y 17
end
arch grassdark
x 24
y 18
end
arch tree6
x 24
y 18
move_block all
end
arch tree6
x 24
y 18
end
arch swamp
x 24
y 19
end
arch tree6
x 24
y 19
move_block all
end
arch tree6
x 24
y 19
end
arch grassdark
x 24
y 20
end
arch tree6
x 24
y 20
move_block all
end
arch tree6
x 24
y 20
end
arch grassdark
x 24
y 21
end
arch tree6
x 24
y 21
move_block all
end
arch tree6
x 24
y 21
end
arch grassdark
x 24
y 22
end
arch tree6
x 24
y 22
move_block all
end
arch tree6
x 24
y 22
end
arch grassdark
x 24
y 23
end
arch tree6
x 24
y 23
move_block all
end
arch tree6
x 24
y 23
end
arch grassdark
x 24
y 24
end
arch tree6
x 24
y 24
move_block all
end
arch tree6
x 24
y 24
end
