arch map
width 24
height 20
end
arch afloor_left
end
arch wall_2_2_2
end
arch afloor_left
y 1
end
arch wall_2_1_1
y 1
end
arch afloor_left
y 2
end
arch wall_2_1_1
y 2
end
arch afloor_left
y 3
end
arch wall_2_1_1
y 3
end
arch afloor_left
y 4
end
arch wall_2_1_1
y 4
end
arch afloor_left
y 5
end
arch wall_2_1_1
y 5
end
arch afloor_left
y 6
end
arch wall_2_1_1
y 6
end
arch afloor_left
y 7
end
arch wall_2_1_1
y 7
end
arch afloor_left
y 8
end
arch wall_2_1_1
y 8
end
arch afloor_left
y 9
end
arch wall_2_1_1
y 9
end
arch afloor_left
y 10
end
arch wall_3_2
y 10
end
arch afloor_left
y 11
end
arch wall_2_1_1
y 11
end
arch afloor_left
y 12
end
arch wall_2_1_1
y 12
end
arch afloor_left
y 13
end
arch wall_2_1_1
y 13
end
arch afloor_left
y 14
end
arch wall_2_2_1
y 14
end
arch grass
y 15
end
arch grass
y 16
end
arch grass
y 17
end
arch grass
y 18
end
arch grass
y 19
end
arch afloor_left
x 1
end
arch wall_2_1_2
x 1
end
arch afloor_left
x 1
y 1
end
arch bed_1
x 1
y 1
end
arch afloor_left
x 1
y 2
end
arch afloor_left
x 1
y 3
end
arch afloor_left
x 1
y 4
end
arch chest
x 1
y 4
arch random_reading
end
arch random_potion
end
arch random_reading
end
end
arch afloor_left
x 1
y 5
end
arch chest
x 1
y 5
arch random_reading
end
arch random_potion
end
arch random_reading
end
end
arch afloor_left
x 1
y 6
end
arch chest
x 1
y 6
arch random_reading
end
arch random_potion
end
arch random_reading
end
end
arch afloor_left
x 1
y 7
end
arch afloor_left
x 1
y 8
end
arch afloor_left
x 1
y 9
end
arch afloor_left
x 1
y 10
end
arch wall_2_1_2
x 1
y 10
end
arch afloor_left
x 1
y 11
end
arch barrel
x 1
y 11
end
arch afloor_left
x 1
y 12
end
arch barrel
x 1
y 12
end
arch afloor_left
x 1
y 13
end
arch barrel
x 1
y 13
end
arch afloor_left
x 1
y 14
end
arch wall_2_1_2
x 1
y 14
end
arch footpath_1_1
x 1
y 15
end
arch footpath_2_1_1
x 1
y 16
end
arch horse1
x 1
y 16
monster 0
friendly 1
end
arch footpath_1_2
x 1
y 17
end
arch grass
x 1
y 18
end
arch horse1
x 1
y 18
monster 0
friendly 1
end
arch grass
x 1
y 19
end
arch afloor_left
x 2
end
arch wall_2_1_2
x 2
end
arch afloor_left
x 2
y 1
end
arch afloor_left
x 2
y 2
end
arch afloor_left
x 2
y 3
end
arch afloor_left
x 2
y 4
end
arch afloor_left
x 2
y 5
end
arch afloor_left
x 2
y 6
end
arch afloor_left
x 2
y 7
end
arch afloor_left
x 2
y 8
end
arch afloor_left
x 2
y 9
end
arch afloor_left
x 2
y 10
end
arch wall_2_1_2
x 2
y 10
end
arch afloor_left
x 2
y 11
end
arch barrel
x 2
y 11
end
arch afloor_left
x 2
y 12
end
arch barrel
x 2
y 12
end
arch afloor_left
x 2
y 13
end
arch barrel
x 2
y 13
end
arch afloor_left
x 2
y 14
end
arch wall_2_1_2
x 2
y 14
end
arch footpath_1_1
x 2
y 15
end
arch footpath_2_2_1
x 2
y 16
end
arch grass
x 2
y 17
end
arch grass
x 2
y 18
end
arch grass
x 2
y 19
end
arch afloor_left
x 3
end
arch wall_2_1_2
x 3
end
arch afloor_left
x 3
y 1
end
arch clock
x 3
y 1
end
arch afloor_left
x 3
y 2
end
arch afloor_left
x 3
y 3
end
arch afloor_left
x 3
y 4
end
arch table_4
x 3
y 4
end
arch random_food
x 3
y 4
end
arch random_reading
x 3
y 4
end
arch afloor_left
x 3
y 5
end
arch afloor_left
x 3
y 6
end
arch afloor_left
x 3
y 7
end
arch afloor_left
x 3
y 8
end
arch afloor_left
x 3
y 9
end
arch afloor_left
x 3
y 10
end
arch wall_2_1_2
x 3
y 10
end
arch afloor_left
x 3
y 11
end
arch barrel
x 3
y 11
end
arch afloor_left
x 3
y 12
end
arch barrel
x 3
y 12
end
arch afloor_left
x 3
y 13
end
arch barrel
x 3
y 13
end
arch afloor_left
x 3
y 14
end
arch wall_2_1_2
x 3
y 14
end
arch grass
x 3
y 15
end
arch footpath_2_1_2
x 3
y 16
end
arch horse1
x 3
y 16
monster 0
friendly 1
end
arch evergreen
x 3
y 17
end
arch grass
x 3
y 18
end
arch grass
x 3
y 19
end
arch afloor_left
x 4
end
arch wall_2_1_2
x 4
end
arch afloor_left
x 4
y 1
end
arch afloor_left
x 4
y 2
end
arch afloor_left
x 4
y 3
end
arch afloor_left
x 4
y 4
end
arch chair_2.2
x 4
y 4
end
arch afloor_left
x 4
y 5
end
arch afloor_left
x 4
y 6
end
arch afloor_left
x 4
y 7
end
arch afloor_left
x 4
y 8
end
arch afloor_left
x 4
y 9
end
arch afloor_left
x 4
y 10
end
arch wall_2_1_2
x 4
y 10
end
arch afloor_left
x 4
y 11
end
arch barrel
x 4
y 11
end
arch afloor_left
x 4
y 12
end
arch barrel
x 4
y 12
end
arch afloor_left
x 4
y 13
end
arch barrel
x 4
y 13
end
arch afloor_left
x 4
y 14
end
arch wall_2_1_2
x 4
y 14
end
arch evergreen
x 4
y 15
end
arch footpath_2_1_2
x 4
y 16
end
arch grass
x 4
y 17
end
arch grass
x 4
y 18
end
arch horse1
x 4
y 18
monster 0
friendly 1
end
arch grass
x 4
y 19
end
arch afloor_left
x 5
end
arch wall_2_2_3
x 5
end
arch afloor_left
x 5
y 1
end
arch wall_2_1_1
x 5
y 1
end
arch afloor_left
x 5
y 2
end
arch wall_2_1_1
x 5
y 2
end
arch afloor_left
x 5
y 3
end
arch wall_2_1_1
x 5
y 3
end
arch afloor_left
x 5
y 4
end
arch wall_2_1_1
x 5
y 4
end
arch afloor_left
x 5
y 5
end
arch wall_2_1_1
x 5
y 5
end
arch afloor_left
x 5
y 6
end
arch wall_3_2
x 5
y 6
end
arch afloor_left
x 5
y 7
end
arch wall_2_1_1
x 5
y 7
end
arch afloor_left
x 5
y 8
end
arch door_1
x 5
y 8
end
arch afloor_left
x 5
y 9
end
arch wall_2_1_1
x 5
y 9
end
arch afloor_left
x 5
y 10
end
arch wall_3_4
x 5
y 10
end
arch afloor_left
x 5
y 11
end
arch wall_2_1_1
x 5
y 11
end
arch afloor_left
x 5
y 12
end
arch wall_2_1_1
x 5
y 12
end
arch afloor_left
x 5
y 13
end
arch wall_2_1_1
x 5
y 13
end
arch afloor_left
x 5
y 14
end
arch wall_3_1
x 5
y 14
end
arch grass
x 5
y 15
end
arch footpath_1_3
x 5
y 16
end
arch footpath_0
x 5
y 17
end
arch horse1
x 5
y 17
monster 0
friendly 1
end
arch grass
x 5
y 18
end
arch grass
x 5
y 19
end
arch grass
x 6
end
arch rock
x 6
end
arch grass
x 6
y 1
end
arch grass
x 6
y 2
end
arch swamp
x 6
y 3
end
arch grass
x 6
y 4
end
arch grass
x 6
y 5
end
arch afloor_left
x 6
y 6
end
arch wall_2_1_2
x 6
y 6
end
arch afloor_left
x 6
y 7
end
arch barrel
x 6
y 7
end
arch afloor_left
x 6
y 8
end
arch afloor_left
x 6
y 9
end
arch afloor_left
x 6
y 10
end
arch afloor_left
x 6
y 11
end
arch afloor_left
x 6
y 12
end
arch afloor_left
x 6
y 13
end
arch barrel
x 6
y 13
end
arch afloor_left
x 6
y 14
end
arch wall_2_1_2
x 6
y 14
end
arch grass
x 6
y 15
end
arch footpath_1_4
x 6
y 16
end
arch grass
x 6
y 17
end
arch grass
x 6
y 18
end
arch grass
x 6
y 19
end
arch swamp
x 7
end
arch rock
x 7
end
arch grass
x 7
y 1
end
arch rock
x 7
y 1
end
arch grass
x 7
y 2
end
arch grass
x 7
y 3
end
arch grass
x 7
y 4
end
arch grass
x 7
y 5
end
arch afloor_left
x 7
y 6
end
arch wall_2_1_2
x 7
y 6
end
arch afloor_left
x 7
y 7
end
arch afloor_left
x 7
y 8
end
arch afloor_left
x 7
y 9
end
arch afloor_left
x 7
y 10
end
arch afloor_left
x 7
y 11
end
arch afloor_left
x 7
y 12
end
arch afloor_left
x 7
y 13
end
arch afloor_left
x 7
y 14
end
arch wall_2_1_2
x 7
y 14
end
arch grass
x 7
y 15
end
arch footpath_2_2_3
x 7
y 16
end
arch footpath_2_2_1
x 7
y 17
end
arch grass
x 7
y 18
end
arch grass
x 7
y 19
end
arch grass
x 8
end
arch rock
x 8
end
arch swamp
x 8
y 1
end
arch rock
x 8
y 1
end
arch grass
x 8
y 2
end
arch rock
x 8
y 2
end
arch grass
x 8
y 3
end
arch swamp
x 8
y 4
end
arch grass
x 8
y 5
end
arch afloor_left
x 8
y 6
end
arch wall_2_1_2
x 8
y 6
end
arch afloor_left
x 8
y 7
end
arch afloor_left
x 8
y 8
end
arch afloor_left
x 8
y 9
end
arch afloor_left
x 8
y 10
end
arch afloor_left
x 8
y 11
end
arch afloor_left
x 8
y 12
end
arch afloor_left
x 8
y 13
end
arch afloor_left
x 8
y 14
end
arch wall_2_1_2
x 8
y 14
end
arch grass
x 8
y 15
end
arch grass
x 8
y 16
end
arch footpath_3_3
x 8
y 17
end
arch footpath_2_1_1
x 8
y 18
end
arch footpath_1_2
x 8
y 19
end
arch grass
x 9
end
arch exit
slaying hiddenswamp_1.map
face grass.x11
hp 13
sp 24
x 9
end
arch grass
x 9
y 1
end
arch grass
x 9
y 2
end
arch rock
x 9
y 2
end
arch swamp
x 9
y 3
end
arch grass
x 9
y 4
end
arch swamp
x 9
y 5
end
arch afloor_left
x 9
y 6
end
arch grate_closed_1
x 9
y 6
connected 1
end
arch magic_mouth
msg
say something
endmsg
x 9
y 7
end
arch magic_ear
msg
@match pike
Click.
endmsg
x 9
y 7
connected 1
end
arch afloor_left
x 9
y 7
end
arch afloor_left
x 9
y 8
end
arch afloor_left
x 9
y 9
end
arch afloor_left
x 9
y 10
end
arch afloor_left
x 9
y 11
end
arch afloor_left
x 9
y 12
end
arch rustmonster
name Pike Pet
hp 5000
maxhp 5000
exp 1000000
dam 100
wc -15
x 9
y 12
level 50
end
arch afloor_left
x 9
y 13
end
arch afloor_left
x 9
y 14
end
arch odoorn2_closed_1
x 9
y 14
connected 2
end
arch footpath_1_1
x 9
y 15
end
arch check_inv
slaying PIKE_
x 9
y 15
connected 2
end
arch footpath_2_1_1
x 9
y 16
end
arch footpath_3_1
x 9
y 17
end
arch evergreen
x 9
y 18
end
arch grass
x 9
y 19
end
arch grass
x 10
end
arch rock
x 10
end
arch swamp
x 10
y 1
end
arch rock
x 10
y 1
end
arch grass
x 10
y 2
end
arch rock
x 10
y 2
end
arch grass
x 10
y 3
end
arch grass
x 10
y 4
end
arch grass
x 10
y 5
end
arch afloor_left
x 10
y 6
end
arch wall_2_1_2
x 10
y 6
end
arch afloor_left
x 10
y 7
end
arch afloor_left
x 10
y 8
end
arch afloor_left
x 10
y 9
end
arch afloor_left
x 10
y 10
end
arch afloor_left
x 10
y 11
end
arch afloor_left
x 10
y 12
end
arch afloor_left
x 10
y 13
end
arch afloor_left
x 10
y 14
end
arch wall_2_1_2
x 10
y 14
end
arch grass
x 10
y 15
end
arch grass
x 10
y 16
end
arch mailbox
x 10
y 16
arch scroll
msg
From: Pike
To: Mariae

Dear daughter,
     
I'm sorry I haven't been able to communicate earlier.
I just want to say I love you. I know you are far away
living in that lighthouse in Navar continent., I wish
you were here. I have found amazing stuff I'm sure you
would like it, hope to see you soon.

Pekin
endmsg
end
end
arch footpath_2_2_3
x 10
y 17
end
arch footpath_3_2
x 10
y 18
end
arch footpath_1_2
x 10
y 19
end
arch grass
x 11
end
arch swamp
x 11
y 1
end
arch rock
x 11
y 1
end
arch grass
x 11
y 2
end
arch rock
x 11
y 2
end
arch grass
x 11
y 3
end
arch swamp
x 11
y 4
end
arch grass
x 11
y 5
end
arch afloor_left
x 11
y 6
end
arch wall_2_1_2
x 11
y 6
end
arch afloor_left
x 11
y 7
end
arch barrel
x 11
y 7
end
arch afloor_left
x 11
y 8
end
arch afloor_left
x 11
y 9
end
arch afloor_left
x 11
y 10
end
arch afloor_left
x 11
y 11
end
arch afloor_left
x 11
y 12
end
arch afloor_left
x 11
y 13
end
arch barrel
x 11
y 13
end
arch afloor_left
x 11
y 14
end
arch wall_2_1_2
x 11
y 14
end
arch grass
x 11
y 15
end
arch grass
x 11
y 16
end
arch footpath_1_4
x 11
y 17
end
arch footpath_2_1_2
x 11
y 18
end
arch grass
x 11
y 19
end
arch afloor_left
x 12
end
arch wall_2_2_2
x 12
end
arch afloor_left
x 12
y 1
end
arch wall_2_1_1
x 12
y 1
end
arch afloor_left
x 12
y 2
end
arch wall_2_2_1
x 12
y 2
end
arch grass
x 12
y 3
end
arch grass
x 12
y 4
end
arch afloor_left
x 12
y 5
end
arch wall_2_2_2
x 12
y 5
end
arch afloor_left
x 12
y 6
end
arch wall_3_4
x 12
y 6
end
arch afloor_left
x 12
y 7
end
arch wall_2_1_1
x 12
y 7
end
arch afloor_left
x 12
y 8
end
arch door_1
x 12
y 8
end
arch afloor_left
x 12
y 9
end
arch wall_2_1_1
x 12
y 9
end
arch afloor_left
x 12
y 10
end
arch wall_2_1_1
x 12
y 10
end
arch afloor_left
x 12
y 11
end
arch wall_2_1_1
x 12
y 11
end
arch afloor_left
x 12
y 12
end
arch wall_2_1_1
x 12
y 12
end
arch afloor_left
x 12
y 13
end
arch wall_2_1_1
x 12
y 13
end
arch afloor_left
x 12
y 14
end
arch wall_3_1
x 12
y 14
end
arch grass
x 12
y 15
end
arch evergreen
x 12
y 16
end
arch footpath_2_2_3
x 12
y 17
end
arch footpath_2_2_4
x 12
y 18
end
arch grass
x 12
y 19
end
arch afloor_left
x 13
end
arch wall_2_1_2
x 13
end
arch afloor_left
x 13
y 1
end
arch afloor_left
x 13
y 2
end
arch wall_2_2_3
x 13
y 2
end
arch afloor_left
x 13
y 3
end
arch grate_closed_2
x 13
y 3
connected 1
end
arch afloor_left
x 13
y 4
end
arch wall_2_1_1
x 13
y 4
end
arch afloor_left
x 13
y 5
end
arch wall_3_1
x 13
y 5
end
arch afloor_left
x 13
y 6
end
arch afloor_left
x 13
y 7
end
arch afloor_left
x 13
y 8
end
arch afloor_left
x 13
y 9
end
arch afloor_left
x 13
y 10
end
arch afloor_left
x 13
y 11
end
arch barrel
x 13
y 11
end
arch afloor_left
x 13
y 12
end
arch barrel
x 13
y 12
end
arch afloor_left
x 13
y 13
end
arch barrel
x 13
y 13
end
arch afloor_left
x 13
y 14
end
arch wall_2_1_2
x 13
y 14
end
arch grass
x 13
y 15
end
arch grass
x 13
y 16
end
arch grass
x 13
y 17
end
arch grass
x 13
y 18
end
arch grass
x 13
y 19
end
arch afloor_left
x 14
end
arch wall_2_1_2
x 14
end
arch afloor_left
x 14
y 1
end
arch afloor_left
x 14
y 2
end
arch afloor_left
x 14
y 3
end
arch magic_ear
msg
@match pike
Click.
endmsg
x 14
y 3
connected 1
end
arch magic_mouth
msg
say something
endmsg
x 14
y 3
end
arch afloor_left
x 14
y 4
end
arch afloor_left
x 14
y 5
end
arch wall_2_1_2
x 14
y 5
end
arch afloor_left
x 14
y 6
end
arch afloor_left
x 14
y 7
end
arch afloor_left
x 14
y 8
end
arch afloor_left
x 14
y 9
end
arch afloor_left
x 14
y 10
end
arch afloor_left
x 14
y 11
end
arch afloor_left
x 14
y 12
end
arch barrel
x 14
y 12
end
arch afloor_left
x 14
y 13
end
arch barrel
x 14
y 13
end
arch afloor_left
x 14
y 14
end
arch wall_2_1_2
x 14
y 14
end
arch grass
x 14
y 15
end
arch footpath_1_4
x 14
y 16
end
arch evergreen
x 14
y 17
end
arch grass
x 14
y 18
end
arch grass
x 14
y 19
end
arch afloor_left
x 15
end
arch wall_2_1_2
x 15
end
arch afloor_left
x 15
y 1
end
arch random_weapon
x 15
y 1
end
arch afloor_left
x 15
y 2
end
arch random_weapon
x 15
y 2
end
arch afloor_left
x 15
y 3
end
arch random_bow
x 15
y 3
end
arch afloor_left
x 15
y 4
end
arch afloor_left
x 15
y 5
end
arch wall_2_1_2
x 15
y 5
end
arch afloor_left
x 15
y 6
end
arch afloor_left
x 15
y 7
end
arch afloor_left
x 15
y 8
end
arch afloor_left
x 15
y 9
end
arch afloor_left
x 15
y 10
end
arch afloor_left
x 15
y 11
end
arch afloor_left
x 15
y 12
end
arch afloor_left
x 15
y 13
end
arch barrel
x 15
y 13
end
arch afloor_left
x 15
y 14
end
arch wall_2_1_2
x 15
y 14
end
arch grass
x 15
y 15
end
arch footpath_2_1_2
x 15
y 16
end
arch grass
x 15
y 17
end
arch grass
x 15
y 18
end
arch evergreen
x 15
y 19
end
arch afloor_left
x 16
end
arch wall_2_1_2
x 16
end
arch afloor_left
x 16
y 1
end
arch random_gem
x 16
y 1
end
arch afloor_left
x 16
y 2
end
arch random_gem
x 16
y 2
end
arch afloor_left
x 16
y 3
end
arch random_gem
x 16
y 3
end
arch afloor_left
x 16
y 4
end
arch afloor_left
x 16
y 5
end
arch door_look_1
x 16
y 5
end
arch afloor_left
x 16
y 6
end
arch afloor_left
x 16
y 7
end
arch afloor_left
x 16
y 8
end
arch afloor_left
x 16
y 9
end
arch afloor_left
x 16
y 10
end
arch afloor_left
x 16
y 11
end
arch afloor_left
x 16
y 12
end
arch afloor_left
x 16
y 13
end
arch afloor_left
x 16
y 14
end
arch wall_2_1_2
x 16
y 14
end
arch grass
x 16
y 15
end
arch footpath_2_2_3
x 16
y 16
end
arch footpath_2_2_1
x 16
y 17
end
arch grass
x 16
y 18
end
arch grass
x 16
y 19
end
arch afloor_left
x 17
end
arch wall_2_1_2
x 17
end
arch afloor_left
x 17
y 1
end
arch random_wealth
x 17
y 1
end
arch afloor_left
x 17
y 2
end
arch random_wealth
x 17
y 2
end
arch afloor_left
x 17
y 3
end
arch random_gem
x 17
y 3
end
arch afloor_left
x 17
y 4
end
arch random_bow
x 17
y 4
end
arch afloor_left
x 17
y 5
end
arch wall_2_1_2
x 17
y 5
end
arch afloor_left
x 17
y 6
end
arch afloor_left
x 17
y 7
end
arch afloor_left
x 17
y 8
end
arch stove
x 17
y 8
end
arch random_food
x 17
y 8
end
arch afloor_left
x 17
y 9
end
arch afloor_left
x 17
y 10
end
arch afloor_left
x 17
y 11
end
arch afloor_left
x 17
y 12
end
arch afloor_left
x 17
y 13
end
arch barrel
x 17
y 13
end
arch afloor_left
x 17
y 14
end
arch wall_2_1_2
x 17
y 14
end
arch grass
x 17
y 15
end
arch grass
x 17
y 16
end
arch footpath_2_1_2
x 17
y 17
end
arch grass
x 17
y 18
end
arch grass
x 17
y 19
end
arch afloor_left
x 18
end
arch wall_2_1_2
x 18
end
arch afloor_left
x 18
y 1
end
arch chest
x 18
y 1
arch random_reading
end
arch random_potion
end
arch random_reading
end
end
arch afloor_left
x 18
y 2
end
arch random_wealth
x 18
y 2
end
arch afloor_left
x 18
y 3
end
arch random_gem
x 18
y 3
end
arch afloor_left
x 18
y 4
end
arch random_weapon
x 18
y 4
end
arch afloor_left
x 18
y 5
end
arch wall_2_1_2
x 18
y 5
end
arch afloor_left
x 18
y 6
end
arch afloor_left
x 18
y 7
end
arch afloor_left
x 18
y 8
end
arch stove
x 18
y 8
end
arch random_food
x 18
y 8
end
arch afloor_left
x 18
y 9
end
arch random_food
x 18
y 9
end
arch afloor_left
x 18
y 10
end
arch random_food
x 18
y 10
end
arch afloor_left
x 18
y 11
end
arch barrel
x 18
y 11
end
arch afloor_left
x 18
y 12
end
arch barrel
x 18
y 12
end
arch afloor_left
x 18
y 13
end
arch barrel
x 18
y 13
end
arch afloor_left
x 18
y 14
end
arch wall_2_1_2
x 18
y 14
end
arch evergreen
x 18
y 15
end
arch footpath_2_2_2
x 18
y 16
end
arch footpath_2_2_4
x 18
y 17
end
arch grass
x 18
y 18
end
arch grass
x 18
y 19
end
arch afloor_left
x 19
end
arch wall_2_2_3
x 19
end
arch afloor_left
x 19
y 1
end
arch wall_2_1_1
x 19
y 1
end
arch afloor_left
x 19
y 2
end
arch wall_2_1_1
x 19
y 2
end
arch afloor_left
x 19
y 3
end
arch wall_2_1_1
x 19
y 3
end
arch afloor_left
x 19
y 4
end
arch wall_2_1_1
x 19
y 4
end
arch afloor_left
x 19
y 5
end
arch wall_3_4
x 19
y 5
end
arch afloor_left
x 19
y 6
end
arch wall_2_1_1
x 19
y 6
end
arch afloor_left
x 19
y 7
end
arch wall_2_1_1
x 19
y 7
end
arch afloor_left
x 19
y 8
end
arch wall_2_1_1
x 19
y 8
end
arch afloor_left
x 19
y 9
end
arch wall_2_1_1
x 19
y 9
end
arch afloor_left
x 19
y 10
end
arch wall_2_1_1
x 19
y 10
end
arch afloor_left
x 19
y 11
end
arch wall_2_1_1
x 19
y 11
end
arch afloor_left
x 19
y 12
end
arch wall_2_1_1
x 19
y 12
end
arch afloor_left
x 19
y 13
end
arch wall_2_1_1
x 19
y 13
end
arch afloor_left
x 19
y 14
end
arch wall_2_2_4
x 19
y 14
end
arch grass
x 19
y 15
end
arch footpath_2_1_2
x 19
y 16
end
arch grass
x 19
y 17
end
arch grass
x 19
y 18
end
arch grass
x 19
y 19
end
arch grass
x 20
end
arch grass
x 20
y 1
end
arch grass
x 20
y 2
end
arch grass
x 20
y 3
end
arch grass
x 20
y 4
end
arch grass
x 20
y 5
end
arch grass
x 20
y 6
end
arch grass
x 20
y 7
end
arch grass
x 20
y 8
end
arch grass
x 20
y 9
end
arch grass
x 20
y 10
end
arch grass
x 20
y 11
end
arch grass
x 20
y 12
end
arch grass
x 20
y 13
end
arch grass
x 20
y 14
end
arch footpath_2_2_2
x 20
y 15
end
arch footpath_2_2_4
x 20
y 16
end
arch evergreen
x 20
y 17
end
arch grass
x 20
y 18
end
arch grass
x 20
y 19
end
arch grass
x 21
end
arch grass
x 21
y 1
end
arch grass
x 21
y 2
end
arch grass
x 21
y 3
end
arch evergreen
x 21
y 4
end
arch grass
x 21
y 5
end
arch evergreen
x 21
y 6
end
arch footpath_0
x 21
y 7
end
arch grass
x 21
y 8
end
arch footpath_1_1
x 21
y 9
end
arch footpath_2_2_1
x 21
y 10
end
arch evergreen
x 21
y 11
end
arch grass
x 21
y 12
end
arch grass
x 21
y 13
end
arch grass
x 21
y 14
end
arch footpath_1_3
x 21
y 15
end
arch grass
x 21
y 16
end
arch grass
x 21
y 17
end
arch grass
x 21
y 18
end
arch grass
x 21
y 19
end
arch grass
x 22
end
arch grass
x 22
y 1
end
arch grass
x 22
y 2
end
arch grass
x 22
y 3
end
arch evergreen
x 22
y 4
end
arch footpath_1_1
x 22
y 5
end
arch footpath_2_1_1
x 22
y 6
end
arch footpath_1_2
x 22
y 7
end
arch evergreen
x 22
y 8
end
arch grass
x 22
y 9
end
arch footpath_1_3
x 22
y 10
end
arch grass
x 22
y 11
end
arch grass
x 22
y 12
end
arch footpath_0
x 22
y 13
end
arch grass
x 22
y 14
end
arch evergreen
x 22
y 15
end
arch grass
x 22
y 16
end
arch grass
x 22
y 17
end
arch grass
x 22
y 18
end
arch grass
x 22
y 19
end
arch grass
x 23
end
arch grass
x 23
y 1
end
arch grass
x 23
y 2
end
arch grass
x 23
y 3
end
arch grass
x 23
y 4
end
arch grass
x 23
y 5
end
arch evergreen
x 23
y 6
end
arch grass
x 23
y 7
end
arch grass
x 23
y 8
end
arch grass
x 23
y 9
end
arch grass
x 23
y 10
end
arch grass
x 23
y 11
end
arch grass
x 23
y 12
end
arch grass
x 23
y 13
end
arch grass
x 23
y 14
end
arch grass
x 23
y 15
end
arch grass
x 23
y 16
end
arch grass
x 23
y 17
end
arch grass
x 23
y 18
end
arch grass
x 23
y 19
end
