arch map
name <unnamed>
region valleynoy
width 40
height 40
msg
Modified: 2021-03-03 Titus
endmsg
end
arch pstone_1
y 23
end
arch cave4
y 23
end
arch pstone_1
y 24
end
arch rough_wall_1_1
y 24
end
arch pstone_1
y 25
end
arch rough_wall_2_1_1
y 25
end
arch pstone_1
y 26
end
arch rough_wall_2_1_1
y 26
end
arch pstone_1
y 27
end
arch rough_wall_2_1_1
y 27
end
arch pstone_1
y 28
end
arch rough_wall_2_1_1
y 28
end
arch pstone_1
y 29
end
arch rough_wall_2_1_1
y 29
end
arch pstone_1
y 30
end
arch rough_wall_2_1_1
y 30
end
arch pstone_1
y 31
end
arch rough_wall_1_2
y 31
end
arch pstone_1
y 32
end
arch cave2
y 32
end
arch pstone_1
x 1
y 5
end
arch cave18
x 1
y 5
end
arch pstone_1
x 1
y 6
end
arch cave3
x 1
y 6
end
arch pstone_1
x 1
y 7
end
arch cave3
x 1
y 7
end
arch pstone_1
x 1
y 8
end
arch cave3
x 1
y 8
end
arch pstone_1
x 1
y 9
end
arch cave3
x 1
y 9
end
arch pstone_1
x 1
y 10
end
arch cave3
x 1
y 10
end
arch pstone_1
x 1
y 11
end
arch cave3
x 1
y 11
end
arch pstone_1
x 1
y 12
end
arch cave3
x 1
y 12
end
arch pstone_1
x 1
y 13
end
arch cave3
x 1
y 13
end
arch pstone_1
x 1
y 14
end
arch cave23
x 1
y 14
end
arch pstone_1
x 1
y 23
end
arch cave4
x 1
y 23
end
arch pstone_1
x 1
y 24
end
arch potion_fire
x 1
y 24
end
arch pstone_1
x 1
y 25
end
arch largenugget
x 1
y 25
nrof 10
end
arch pstone_1
x 1
y 26
end
arch largenugget
x 1
y 26
nrof 10
end
arch pstone_1
x 1
y 27
end
arch pstone_1
x 1
y 28
end
arch tome
name Skill Guide
msg
Tome of  The Artificer>

Artificer is one of the most expensive and also most effective
creative skills. It will allow you to make specialized equipment which suit your
custom needs. You could even get into business with this skill,
just sell your creations to others. This tome explains how to use the skill successfully.

-Commands-

There are multiple commands for an Artificer to master. Let me explain them step by step:

The most basic command is 'use_skill artificer'.
This command is used to apply custom modifiers to your gear.
There are 32 semi-secret recipes which follow specific syntax. As you
experiment in your craft you will discover the method to apply any of the
various resistance, stat or special stat modifiers to your gear.
Be careful! Failure creates a negative modifier.

The command 'use_skill artificer merge' is more complicated.
It works only on top of a workbench, and will merge two same-type pieces of gear inside
the bench. For example you could place two swords with different modifiers and attempt to merge,
a successful merge would create a sword with the modifers for both swords on the base item.
The base item is always the first item placed in the crafting table when merging.

You are able to apply a custom name to your new creation by first using the rename <xxx> to <xxx>
command on your base item. If successful, your new creation will be perminantly named this new name
as well as have a lore section saying who made this new artifact.
(You also have some control over the face of your new creation as well, the face of the 'base' item will be used)

DEVELOPERS NOTE: THIS SKILL IS STILL IN DEVELOPMENT, THANK YOU FOR TRYING IT OUT AND PLEASE LET ME KNOW WHAT ISSUES YOU MIGHT HAVE.
-TITUSDM
endmsg
x 1
y 28
material 4
artifact Artificer
end
arch pstone_1
x 1
y 29
end
arch sapphire
x 1
y 29
nrof 10
end
arch pstone_1
x 1
y 30
end
arch sapphire
x 1
y 30
nrof 10
end
arch pstone_1
x 1
y 31
end
arch potion_cold
x 1
y 31
end
arch pstone_1
x 1
y 32
end
arch cave2
x 1
y 32
end
arch pstone_1
x 2
y 4
end
arch cave18
x 2
y 4
end
arch pstone_1
x 2
y 5
end
arch cave13
x 2
y 5
end
arch pstone_1
x 2
y 6
end
arch pstone_1
x 2
y 7
end
arch pstone_1
x 2
y 8
end
arch pstone_1
x 2
y 9
end
arch pstone_1
x 2
y 10
end
arch pstone_1
x 2
y 11
end
arch pstone_1
x 2
y 12
end
arch pstone_1
x 2
y 13
end
arch pstone_1
x 2
y 14
end
arch cave2
x 2
y 14
end
arch pstone_1
x 2
y 23
end
arch cave4
x 2
y 23
end
arch pstone_1
x 2
y 24
end
arch potion_fire
x 2
y 24
end
arch pstone_1
x 2
y 25
end
arch largenugget
x 2
y 25
nrof 10
end
arch pstone_1
x 2
y 26
end
arch largenugget
x 2
y 26
nrof 10
end
arch pstone_1
x 2
y 27
end
arch pstone_1
x 2
y 28
end
arch pstone_1
x 2
y 29
end
arch emerald
x 2
y 29
nrof 10
end
arch pstone_1
x 2
y 30
end
arch ruby
x 2
y 30
end
arch pstone_1
x 2
y 31
end
arch potion_cold
x 2
y 31
end
arch pstone_1
x 2
y 32
end
arch cave2
x 2
y 32
end
arch pstone_1
x 3
y 3
end
arch cave18
x 3
y 3
end
arch pstone_1
x 3
y 4
end
arch cave13
x 3
y 4
end
arch pstone_1
x 3
y 5
end
arch pstone_1
x 3
y 6
end
arch pstone_1
x 3
y 7
end
arch pstone_1
x 3
y 8
end
arch pstone_1
x 3
y 9
end
arch pstone_1
x 3
y 10
end
arch pstone_1
x 3
y 11
end
arch swall_1_4
x 3
y 11
end
arch pstone_1
x 3
y 12
end
arch pstone_1
x 3
y 13
end
arch pstone_1
x 3
y 14
end
arch cave2
x 3
y 14
end
arch pstone_1
x 3
y 23
end
arch cave4
x 3
y 23
end
arch pstone_1
x 3
y 24
end
arch potion_fire
x 3
y 24
end
arch pstone_1
x 3
y 25
end
arch largenugget
x 3
y 25
nrof 10
end
arch pstone_1
x 3
y 26
end
arch largenugget
x 3
y 26
nrof 10
end
arch pstone_1
x 3
y 27
end
arch pstone_1
x 3
y 28
end
arch pstone_1
x 3
y 29
end
arch emerald
x 3
y 29
nrof 10
end
arch pstone_1
x 3
y 30
end
arch ruby
x 3
y 30
end
arch pstone_1
x 3
y 31
end
arch potion_cold
x 3
y 31
end
arch pstone_1
x 3
y 32
end
arch cave2
x 3
y 32
end
arch pstone_1
x 4
y 2
end
arch cave18
x 4
y 2
end
arch pstone_1
x 4
y 3
end
arch cave13
x 4
y 3
end
arch pstone_1
x 4
y 4
end
arch pstone_1
x 4
y 5
end
arch pstone_1
x 4
y 6
end
arch pstone_1
x 4
y 7
end
arch pstone_1
x 4
y 8
end
arch pstone_1
x 4
y 9
end
arch pstone_1
x 4
y 10
end
arch pstone_1
x 4
y 11
end
arch swall_2_1_2
x 4
y 11
end
arch pstone_1
x 4
y 12
end
arch pstone_1
x 4
y 13
end
arch pstone_1
x 4
y 14
end
arch cave2
x 4
y 14
end
arch pstone_1
x 4
y 16
end
arch cave24
x 4
y 16
end
arch pstone_1
x 4
y 17
end
arch cave3
x 4
y 17
end
arch pstone_1
x 4
y 18
end
arch cave3
x 4
y 18
end
arch pstone_1
x 4
y 19
end
arch cave3
x 4
y 19
end
arch pstone_1
x 4
y 20
end
arch cave3
x 4
y 20
end
arch pstone_1
x 4
y 21
end
arch cave3
x 4
y 21
end
arch pstone_1
x 4
y 22
end
arch cave3
x 4
y 22
end
arch pstone_1
x 4
y 23
end
arch cave9
x 4
y 23
end
arch pstone_1
x 4
y 24
end
arch rough_wall_1_1
x 4
y 24
end
arch pstone_1
x 4
y 25
end
arch rough_wall_2_1_1
x 4
y 25
end
arch pstone_1
x 4
y 26
end
arch rough_wall_1_2
x 4
y 26
end
arch pstone_1
x 4
y 27
end
arch igate_closed_2
x 4
y 27
connected 10
end
arch pstone_1
x 4
y 28
end
arch igate_closed_2
x 4
y 28
connected 10
end
arch pstone_1
x 4
y 29
end
arch rough_wall_1_1
x 4
y 29
end
arch pstone_1
x 4
y 30
end
arch rough_wall_2_1_1
x 4
y 30
end
arch pstone_1
x 4
y 31
end
arch rough_wall_1_2
x 4
y 31
end
arch pstone_1
x 4
y 32
end
arch cave2
x 4
y 32
end
arch pstone_1
x 5
y 1
end
arch cave18
x 5
y 1
end
arch pstone_1
x 5
y 2
end
arch cave13
x 5
y 2
end
arch pstone_1
x 5
y 3
end
arch pstone_1
x 5
y 4
end
arch pstone_1
x 5
y 5
end
arch pstone_1
x 5
y 6
end
arch pstone_1
x 5
y 7
end
arch pstone_1
x 5
y 8
end
arch pstone_1
x 5
y 9
end
arch pstone_1
x 5
y 10
end
arch pstone_1
x 5
y 11
end
arch swall_2_1_2
x 5
y 11
end
arch pstone_1
x 5
y 12
end
arch pstone_1
x 5
y 13
end
arch pstone_1
x 5
y 14
end
arch cave2
x 5
y 14
end
arch pstone_1
x 5
y 16
end
arch cave4
x 5
y 16
end
arch pstone_1
x 5
y 17
end
arch pstone_1
x 5
y 18
end
arch pstone_1
x 5
y 19
end
arch cave6
x 5
y 19
end
arch pstone_1
x 5
y 20
end
arch cave5
x 5
y 20
end
arch pstone_1
x 5
y 21
end
arch pstone_1
x 5
y 22
end
arch pstone_1
x 5
y 23
end
arch pstone_1
x 5
y 24
end
arch pstone_1
x 5
y 25
end
arch pstone_1
x 5
y 26
end
arch cobblestones2
x 5
y 27
end
arch cobblestones2
x 5
y 28
end
arch pstone_1
x 5
y 29
end
arch pstone_1
x 5
y 30
end
arch pstone_1
x 5
y 31
end
arch pstone_1
x 5
y 32
end
arch cave12
x 5
y 32
end
arch pstone_1
x 5
y 33
end
arch cave3
x 5
y 33
end
arch pstone_1
x 5
y 34
end
arch cave3
x 5
y 34
end
arch pstone_1
x 5
y 35
end
arch cave3
x 5
y 35
end
arch pstone_1
x 5
y 36
end
arch cave3
x 5
y 36
end
arch pstone_1
x 5
y 37
end
arch cave23
x 5
y 37
end
arch pstone_1
x 6
end
arch cave18
x 6
end
arch pstone_1
x 6
y 1
end
arch cave13
x 6
y 1
end
arch pstone_1
x 6
y 2
end
arch pstone_1
x 6
y 3
end
arch pstone_1
x 6
y 4
end
arch pstone_1
x 6
y 5
end
arch pstone_1
x 6
y 6
end
arch pstone_1
x 6
y 7
end
arch pstone_1
x 6
y 8
end
arch pstone_1
x 6
y 9
end
arch pstone_1
x 6
y 10
end
arch pstone_1
x 6
y 11
end
arch swall_2_1_2
x 6
y 11
end
arch pstone_1
x 6
y 12
end
arch ladder_up
slaying jeweler_dungeon.map
hp 1
sp 10
x 6
y 12
end
arch pstone_1
x 6
y 13
end
arch pstone_1
x 6
y 14
end
arch cave2
x 6
y 14
end
arch pstone_1
x 6
y 16
end
arch cave4
x 6
y 16
end
arch pstone_1
x 6
y 17
end
arch random_mineral
x 6
y 17
end
arch pstone_1
x 6
y 18
end
arch random_mineral
x 6
y 18
end
arch pstone_1
x 6
y 19
end
arch cave7
x 6
y 19
end
arch pstone_1
x 6
y 20
end
arch cave8
x 6
y 20
end
arch pstone_1
x 6
y 21
end
arch pstone_1
x 6
y 22
end
arch pstone_1
x 6
y 23
end
arch pstone_1
x 6
y 24
end
arch pstone_1
x 6
y 25
end
arch pstone_1
x 6
y 26
end
arch pstone_1
x 6
y 27
end
arch cobblestones2
x 6
y 28
end
arch pstone_1
x 6
y 29
end
arch pstone_1
x 6
y 30
end
arch pstone_1
x 6
y 31
end
arch pstone_1
x 6
y 32
end
arch pstone_1
x 6
y 33
end
arch pstone_1
x 6
y 34
end
arch cave6
x 6
y 34
end
arch pstone_1
x 6
y 35
end
arch cave5
x 6
y 35
end
arch pstone_1
x 6
y 36
end
arch pstone_1
x 6
y 37
end
arch cave2
x 6
y 37
end
arch pstone_1
x 7
end
arch cave4
x 7
end
arch pstone_1
x 7
y 1
end
arch pstone_1
x 7
y 2
end
arch pstone_1
x 7
y 3
end
arch pstone_1
x 7
y 4
end
arch pstone_1
x 7
y 5
end
arch pstone_1
x 7
y 6
end
arch pstone_1
x 7
y 7
end
arch pstone_1
x 7
y 8
end
arch pstone_1
x 7
y 9
end
arch pstone_1
x 7
y 10
end
arch pstone_1
x 7
y 11
end
arch swall_2_2_3
x 7
y 11
end
arch pstone_1
x 7
y 12
end
arch swall_2_1_1
x 7
y 12
end
arch pstone_1
x 7
y 13
end
arch swall_1_2
x 7
y 13
end
arch pstone_1
x 7
y 14
end
arch cave2
x 7
y 14
end
arch pstone_1
x 7
y 16
end
arch cave4
x 7
y 16
end
arch pstone_1
x 7
y 17
end
arch random_mineral
x 7
y 17
end
arch pstone_1
x 7
y 18
end
arch pstone_1
x 7
y 19
end
arch pstone_1
x 7
y 20
end
arch pstone_1
x 7
y 21
end
arch pstone_1
x 7
y 22
end
arch pstone_1
x 7
y 23
end
arch pstone_1
x 7
y 24
end
arch pstone_1
x 7
y 25
end
arch pstone_1
x 7
y 26
end
arch pstone_1
x 7
y 27
end
arch pstone_1
x 7
y 28
end
arch cobblestones2
x 7
y 29
end
arch pstone_1
x 7
y 30
end
arch pstone_1
x 7
y 31
end
arch pstone_1
x 7
y 32
end
arch pstone_1
x 7
y 33
end
arch pstone_1
x 7
y 34
end
arch cave7
x 7
y 34
end
arch pstone_1
x 7
y 35
end
arch cave8
x 7
y 35
end
arch pstone_1
x 7
y 36
end
arch random_mineral
x 7
y 36
end
arch pstone_1
x 7
y 37
end
arch cave2
x 7
y 37
end
arch pstone_1
x 8
end
arch cave4
x 8
end
arch pstone_1
x 8
y 1
end
arch pstone_1
x 8
y 2
end
arch pstone_1
x 8
y 3
end
arch dread
x 8
y 3
end
arch pstone_1
x 8
y 4
end
arch pstone_1
x 8
y 5
end
arch pstone_1
x 8
y 6
end
arch pstone_1
x 8
y 7
end
arch cave6
x 8
y 7
end
arch pstone_1
x 8
y 8
end
arch cave5
x 8
y 8
end
arch pstone_1
x 8
y 9
end
arch pstone_1
x 8
y 10
end
arch pstone_1
x 8
y 11
end
arch pstone_1
x 8
y 12
end
arch pstone_1
x 8
y 13
end
arch pstone_1
x 8
y 14
end
arch cave2
x 8
y 14
end
arch pstone_1
x 8
y 16
end
arch cave4
x 8
y 16
end
arch pstone_1
x 8
y 17
end
arch random_mineral
x 8
y 17
end
arch pstone_1
x 8
y 18
end
arch pstone_1
x 8
y 19
end
arch dread
x 8
y 19
end
arch pstone_1
x 8
y 20
end
arch pstone_1
x 8
y 21
end
arch pstone_1
x 8
y 22
end
arch pstone_1
x 8
y 23
end
arch pstone_1
x 8
y 24
end
arch pstone_1
x 8
y 25
end
arch cobblestones2
x 8
y 26
end
arch pstone_1
x 8
y 27
end
arch cave6
x 8
y 27
end
arch pstone_1
x 8
y 28
end
arch cave5
x 8
y 28
end
arch pstone_1
x 8
y 29
end
arch pstone_1
x 8
y 30
end
arch pstone_1
x 8
y 31
end
arch pstone_1
x 8
y 32
end
arch pstone_1
x 8
y 33
end
arch pstone_1
x 8
y 34
end
arch pstone_1
x 8
y 35
end
arch random_mineral
x 8
y 35
end
arch pstone_1
x 8
y 36
end
arch pstone_1
x 8
y 37
end
arch cave2
x 8
y 37
end
arch pstone_1
x 9
end
arch cave4
x 9
end
arch pstone_1
x 9
y 1
end
arch pstone_1
x 9
y 2
end
arch pstone_1
x 9
y 3
end
arch pstone_1
x 9
y 4
end
arch pstone_1
x 9
y 5
end
arch pstone_1
x 9
y 6
end
arch pstone_1
x 9
y 7
end
arch cave7
x 9
y 7
end
arch pstone_1
x 9
y 8
end
arch cave8
x 9
y 8
end
arch pstone_1
x 9
y 9
end
arch pstone_1
x 9
y 10
end
arch pstone_1
x 9
y 11
end
arch pstone_1
x 9
y 12
end
arch pstone_1
x 9
y 13
end
arch pstone_1
x 9
y 14
end
arch cave2
x 9
y 14
end
arch pstone_1
x 9
y 16
end
arch cave4
x 9
y 16
end
arch pstone_1
x 9
y 17
end
arch random_mineral
x 9
y 17
end
arch pstone_1
x 9
y 18
end
arch pstone_1
x 9
y 19
end
arch pstone_1
x 9
y 20
end
arch pstone_1
x 9
y 21
end
arch pstone_1
x 9
y 22
end
arch pstone_1
x 9
y 23
end
arch pstone_1
x 9
y 24
end
arch pstone_1
x 9
y 25
end
arch pstone_1
x 9
y 26
end
arch pstone_1
x 9
y 27
end
arch cave7
x 9
y 27
end
arch pstone_1
x 9
y 28
end
arch cave8
x 9
y 28
end
arch pstone_1
x 9
y 29
end
arch random_mineral
x 9
y 29
end
arch pstone_1
x 9
y 30
end
arch pstone_1
x 9
y 31
end
arch pstone_1
x 9
y 32
end
arch pstone_1
x 9
y 33
end
arch pstone_1
x 9
y 34
end
arch pstone_1
x 9
y 35
end
arch pstone_1
x 9
y 36
end
arch pstone_1
x 9
y 37
end
arch cave2
x 9
y 37
end
arch pstone_1
x 10
end
arch cave4
x 10
end
arch pstone_1
x 10
y 1
end
arch pstone_1
x 10
y 2
end
arch pstone_1
x 10
y 3
end
arch pstone_1
x 10
y 4
end
arch pstone_1
x 10
y 5
end
arch pstone_1
x 10
y 6
end
arch pstone_1
x 10
y 7
end
arch pstone_1
x 10
y 8
end
arch pstone_1
x 10
y 9
end
arch pstone_1
x 10
y 10
end
arch pstone_1
x 10
y 11
end
arch pstone_1
x 10
y 12
end
arch pstone_1
x 10
y 13
end
arch pstone_1
x 10
y 14
end
arch cave12
x 10
y 14
end
arch pstone_1
x 10
y 15
end
arch cave3
x 10
y 15
end
arch pstone_1
x 10
y 16
end
arch cave9
x 10
y 16
end
arch pstone_1
x 10
y 17
end
arch random_mineral
x 10
y 17
end
arch pstone_1
x 10
y 18
end
arch pstone_1
x 10
y 19
end
arch pstone_1
x 10
y 20
end
arch pstone_1
x 10
y 21
end
arch pstone_1
x 10
y 22
end
arch cobblestones2
x 10
y 23
end
arch pstone_1
x 10
y 24
end
arch pstone_1
x 10
y 25
end
arch pstone_1
x 10
y 26
end
arch pstone_1
x 10
y 27
end
arch pstone_1
x 10
y 28
end
arch random_mineral
x 10
y 28
end
arch pstone_1
x 10
y 29
end
arch pstone_1
x 10
y 30
end
arch pstone_1
x 10
y 31
end
arch pstone_1
x 10
y 32
end
arch pstone_1
x 10
y 33
end
arch pstone_1
x 10
y 34
end
arch pstone_1
x 10
y 35
end
arch pstone_1
x 10
y 36
end
arch pstone_1
x 10
y 37
end
arch cave2
x 10
y 37
end
arch pstone_1
x 11
end
arch cave4
x 11
end
arch pstone_1
x 11
y 1
end
arch pstone_1
x 11
y 2
end
arch pstone_1
x 11
y 3
end
arch pstone_1
x 11
y 4
end
arch pstone_1
x 11
y 5
end
arch pstone_1
x 11
y 6
end
arch pstone_1
x 11
y 7
end
arch pstone_1
x 11
y 8
end
arch dread
x 11
y 8
end
arch pstone_1
x 11
y 9
end
arch pstone_1
x 11
y 10
end
arch pstone_1
x 11
y 11
end
arch pstone_1
x 11
y 12
end
arch pstone_1
x 11
y 13
end
arch pstone_1
x 11
y 14
end
arch pstone_1
x 11
y 15
end
arch pstone_1
x 11
y 16
end
arch pstone_1
x 11
y 17
end
arch pstone_1
x 11
y 18
end
arch pstone_1
x 11
y 19
end
arch pstone_1
x 11
y 20
end
arch pstone_1
x 11
y 21
end
arch pstone_1
x 11
y 22
end
arch pstone_1
x 11
y 23
end
arch pstone_1
x 11
y 24
end
arch pstone_1
x 11
y 25
end
arch pstone_1
x 11
y 26
end
arch pstone_1
x 11
y 27
end
arch pstone_1
x 11
y 28
end
arch pstone_1
x 11
y 29
end
arch pstone_1
x 11
y 30
end
arch pstone_1
x 11
y 31
end
arch pstone_1
x 11
y 32
end
arch pstone_1
x 11
y 33
end
arch pstone_1
x 11
y 34
end
arch pstone_1
x 11
y 35
end
arch pstone_1
x 11
y 36
end
arch pstone_1
x 11
y 37
end
arch cave2
x 11
y 37
end
arch pstone_1
x 12
end
arch cave4
x 12
end
arch pstone_1
x 12
y 1
end
arch pstone_1
x 12
y 2
end
arch pstone_1
x 12
y 3
end
arch pstone_1
x 12
y 4
end
arch pstone_1
x 12
y 5
end
arch pstone_1
x 12
y 6
end
arch pstone_1
x 12
y 7
end
arch pstone_1
x 12
y 8
end
arch pstone_1
x 12
y 9
end
arch pstone_1
x 12
y 10
end
arch pstone_1
x 12
y 11
end
arch pstone_1
x 12
y 12
end
arch pstone_1
x 12
y 13
end
arch pstone_1
x 12
y 14
end
arch pstone_1
x 12
y 15
end
arch pstone_1
x 12
y 16
end
arch pstone_1
x 12
y 17
end
arch pstone_1
x 12
y 18
end
arch cave6
x 12
y 18
end
arch pstone_1
x 12
y 19
end
arch cave5
x 12
y 19
end
arch pstone_1
x 12
y 20
end
arch pstone_1
x 12
y 21
end
arch pstone_1
x 12
y 22
end
arch pstone_1
x 12
y 23
end
arch pstone_1
x 12
y 24
end
arch dread
x 12
y 24
end
arch pstone_1
x 12
y 25
end
arch pstone_1
x 12
y 26
end
arch pstone_1
x 12
y 27
end
arch pstone_1
x 12
y 28
end
arch pstone_1
x 12
y 29
end
arch pstone_1
x 12
y 30
end
arch pstone_1
x 12
y 31
end
arch cave21
x 12
y 31
end
arch pstone_1
x 12
y 32
end
arch pstone_1
x 12
y 33
end
arch pstone_1
x 12
y 34
end
arch pstone_1
x 12
y 35
end
arch pstone_1
x 12
y 36
end
arch pstone_1
x 12
y 37
end
arch cave2
x 12
y 37
end
arch pstone_1
x 13
end
arch cave4
x 13
end
arch pstone_1
x 13
y 1
end
arch pstone_1
x 13
y 2
end
arch pstone_1
x 13
y 3
end
arch pstone_1
x 13
y 4
end
arch pstone_1
x 13
y 5
end
arch pstone_1
x 13
y 6
end
arch pstone_1
x 13
y 7
end
arch pstone_1
x 13
y 8
end
arch pstone_1
x 13
y 9
end
arch pstone_1
x 13
y 10
end
arch pstone_1
x 13
y 11
end
arch pstone_1
x 13
y 12
end
arch pstone_1
x 13
y 13
end
arch pstone_1
x 13
y 14
end
arch pstone_1
x 13
y 15
end
arch pstone_1
x 13
y 16
end
arch pstone_1
x 13
y 17
end
arch pstone_1
x 13
y 18
end
arch cave7
x 13
y 18
end
arch pstone_1
x 13
y 19
end
arch cave8
x 13
y 19
end
arch pstone_1
x 13
y 20
end
arch cobblestones2
x 13
y 21
end
arch pstone_1
x 13
y 22
end
arch pstone_1
x 13
y 23
end
arch pstone_1
x 13
y 24
end
arch pstone_1
x 13
y 25
end
arch pstone_1
x 13
y 26
end
arch pstone_1
x 13
y 27
end
arch pstone_1
x 13
y 28
end
arch pstone_1
x 13
y 29
end
arch pstone_1
x 13
y 30
end
arch pstone_1
x 13
y 31
end
arch pstone_1
x 13
y 32
end
arch pstone_1
x 13
y 33
end
arch pstone_1
x 13
y 34
end
arch pstone_1
x 13
y 35
end
arch pstone_1
x 13
y 36
end
arch pstone_1
x 13
y 37
end
arch cave2
x 13
y 37
end
arch pstone_1
x 14
end
arch cave4
x 14
end
arch pstone_1
x 14
y 1
end
arch pstone_1
x 14
y 2
end
arch pstone_1
x 14
y 3
end
arch cave21
x 14
y 3
end
arch pstone_1
x 14
y 4
end
arch pstone_1
x 14
y 5
end
arch pstone_1
x 14
y 6
end
arch pstone_1
x 14
y 7
end
arch cave11
x 14
y 7
end
arch pstone_1
x 14
y 8
end
arch cave1
x 14
y 8
end
arch pstone_1
x 14
y 9
end
arch cave10
x 14
y 9
end
arch pstone_1
x 14
y 10
end
arch pstone_1
x 14
y 11
end
arch pstone_1
x 14
y 12
end
arch pstone_1
x 14
y 13
end
arch pstone_1
x 14
y 14
end
arch pstone_1
x 14
y 15
end
arch pstone_1
x 14
y 16
end
arch pstone_1
x 14
y 17
end
arch pstone_1
x 14
y 18
end
arch pstone_1
x 14
y 19
end
arch pstone_1
x 14
y 20
end
arch pstone_1
x 14
y 21
end
arch pstone_1
x 14
y 22
end
arch pstone_1
x 14
y 23
end
arch pstone_1
x 14
y 24
end
arch pstone_1
x 14
y 25
end
arch pstone_1
x 14
y 26
end
arch pstone_1
x 14
y 27
end
arch pstone_1
x 14
y 28
end
arch pstone_1
x 14
y 29
end
arch pstone_1
x 14
y 30
end
arch pstone_1
x 14
y 31
end
arch pstone_1
x 14
y 32
end
arch pstone_1
x 14
y 33
end
arch pstone_1
x 14
y 34
end
arch pstone_1
x 14
y 35
end
arch pstone_1
x 14
y 36
end
arch pstone_1
x 14
y 37
end
arch cave2
x 14
y 37
end
arch pstone_1
x 15
end
arch cave4
x 15
end
arch pstone_1
x 15
y 1
end
arch pstone_1
x 15
y 2
end
arch pstone_1
x 15
y 3
end
arch pstone_1
x 15
y 4
end
arch pstone_1
x 15
y 5
end
arch pstone_1
x 15
y 6
end
arch random_mineral
x 15
y 6
end
arch pstone_1
x 15
y 7
end
arch cave2
x 15
y 7
end
arch pstone_1
x 15
y 8
end
arch pstone_1
x 15
y 9
end
arch cave4
x 15
y 9
end
arch pstone_1
x 15
y 10
end
arch pstone_1
x 15
y 11
end
arch pstone_1
x 15
y 12
end
arch pstone_1
x 15
y 13
end
arch pstone_1
x 15
y 14
end
arch pstone_1
x 15
y 15
end
arch pstone_1
x 15
y 16
end
arch pstone_1
x 15
y 17
end
arch pstone_1
x 15
y 18
end
arch pstone_1
x 15
y 19
end
arch pstone_1
x 15
y 20
end
arch pstone_1
x 15
y 21
end
arch pstone_1
x 15
y 22
end
arch pstone_1
x 15
y 23
end
arch pstone_1
x 15
y 24
end
arch pstone_1
x 15
y 25
end
arch pstone_1
x 15
y 26
end
arch pstone_1
x 15
y 27
end
arch pstone_1
x 15
y 28
end
arch pstone_1
x 15
y 29
end
arch pstone_1
x 15
y 30
end
arch pstone_1
x 15
y 31
end
arch destroying_angel
x 15
y 31
end
arch pstone_1
x 15
y 32
end
arch pstone_1
x 15
y 33
end
arch pstone_1
x 15
y 34
end
arch pstone_1
x 15
y 35
end
arch pstone_1
x 15
y 36
end
arch pstone_1
x 15
y 37
end
arch cave2
x 15
y 37
end
arch pstone_1
x 16
end
arch cave4
x 16
end
arch pstone_1
x 16
y 1
end
arch pstone_1
x 16
y 2
end
arch pstone_1
x 16
y 3
end
arch pstone_1
x 16
y 4
end
arch pstone_1
x 16
y 5
end
arch pstone_1
x 16
y 6
end
arch pstone_1
x 16
y 7
end
arch cave2
x 16
y 7
end
arch pstone_1
x 16
y 8
end
arch pstone_1
x 16
y 9
end
arch cave4
x 16
y 9
end
arch pstone_1
x 16
y 10
end
arch pstone_1
x 16
y 11
end
arch pstone_1
x 16
y 12
end
arch pstone_1
x 16
y 13
end
arch pstone_1
x 16
y 14
end
arch pstone_1
x 16
y 15
end
arch pstone_1
x 16
y 16
end
arch dread
x 16
y 16
end
arch pstone_1
x 16
y 17
end
arch pstone_1
x 16
y 18
end
arch pstone_1
x 16
y 19
end
arch pstone_1
x 16
y 20
end
arch cobblestones2
x 16
y 21
end
arch pstone_1
x 16
y 22
end
arch pstone_1
x 16
y 23
end
arch pstone_1
x 16
y 24
end
arch pstone_1
x 16
y 25
end
arch pstone_1
x 16
y 26
end
arch pstone_1
x 16
y 27
end
arch pstone_1
x 16
y 28
end
arch pstone_1
x 16
y 29
end
arch pstone_1
x 16
y 30
end
arch pstone_1
x 16
y 31
end
arch pstone_1
x 16
y 32
end
arch pstone_1
x 16
y 33
end
arch pstone_1
x 16
y 34
end
arch pstone_1
x 16
y 35
end
arch pstone_1
x 16
y 36
end
arch pstone_1
x 16
y 37
end
arch cave2
x 16
y 37
end
arch pstone_1
x 17
end
arch cave4
x 17
end
arch pstone_1
x 17
y 1
end
arch pstone_1
x 17
y 2
end
arch pstone_1
x 17
y 3
end
arch pstone_1
x 17
y 4
end
arch pstone_1
x 17
y 5
end
arch pstone_1
x 17
y 6
end
arch pstone_1
x 17
y 7
end
arch cave12
x 17
y 7
end
arch pstone_1
x 17
y 8
end
arch cave3
x 17
y 8
end
arch pstone_1
x 17
y 9
end
arch cave13
x 17
y 9
end
arch pstone_1
x 17
y 10
end
arch pstone_1
x 17
y 11
end
arch pstone_1
x 17
y 12
end
arch pstone_1
x 17
y 13
end
arch pstone_1
x 17
y 14
end
arch pstone_1
x 17
y 15
end
arch pstone_1
x 17
y 16
end
arch pstone_1
x 17
y 17
end
arch pstone_1
x 17
y 18
end
arch pstone_1
x 17
y 19
end
arch random_mineral
x 17
y 19
end
arch pstone_1
x 17
y 20
end
arch cave21
x 17
y 20
end
arch pstone_1
x 17
y 21
end
arch pstone_1
x 17
y 22
end
arch pstone_1
x 17
y 23
end
arch pstone_1
x 17
y 24
end
arch pstone_1
x 17
y 25
end
arch pstone_1
x 17
y 26
end
arch pstone_1
x 17
y 27
end
arch cave21
x 17
y 27
end
arch pstone_1
x 17
y 28
end
arch pstone_1
x 17
y 29
end
arch pstone_1
x 17
y 30
end
arch pstone_1
x 17
y 31
end
arch pstone_1
x 17
y 32
end
arch pstone_1
x 17
y 33
end
arch pstone_1
x 17
y 34
end
arch pstone_1
x 17
y 35
end
arch pstone_1
x 17
y 36
end
arch pstone_1
x 17
y 37
end
arch cave2
x 17
y 37
end
arch pstone_1
x 18
end
arch cave4
x 18
end
arch pstone_1
x 18
y 1
end
arch pstone_1
x 18
y 2
end
arch pstone_1
x 18
y 3
end
arch pstone_1
x 18
y 4
end
arch pstone_1
x 18
y 5
end
arch pstone_1
x 18
y 6
end
arch pstone_1
x 18
y 7
end
arch pstone_1
x 18
y 8
end
arch pstone_1
x 18
y 9
end
arch pstone_1
x 18
y 10
end
arch pstone_1
x 18
y 11
end
arch pstone_1
x 18
y 12
end
arch cave21
x 18
y 12
end
arch pstone_1
x 18
y 13
end
arch pstone_1
x 18
y 14
end
arch pstone_1
x 18
y 15
end
arch pstone_1
x 18
y 16
end
arch pstone_1
x 18
y 17
end
arch pstone_1
x 18
y 18
end
arch pstone_1
x 18
y 19
end
arch random_mineral
x 18
y 19
end
arch pstone_1
x 18
y 20
end
arch random_mineral
x 18
y 20
end
arch pstone_1
x 18
y 21
end
arch pstone_1
x 18
y 22
end
arch pstone_1
x 18
y 23
end
arch pstone_1
x 18
y 24
end
arch pstone_1
x 18
y 25
end
arch pstone_1
x 18
y 26
end
arch pstone_1
x 18
y 27
end
arch pstone_1
x 18
y 28
end
arch pstone_1
x 18
y 29
end
arch pstone_1
x 18
y 30
end
arch pstone_1
x 18
y 31
end
arch pstone_1
x 18
y 32
end
arch pstone_1
x 18
y 33
end
arch pstone_1
x 18
y 34
end
arch pstone_1
x 18
y 35
end
arch pstone_1
x 18
y 36
end
arch pstone_1
x 18
y 37
end
arch cave2
x 18
y 37
end
arch pstone_1
x 19
end
arch cave4
x 19
end
arch pstone_1
x 19
y 1
end
arch pstone_1
x 19
y 2
end
arch pstone_1
x 19
y 3
end
arch pstone_1
x 19
y 4
end
arch cave6
x 19
y 4
end
arch pstone_1
x 19
y 5
end
arch cave5
x 19
y 5
end
arch pstone_1
x 19
y 6
end
arch pstone_1
x 19
y 7
end
arch pstone_1
x 19
y 8
end
arch pstone_1
x 19
y 9
end
arch pstone_1
x 19
y 10
end
arch pstone_1
x 19
y 11
end
arch pstone_1
x 19
y 12
end
arch pstone_1
x 19
y 13
end
arch pstone_1
x 19
y 14
end
arch pstone_1
x 19
y 15
end
arch pstone_1
x 19
y 16
end
arch pstone_1
x 19
y 17
end
arch pstone_1
x 19
y 18
end
arch pstone_1
x 19
y 19
end
arch pstone_1
x 19
y 20
end
arch pstone_1
x 19
y 21
end
arch pstone_1
x 19
y 22
end
arch pstone_1
x 19
y 23
end
arch pstone_1
x 19
y 24
end
arch pstone_1
x 19
y 25
end
arch cave6
x 19
y 25
end
arch pstone_1
x 19
y 26
end
arch cave5
x 19
y 26
end
arch pstone_1
x 19
y 27
end
arch pstone_1
x 19
y 28
end
arch pstone_1
x 19
y 29
end
arch pstone_1
x 19
y 30
end
arch pstone_1
x 19
y 31
end
arch pstone_1
x 19
y 32
end
arch pstone_1
x 19
y 33
end
arch pstone_1
x 19
y 34
end
arch pstone_1
x 19
y 35
end
arch pstone_1
x 19
y 36
end
arch pstone_1
x 19
y 37
end
arch cave2
x 19
y 37
end
arch pstone_1
x 20
end
arch cave4
x 20
end
arch pstone_1
x 20
y 1
end
arch pstone_1
x 20
y 2
end
arch pstone_1
x 20
y 3
end
arch pstone_1
x 20
y 4
end
arch cave7
x 20
y 4
end
arch pstone_1
x 20
y 5
end
arch cave8
x 20
y 5
end
arch pstone_1
x 20
y 6
end
arch random_mineral
x 20
y 6
end
arch pstone_1
x 20
y 7
end
arch pstone_1
x 20
y 8
end
arch pstone_1
x 20
y 9
end
arch pstone_1
x 20
y 10
end
arch pstone_1
x 20
y 11
end
arch pstone_1
x 20
y 12
end
arch pstone_1
x 20
y 13
end
arch pstone_1
x 20
y 14
end
arch pstone_1
x 20
y 15
end
arch pstone_1
x 20
y 16
end
arch pstone_1
x 20
y 17
end
arch cobblestones2
x 20
y 18
end
arch pstone_1
x 20
y 19
end
arch pstone_1
x 20
y 20
end
arch cave11
x 20
y 20
end
arch pstone_1
x 20
y 21
end
arch cave1
x 20
y 21
end
arch pstone_1
x 20
y 22
end
arch cave1
x 20
y 22
end
arch pstone_1
x 20
y 23
end
arch cave1
x 20
y 23
end
arch pstone_1
x 20
y 24
end
arch cave1
x 20
y 24
end
arch pstone_1
x 20
y 25
end
arch cave22
x 20
y 25
end
arch pstone_1
x 20
y 26
end
arch cave4
x 20
y 26
end
arch pstone_1
x 20
y 27
end
arch pstone_1
x 20
y 28
end
arch pstone_1
x 20
y 29
end
arch pstone_1
x 20
y 30
end
arch pstone_1
x 20
y 31
end
arch dread
x 20
y 31
end
arch pstone_1
x 20
y 32
end
arch pstone_1
x 20
y 33
end
arch pstone_1
x 20
y 34
end
arch pstone_1
x 20
y 35
end
arch pstone_1
x 20
y 36
end
arch pstone_1
x 20
y 37
end
arch cave2
x 20
y 37
end
arch pstone_1
x 21
end
arch cave4
x 21
end
arch pstone_1
x 21
y 1
end
arch pstone_1
x 21
y 2
end
arch pstone_1
x 21
y 3
end
arch pstone_1
x 21
y 4
end
arch random_mineral
x 21
y 4
end
arch pstone_1
x 21
y 5
end
arch random_mineral
x 21
y 5
end
arch pstone_1
x 21
y 6
end
arch random_mineral
x 21
y 6
end
arch pstone_1
x 21
y 7
end
arch pstone_1
x 21
y 8
end
arch pstone_1
x 21
y 9
end
arch random_mineral
x 21
y 9
end
arch pstone_1
x 21
y 10
end
arch pstone_1
x 21
y 11
end
arch pstone_1
x 21
y 12
end
arch pstone_1
x 21
y 13
end
arch pstone_1
x 21
y 14
end
arch pstone_1
x 21
y 15
end
arch pstone_1
x 21
y 16
end
arch pstone_1
x 21
y 17
end
arch pstone_1
x 21
y 18
end
arch pstone_1
x 21
y 19
end
arch pstone_1
x 21
y 20
end
arch cave2
x 21
y 20
end
arch pstone_1
x 21
y 21
end
arch cave24
x 21
y 21
end
arch pstone_1
x 21
y 22
end
arch cave3
x 21
y 22
end
arch pstone_1
x 21
y 23
end
arch cave3
x 21
y 23
end
arch pstone_1
x 21
y 24
end
arch cave3
x 21
y 24
end
arch pstone_1
x 21
y 25
end
arch cave23
x 21
y 25
end
arch pstone_1
x 21
y 26
end
arch cave4
x 21
y 26
end
arch pstone_1
x 21
y 27
end
arch pstone_1
x 21
y 28
end
arch pstone_1
x 21
y 29
end
arch pstone_1
x 21
y 30
end
arch pstone_1
x 21
y 31
end
arch pstone_1
x 21
y 32
end
arch pstone_1
x 21
y 33
end
arch cave6
x 21
y 33
end
arch pstone_1
x 21
y 34
end
arch cave5
x 21
y 34
end
arch pstone_1
x 21
y 35
end
arch pstone_1
x 21
y 36
end
arch pstone_1
x 21
y 37
end
arch cave2
x 21
y 37
end
arch pstone_1
x 22
end
arch cave4
x 22
end
arch pstone_1
x 22
y 1
end
arch pstone_1
x 22
y 2
end
arch pstone_1
x 22
y 3
end
arch pstone_1
x 22
y 4
end
arch pstone_1
x 22
y 5
end
arch pstone_1
x 22
y 6
end
arch pstone_1
x 22
y 7
end
arch pstone_1
x 22
y 8
end
arch random_mineral
x 22
y 8
end
arch pstone_1
x 22
y 9
end
arch cave6
x 22
y 9
end
arch pstone_1
x 22
y 10
end
arch cave5
x 22
y 10
end
arch pstone_1
x 22
y 11
end
arch pstone_1
x 22
y 12
end
arch destroying_angel
x 22
y 12
end
arch pstone_1
x 22
y 13
end
arch pstone_1
x 22
y 14
end
arch pstone_1
x 22
y 15
end
arch pstone_1
x 22
y 16
end
arch cave21
x 22
y 16
end
arch pstone_1
x 22
y 17
end
arch pstone_1
x 22
y 18
end
arch pstone_1
x 22
y 19
end
arch pstone_1
x 22
y 20
end
arch cave2
x 22
y 20
end
arch pstone_1
x 22
y 21
end
arch cave4
x 22
y 21
end
arch cobblestones2
x 22
y 22
end
arch button_handle
x 22
y 22
connected 10
end
arch pstone_1
x 22
y 23
end
arch pstone_1
x 22
y 24
end
arch cave21
x 22
y 24
end
arch pstone_1
x 22
y 25
end
arch cave2
x 22
y 25
end
arch pstone_1
x 22
y 26
end
arch cave4
x 22
y 26
end
arch pstone_1
x 22
y 27
end
arch random_potion
x 22
y 27
end
arch pstone_1
x 22
y 28
end
arch pstone_1
x 22
y 29
end
arch pstone_1
x 22
y 30
end
arch pstone_1
x 22
y 31
end
arch pstone_1
x 22
y 32
end
arch pstone_1
x 22
y 33
end
arch cave7
x 22
y 33
end
arch pstone_1
x 22
y 34
end
arch cave8
x 22
y 34
end
arch pstone_1
x 22
y 35
end
arch pstone_1
x 22
y 36
end
arch pstone_1
x 22
y 37
end
arch cave2
x 22
y 37
end
arch pstone_1
x 23
end
arch cave4
x 23
end
arch pstone_1
x 23
y 1
end
arch pstone_1
x 23
y 2
end
arch pstone_1
x 23
y 3
end
arch dread
x 23
y 3
end
arch pstone_1
x 23
y 4
end
arch pstone_1
x 23
y 5
end
arch pstone_1
x 23
y 6
end
arch pstone_1
x 23
y 7
end
arch pstone_1
x 23
y 8
end
arch pstone_1
x 23
y 9
end
arch cave7
x 23
y 9
end
arch pstone_1
x 23
y 10
end
arch cave8
x 23
y 10
end
arch pstone_1
x 23
y 11
end
arch pstone_1
x 23
y 12
end
arch pstone_1
x 23
y 13
end
arch pstone_1
x 23
y 14
end
arch pstone_1
x 23
y 15
end
arch pstone_1
x 23
y 16
end
arch pstone_1
x 23
y 17
end
arch pstone_1
x 23
y 18
end
arch pstone_1
x 23
y 19
end
arch pstone_1
x 23
y 20
end
arch cave2
x 23
y 20
end
arch pstone_1
x 23
y 21
end
arch cave4
x 23
y 21
end
arch pstone_1
x 23
y 22
end
arch pstone_1
x 23
y 23
end
arch pstone_1
x 23
y 24
end
arch largenugget
x 23
y 24
nrof 10
end
arch pstone_1
x 23
y 25
end
arch cave2
x 23
y 25
end
arch pstone_1
x 23
y 26
end
arch cave4
x 23
y 26
end
arch pstone_1
x 23
y 27
end
arch random_potion
x 23
y 27
end
arch pstone_1
x 23
y 28
end
arch pstone_1
x 23
y 29
end
arch pstone_1
x 23
y 30
end
arch pstone_1
x 23
y 31
end
arch pstone_1
x 23
y 32
end
arch pstone_1
x 23
y 33
end
arch pstone_1
x 23
y 34
end
arch pstone_1
x 23
y 35
end
arch pstone_1
x 23
y 36
end
arch pstone_1
x 23
y 37
end
arch cave2
x 23
y 37
end
arch pstone_1
x 24
end
arch cave4
x 24
end
arch pstone_1
x 24
y 1
end
arch pstone_1
x 24
y 2
end
arch pstone_1
x 24
y 3
end
arch pstone_1
x 24
y 4
end
arch pstone_1
x 24
y 5
end
arch pstone_1
x 24
y 6
end
arch pstone_1
x 24
y 7
end
arch pstone_1
x 24
y 8
end
arch pstone_1
x 24
y 9
end
arch pstone_1
x 24
y 10
end
arch pstone_1
x 24
y 11
end
arch pstone_1
x 24
y 12
end
arch pstone_1
x 24
y 13
end
arch pstone_1
x 24
y 14
end
arch pstone_1
x 24
y 15
end
arch pstone_1
x 24
y 16
end
arch pstone_1
x 24
y 17
end
arch pstone_1
x 24
y 18
end
arch pstone_1
x 24
y 19
end
arch pstone_1
x 24
y 20
end
arch cave2
x 24
y 20
end
arch pstone_1
x 24
y 21
end
arch cave25
x 24
y 21
end
arch pstone_1
x 24
y 22
end
arch cave1
x 24
y 22
end
arch pstone_1
x 24
y 23
end
arch cave10
x 24
y 23
end
arch pstone_1
x 24
y 24
end
arch pstone_1
x 24
y 25
end
arch cave12
x 24
y 25
end
arch pstone_1
x 24
y 26
end
arch cave9
x 24
y 26
end
arch pstone_1
x 24
y 27
end
arch cave11
x 24
y 27
end
arch pstone_1
x 24
y 28
end
arch cave1
x 24
y 28
end
arch pstone_1
x 24
y 29
end
arch cave10
x 24
y 29
end
arch pstone_1
x 24
y 30
end
arch pstone_1
x 24
y 31
end
arch pstone_1
x 24
y 32
end
arch pstone_1
x 24
y 33
end
arch pstone_1
x 24
y 34
end
arch pstone_1
x 24
y 35
end
arch pstone_1
x 24
y 36
end
arch pstone_1
x 24
y 37
end
arch cave2
x 24
y 37
end
arch pstone_1
x 25
end
arch cave4
x 25
end
arch pstone_1
x 25
y 1
end
arch pstone_1
x 25
y 2
end
arch pstone_1
x 25
y 3
end
arch pstone_1
x 25
y 4
end
arch pstone_1
x 25
y 5
end
arch pstone_1
x 25
y 6
end
arch pstone_1
x 25
y 7
end
arch pstone_1
x 25
y 8
end
arch pstone_1
x 25
y 9
end
arch pstone_1
x 25
y 10
end
arch pstone_1
x 25
y 11
end
arch pstone_1
x 25
y 12
end
arch pstone_1
x 25
y 13
end
arch pstone_1
x 25
y 14
end
arch pstone_1
x 25
y 15
end
arch pstone_1
x 25
y 16
end
arch pstone_1
x 25
y 17
end
arch cobblestones2
x 25
y 18
end
arch pstone_1
x 25
y 19
end
arch pstone_1
x 25
y 20
end
arch cave12
x 25
y 20
end
arch pstone_1
x 25
y 21
end
arch cave3
x 25
y 21
end
arch pstone_1
x 25
y 22
end
arch cave3
x 25
y 22
end
arch pstone_1
x 25
y 23
end
arch cave9
x 25
y 23
end
arch pstone_1
x 25
y 24
end
arch pstone_1
x 25
y 25
end
arch pstone_1
x 25
y 26
end
arch largenugget
x 25
y 26
nrof 10
end
arch pstone_1
x 25
y 27
end
arch cave2
x 25
y 27
end
arch pstone_1
x 25
y 28
end
arch pstone_1
x 25
y 29
end
arch cave4
x 25
y 29
end
arch pstone_1
x 25
y 30
end
arch pstone_1
x 25
y 31
end
arch pstone_1
x 25
y 32
end
arch pstone_1
x 25
y 33
end
arch pstone_1
x 25
y 34
end
arch pstone_1
x 25
y 35
end
arch pstone_1
x 25
y 36
end
arch pstone_1
x 25
y 37
end
arch cave2
x 25
y 37
end
arch pstone_1
x 26
end
arch cave4
x 26
end
arch pstone_1
x 26
y 1
end
arch pstone_1
x 26
y 2
end
arch pstone_1
x 26
y 3
end
arch pstone_1
x 26
y 4
end
arch pstone_1
x 26
y 5
end
arch pstone_1
x 26
y 6
end
arch pstone_1
x 26
y 7
end
arch pstone_1
x 26
y 8
end
arch pstone_1
x 26
y 9
end
arch pstone_1
x 26
y 10
end
arch pstone_1
x 26
y 11
end
arch pstone_1
x 26
y 12
end
arch pstone_1
x 26
y 13
end
arch pstone_1
x 26
y 14
end
arch pstone_1
x 26
y 15
end
arch pstone_1
x 26
y 16
end
arch pstone_1
x 26
y 17
end
arch pstone_1
x 26
y 18
end
arch pstone_1
x 26
y 19
end
arch pstone_1
x 26
y 20
end
arch grate_closed_1
x 26
y 20
connected 1
end
arch pstone_1
x 26
y 21
end
arch grate_closed_1
x 26
y 21
connected 2
end
arch pstone_1
x 26
y 22
end
arch grate_closed_1
x 26
y 22
connected 3
end
arch pstone_1
x 26
y 23
end
arch grate_closed_1
x 26
y 23
connected 4
end
arch pstone_1
x 26
y 24
end
arch note
name to the student
msg
Dear student of artificer:
Take the scroll of artificer and read it
to learn the basic skill of artificer.

If you succeed in learning the skill follow the path west to recieve your skill manual.
endmsg
x 26
y 24
end
arch pstone_1
x 26
y 25
end
arch pstone_1
x 26
y 26
end
arch random_gem
x 26
y 26
end
arch pstone_1
x 26
y 27
end
arch cave2
x 26
y 27
end
arch pstone_1
x 26
y 28
end
arch pstone_1
x 26
y 29
end
arch cave4
x 26
y 29
end
arch pstone_1
x 26
y 30
end
arch random_treasure
x 26
y 30
end
arch pstone_1
x 26
y 31
end
arch random_treasure
x 26
y 31
end
arch pstone_1
x 26
y 32
end
arch random_treasure
x 26
y 32
end
arch pstone_1
x 26
y 33
end
arch pstone_1
x 26
y 34
end
arch pstone_1
x 26
y 35
end
arch pstone_1
x 26
y 36
end
arch random_treasure
x 26
y 36
end
arch pstone_1
x 26
y 37
end
arch cave2
x 26
y 37
end
arch pstone_1
x 27
end
arch cave25
x 27
end
arch pstone_1
x 27
y 1
end
arch cave1
x 27
y 1
end
arch pstone_1
x 27
y 2
end
arch cave1
x 27
y 2
end
arch pstone_1
x 27
y 3
end
arch cave1
x 27
y 3
end
arch pstone_1
x 27
y 4
end
arch cave1
x 27
y 4
end
arch pstone_1
x 27
y 5
end
arch cave1
x 27
y 5
end
arch pstone_1
x 27
y 6
end
arch cave1
x 27
y 6
end
arch pstone_1
x 27
y 7
end
arch cave1
x 27
y 7
end
arch pstone_1
x 27
y 8
end
arch cave1
x 27
y 8
end
arch pstone_1
x 27
y 9
end
arch cave1
x 27
y 9
end
arch pstone_1
x 27
y 10
end
arch cave1
x 27
y 10
end
arch pstone_1
x 27
y 11
end
arch cave1
x 27
y 11
end
arch pstone_1
x 27
y 12
end
arch cave10
x 27
y 12
end
arch pstone_1
x 27
y 13
end
arch pstone_1
x 27
y 14
end
arch cave6
x 27
y 14
end
arch pstone_1
x 27
y 15
end
arch cave5
x 27
y 15
end
arch pstone_1
x 27
y 16
end
arch pstone_1
x 27
y 17
end
arch pstone_1
x 27
y 18
end
arch pstone_1
x 27
y 19
end
arch pstone_1
x 27
y 20
end
arch cave21
x 27
y 20
end
arch pstone_1
x 27
y 21
end
arch cave21
x 27
y 21
end
arch pstone_1
x 27
y 22
end
arch cave21
x 27
y 22
end
arch pstone_1
x 27
y 23
end
arch cave21
x 27
y 23
end
arch pstone_1
x 27
y 24
end
arch cave21
x 27
y 24
end
arch pstone_1
x 27
y 25
end
arch random_gem
x 27
y 25
end
arch pstone_1
x 27
y 26
end
arch random_gem
x 27
y 26
end
arch pstone_1
x 27
y 27
end
arch cave12
x 27
y 27
end
arch pstone_1
x 27
y 28
end
arch cave3
x 27
y 28
end
arch pstone_1
x 27
y 29
end
arch cave9
x 27
y 29
end
arch pstone_1
x 27
y 30
end
arch cave11
x 27
y 30
end
arch pstone_1
x 27
y 31
end
arch cave10
x 27
y 31
end
arch pstone_1
x 27
y 32
end
arch random_treasure
x 27
y 32
end
arch pstone_1
x 27
y 33
end
arch pstone_1
x 27
y 34
end
arch random_treasure
x 27
y 34
end
arch pstone_1
x 27
y 35
end
arch random_treasure
x 27
y 35
end
arch pstone_1
x 27
y 36
end
arch random_treasure
x 27
y 36
end
arch pstone_1
x 27
y 37
end
arch cave12
x 27
y 37
end
arch pstone_1
x 27
y 38
end
arch cave3
x 27
y 38
end
arch pstone_1
x 28
y 12
end
arch cave4
x 28
y 12
end
arch pstone_1
x 28
y 13
end
arch pstone_1
x 28
y 14
end
arch cave7
x 28
y 14
end
arch pstone_1
x 28
y 15
end
arch cave8
x 28
y 15
end
arch pstone_1
x 28
y 16
end
arch pstone_1
x 28
y 17
end
arch pstone_1
x 28
y 18
end
arch pstone_1
x 28
y 19
end
arch pstone_1
x 28
y 20
end
arch altar_trigger
name ring of fire resistancy
slaying resist_fire
face evilpenta.111
food 1
x 28
y 20
last_sp 1
connected 4
end
arch pstone_1
x 28
y 21
end
arch altar_trigger
name ring of cold resistancy
slaying resist_cold
face evilpenta.111
food 1
x 28
y 21
last_sp 1
connected 3
end
arch pstone_1
x 28
y 22
end
arch altar_trigger
name ring of electricity resistancy
slaying resist_electricity
face evilpenta.111
food 1
x 28
y 22
last_sp 1
connected 2
end
arch pstone_1
x 28
y 23
end
arch altar_trigger
name ring of paralyzation resistancy
slaying resist_paralyze
face evilpenta.111
food 1
x 28
y 23
last_sp 1
connected 1
end
arch pstone_1
x 28
y 24
end
arch cave21
x 28
y 24
end
arch pstone_1
x 28
y 25
end
arch random_gem
x 28
y 25
end
arch pstone_1
x 28
y 26
end
arch random_gem
x 28
y 26
end
arch pstone_1
x 28
y 27
end
arch largenugget
x 28
y 27
nrof 10
end
arch pstone_1
x 28
y 28
end
arch pstone_1
x 28
y 29
end
arch scroll_jewelry
skill artificer
x 28
y 29
identified_name scroll of artificer
identified_name_pl scrolls of artificer
end
arch pstone_1
x 28
y 30
end
arch cave2
x 28
y 30
end
arch pstone_1
x 28
y 31
end
arch cave4
x 28
y 31
end
arch pstone_1
x 28
y 32
end
arch random_treasure
x 28
y 32
end
arch pstone_1
x 28
y 33
end
arch random_treasure
x 28
y 33
end
arch pstone_1
x 28
y 34
end
arch random_treasure
x 28
y 34
end
arch pstone_1
x 28
y 35
end
arch cave11
x 28
y 35
end
arch pstone_1
x 28
y 36
end
arch cave1
x 28
y 36
end
arch pstone_1
x 28
y 37
end
arch cave1
x 28
y 37
end
arch pstone_1
x 28
y 38
end
arch cave1
x 28
y 38
end
arch pstone_1
x 29
y 1
end
arch cave24
x 29
y 1
end
arch pstone_1
x 29
y 2
end
arch cave3
x 29
y 2
end
arch pstone_1
x 29
y 3
end
arch cave3
x 29
y 3
end
arch pstone_1
x 29
y 4
end
arch cave3
x 29
y 4
end
arch pstone_1
x 29
y 5
end
arch cave3
x 29
y 5
end
arch pstone_1
x 29
y 6
end
arch cave3
x 29
y 6
end
arch pstone_1
x 29
y 7
end
arch cave3
x 29
y 7
end
arch pstone_1
x 29
y 8
end
arch cave3
x 29
y 8
end
arch pstone_1
x 29
y 9
end
arch cave3
x 29
y 9
end
arch pstone_1
x 29
y 10
end
arch cave3
x 29
y 10
end
arch pstone_1
x 29
y 11
end
arch cave3
x 29
y 11
end
arch pstone_1
x 29
y 12
end
arch cave9
x 29
y 12
end
arch pstone_1
x 29
y 13
end
arch pstone_1
x 29
y 14
end
arch pstone_1
x 29
y 15
end
arch pstone_1
x 29
y 16
end
arch pstone_1
x 29
y 17
end
arch pstone_1
x 29
y 18
end
arch pstone_1
x 29
y 19
end
arch pstone_1
x 29
y 20
end
arch pstone_1
x 29
y 21
end
arch pstone_1
x 29
y 22
end
arch pstone_1
x 29
y 23
end
arch pstone_1
x 29
y 24
end
arch cave11
x 29
y 24
end
arch pstone_1
x 29
y 25
end
arch cave1
x 29
y 25
end
arch pstone_1
x 29
y 26
end
arch cave1
x 29
y 26
end
arch pstone_1
x 29
y 27
end
arch cave1
x 29
y 27
end
arch pstone_1
x 29
y 28
end
arch cave1
x 29
y 28
end
arch pstone_1
x 29
y 29
end
arch cave1
x 29
y 29
end
arch pstone_1
x 29
y 30
end
arch cave22
x 29
y 30
end
arch pstone_1
x 29
y 31
end
arch cave25
x 29
y 31
end
arch pstone_1
x 29
y 32
end
arch cave1
x 29
y 32
end
arch pstone_1
x 29
y 33
end
arch cave1
x 29
y 33
end
arch pstone_1
x 29
y 34
end
arch cave1
x 29
y 34
end
arch pstone_1
x 29
y 35
end
arch cave22
x 29
y 35
end
arch pstone_1
x 30
y 1
end
arch cave4
x 30
y 1
end
arch pstone_1
x 30
y 2
end
arch pstone_1
x 30
y 3
end
arch pstone_1
x 30
y 4
end
arch pstone_1
x 30
y 5
end
arch pstone_1
x 30
y 6
end
arch pstone_1
x 30
y 7
end
arch pstone_1
x 30
y 8
end
arch pstone_1
x 30
y 9
end
arch random_mineral
x 30
y 9
end
arch pstone_1
x 30
y 10
end
arch random_mineral
x 30
y 10
end
arch pstone_1
x 30
y 11
end
arch random_mineral
x 30
y 11
end
arch pstone_1
x 30
y 12
end
arch pstone_1
x 30
y 13
end
arch pstone_1
x 30
y 14
end
arch pstone_1
x 30
y 15
end
arch pstone_1
x 30
y 16
end
arch pstone_1
x 30
y 17
end
arch pstone_1
x 30
y 18
end
arch pstone_1
x 30
y 19
end
arch pstone_1
x 30
y 20
end
arch pstone_1
x 30
y 21
end
arch pstone_1
x 30
y 22
end
arch pstone_1
x 30
y 23
end
arch pstone_1
x 30
y 24
end
arch cave12
x 30
y 24
end
arch pstone_1
x 30
y 25
end
arch cave3
x 30
y 25
end
arch pstone_1
x 30
y 26
end
arch cave3
x 30
y 26
end
arch pstone_1
x 30
y 27
end
arch cave3
x 30
y 27
end
arch pstone_1
x 30
y 28
end
arch cave3
x 30
y 28
end
arch pstone_1
x 30
y 29
end
arch cave3
x 30
y 29
end
arch pstone_1
x 30
y 30
end
arch cave3
x 30
y 30
end
arch pstone_1
x 30
y 31
end
arch cave3
x 30
y 31
end
arch pstone_1
x 30
y 32
end
arch cave3
x 30
y 32
end
arch pstone_1
x 30
y 33
end
arch cave3
x 30
y 33
end
arch pstone_1
x 30
y 34
end
arch cave3
x 30
y 34
end
arch pstone_1
x 30
y 35
end
arch cave23
x 30
y 35
end
arch pstone_1
x 31
y 1
end
arch cave4
x 31
y 1
end
arch pstone_1
x 31
y 2
end
arch pstone_1
x 31
y 3
end
arch pstone_1
x 31
y 4
end
arch pstone_1
x 31
y 5
end
arch pstone_1
x 31
y 6
end
arch pstone_1
x 31
y 7
end
arch pstone_1
x 31
y 8
end
arch pstone_1
x 31
y 9
end
arch pstone_1
x 31
y 10
end
arch pstone_1
x 31
y 11
end
arch pstone_1
x 31
y 12
end
arch pstone_1
x 31
y 13
end
arch pstone_1
x 31
y 14
end
arch pstone_1
x 31
y 15
end
arch cave6
x 31
y 15
end
arch pstone_1
x 31
y 16
end
arch cave5
x 31
y 16
end
arch pstone_1
x 31
y 17
end
arch random_mineral
x 31
y 17
end
arch pstone_1
x 31
y 18
end
arch pstone_1
x 31
y 19
end
arch pstone_1
x 31
y 20
end
arch pstone_1
x 31
y 21
end
arch cave6
x 31
y 21
end
arch pstone_1
x 31
y 22
end
arch cave5
x 31
y 22
end
arch pstone_1
x 31
y 23
end
arch pstone_1
x 31
y 24
end
arch pstone_1
x 31
y 25
end
arch pstone_1
x 31
y 26
end
arch pstone_1
x 31
y 27
end
arch cave6
x 31
y 27
end
arch pstone_1
x 31
y 28
end
arch cave5
x 31
y 28
end
arch pstone_1
x 31
y 29
end
arch random_mineral
x 31
y 29
end
arch pstone_1
x 31
y 30
end
arch pstone_1
x 31
y 31
end
arch pstone_1
x 31
y 32
end
arch pstone_1
x 31
y 33
end
arch pstone_1
x 31
y 34
end
arch pstone_1
x 31
y 35
end
arch cave2
x 31
y 35
end
arch pstone_1
x 32
y 1
end
arch cave19
x 32
y 1
end
arch pstone_1
x 32
y 2
end
arch cave5
x 32
y 2
end
arch pstone_1
x 32
y 3
end
arch pstone_1
x 32
y 4
end
arch random_wealth
x 32
y 4
end
arch pstone_1
x 32
y 5
end
arch random_wealth
x 32
y 5
end
arch pstone_1
x 32
y 6
end
arch cave6
x 32
y 6
end
arch pstone_1
x 32
y 7
end
arch cave5
x 32
y 7
end
arch pstone_1
x 32
y 8
end
arch dread
x 32
y 8
end
arch pstone_1
x 32
y 9
end
arch pstone_1
x 32
y 10
end
arch pstone_1
x 32
y 11
end
arch pstone_1
x 32
y 12
end
arch pstone_1
x 32
y 13
end
arch pstone_1
x 32
y 14
end
arch pstone_1
x 32
y 15
end
arch cave7
x 32
y 15
end
arch pstone_1
x 32
y 16
end
arch cave8
x 32
y 16
end
arch pstone_1
x 32
y 17
end
arch random_mineral
x 32
y 17
end
arch pstone_1
x 32
y 18
end
arch pstone_1
x 32
y 19
end
arch pstone_1
x 32
y 20
end
arch pstone_1
x 32
y 21
end
arch cave7
x 32
y 21
end
arch pstone_1
x 32
y 22
end
arch cave8
x 32
y 22
end
arch pstone_1
x 32
y 23
end
arch pstone_1
x 32
y 24
end
arch pstone_1
x 32
y 25
end
arch pstone_1
x 32
y 26
end
arch random_mineral
x 32
y 26
end
arch pstone_1
x 32
y 27
end
arch cave7
x 32
y 27
end
arch pstone_1
x 32
y 28
end
arch cave8
x 32
y 28
end
arch pstone_1
x 32
y 29
end
arch pstone_1
x 32
y 30
end
arch pstone_1
x 32
y 31
end
arch pstone_1
x 32
y 32
end
arch pstone_1
x 32
y 33
end
arch pstone_1
x 32
y 34
end
arch pstone_1
x 32
y 35
end
arch cave2
x 32
y 35
end
arch pstone_1
x 33
y 2
end
arch cave19
x 33
y 2
end
arch pstone_1
x 33
y 3
end
arch cave5
x 33
y 3
end
arch pstone_1
x 33
y 4
end
arch random_wealth
x 33
y 4
end
arch pstone_1
x 33
y 5
end
arch random_wealth
x 33
y 5
end
arch pstone_1
x 33
y 6
end
arch cave7
x 33
y 6
end
arch pstone_1
x 33
y 7
end
arch cave8
x 33
y 7
end
arch pstone_1
x 33
y 8
end
arch pstone_1
x 33
y 9
end
arch pstone_1
x 33
y 10
end
arch pstone_1
x 33
y 11
end
arch pstone_1
x 33
y 12
end
arch pstone_1
x 33
y 13
end
arch pstone_1
x 33
y 14
end
arch pstone_1
x 33
y 15
end
arch pstone_1
x 33
y 16
end
arch random_mineral
x 33
y 16
end
arch pstone_1
x 33
y 17
end
arch random_mineral
x 33
y 17
end
arch pstone_1
x 33
y 18
end
arch pstone_1
x 33
y 19
end
arch pstone_1
x 33
y 20
end
arch pstone_1
x 33
y 21
end
arch pstone_1
x 33
y 22
end
arch pstone_1
x 33
y 23
end
arch pstone_1
x 33
y 24
end
arch pstone_1
x 33
y 25
end
arch pstone_1
x 33
y 26
end
arch random_mineral
x 33
y 26
end
arch pstone_1
x 33
y 27
end
arch random_mineral
x 33
y 27
end
arch pstone_1
x 33
y 28
end
arch pstone_1
x 33
y 29
end
arch pstone_1
x 33
y 30
end
arch pstone_1
x 33
y 31
end
arch pstone_1
x 33
y 32
end
arch pstone_1
x 33
y 33
end
arch pstone_1
x 33
y 34
end
arch pstone_1
x 33
y 35
end
arch cave2
x 33
y 35
end
arch pstone_1
x 34
y 3
end
arch cave19
x 34
y 3
end
arch pstone_1
x 34
y 4
end
arch cave5
x 34
y 4
end
arch pstone_1
x 34
y 5
end
arch pstone_1
x 34
y 6
end
arch pstone_1
x 34
y 7
end
arch pstone_1
x 34
y 8
end
arch pstone_1
x 34
y 9
end
arch pstone_1
x 34
y 10
end
arch cave21
x 34
y 10
end
arch pstone_1
x 34
y 11
end
arch random_mineral
x 34
y 11
end
arch pstone_1
x 34
y 12
end
arch pstone_1
x 34
y 13
end
arch pstone_1
x 34
y 14
end
arch pstone_1
x 34
y 15
end
arch pstone_1
x 34
y 16
end
arch pstone_1
x 34
y 17
end
arch pstone_1
x 34
y 18
end
arch pstone_1
x 34
y 19
end
arch pstone_1
x 34
y 20
end
arch pstone_1
x 34
y 21
end
arch pstone_1
x 34
y 22
end
arch pstone_1
x 34
y 23
end
arch pstone_1
x 34
y 24
end
arch pstone_1
x 34
y 25
end
arch pstone_1
x 34
y 26
end
arch pstone_1
x 34
y 27
end
arch pstone_1
x 34
y 28
end
arch pstone_1
x 34
y 29
end
arch pstone_1
x 34
y 30
end
arch pstone_1
x 34
y 31
end
arch pstone_1
x 34
y 32
end
arch destroying_angel
x 34
y 32
end
arch pstone_1
x 34
y 33
end
arch pstone_1
x 34
y 34
end
arch pstone_1
x 34
y 35
end
arch cave2
x 34
y 35
end
arch pstone_1
x 35
y 4
end
arch cave19
x 35
y 4
end
arch pstone_1
x 35
y 5
end
arch cave5
x 35
y 5
end
arch pstone_1
x 35
y 6
end
arch pstone_1
x 35
y 7
end
arch pstone_1
x 35
y 8
end
arch pstone_1
x 35
y 9
end
arch pstone_1
x 35
y 10
end
arch random_mineral
x 35
y 10
end
arch pstone_1
x 35
y 11
end
arch random_mineral
x 35
y 11
end
arch pstone_1
x 35
y 12
end
arch pstone_1
x 35
y 13
end
arch pstone_1
x 35
y 14
end
arch pstone_1
x 35
y 15
end
arch pstone_1
x 35
y 16
end
arch pstone_1
x 35
y 17
end
arch pstone_1
x 35
y 18
end
arch pstone_1
x 35
y 19
end
arch pstone_1
x 35
y 20
end
arch pstone_1
x 35
y 21
end
arch pstone_1
x 35
y 22
end
arch pstone_1
x 35
y 23
end
arch pstone_1
x 35
y 24
end
arch pstone_1
x 35
y 25
end
arch pstone_1
x 35
y 26
end
arch pstone_1
x 35
y 27
end
arch pstone_1
x 35
y 28
end
arch pstone_1
x 35
y 29
end
arch pstone_1
x 35
y 30
end
arch pstone_1
x 35
y 31
end
arch pstone_1
x 35
y 32
end
arch pstone_1
x 35
y 33
end
arch pstone_1
x 35
y 34
end
arch pstone_1
x 35
y 35
end
arch cave2
x 35
y 35
end
arch pstone_1
x 36
y 5
end
arch cave4
x 36
y 5
end
arch pstone_1
x 36
y 6
end
arch pstone_1
x 36
y 7
end
arch pstone_1
x 36
y 8
end
arch pstone_1
x 36
y 9
end
arch pstone_1
x 36
y 10
end
arch pstone_1
x 36
y 11
end
arch pstone_1
x 36
y 12
end
arch pstone_1
x 36
y 13
end
arch pstone_1
x 36
y 14
end
arch pstone_1
x 36
y 15
end
arch pstone_1
x 36
y 16
end
arch pstone_1
x 36
y 17
end
arch pstone_1
x 36
y 18
end
arch pstone_1
x 36
y 19
end
arch pstone_1
x 36
y 20
end
arch pstone_1
x 36
y 21
end
arch pstone_1
x 36
y 22
end
arch pstone_1
x 36
y 23
end
arch pstone_1
x 36
y 24
end
arch pstone_1
x 36
y 25
end
arch pstone_1
x 36
y 26
end
arch pstone_1
x 36
y 27
end
arch pstone_1
x 36
y 28
end
arch pstone_1
x 36
y 29
end
arch pstone_1
x 36
y 30
end
arch pstone_1
x 36
y 31
end
arch pstone_1
x 36
y 32
end
arch pstone_1
x 36
y 33
end
arch pstone_1
x 36
y 34
end
arch pstone_1
x 36
y 35
end
arch cave2
x 36
y 35
end
arch pstone_1
x 37
y 5
end
arch cave25
x 37
y 5
end
arch pstone_1
x 37
y 6
end
arch cave1
x 37
y 6
end
arch pstone_1
x 37
y 7
end
arch cave1
x 37
y 7
end
arch pstone_1
x 37
y 8
end
arch cave1
x 37
y 8
end
arch pstone_1
x 37
y 9
end
arch cave1
x 37
y 9
end
arch pstone_1
x 37
y 10
end
arch cave1
x 37
y 10
end
arch pstone_1
x 37
y 11
end
arch cave1
x 37
y 11
end
arch pstone_1
x 37
y 12
end
arch cave1
x 37
y 12
end
arch pstone_1
x 37
y 13
end
arch cave1
x 37
y 13
end
arch pstone_1
x 37
y 14
end
arch cave1
x 37
y 14
end
arch pstone_1
x 37
y 15
end
arch cave1
x 37
y 15
end
arch pstone_1
x 37
y 16
end
arch cave1
x 37
y 16
end
arch pstone_1
x 37
y 17
end
arch cave1
x 37
y 17
end
arch pstone_1
x 37
y 18
end
arch cave1
x 37
y 18
end
arch pstone_1
x 37
y 19
end
arch cave1
x 37
y 19
end
arch pstone_1
x 37
y 20
end
arch cave1
x 37
y 20
end
arch pstone_1
x 37
y 21
end
arch cave1
x 37
y 21
end
arch pstone_1
x 37
y 22
end
arch cave1
x 37
y 22
end
arch pstone_1
x 37
y 23
end
arch cave1
x 37
y 23
end
arch pstone_1
x 37
y 24
end
arch cave1
x 37
y 24
end
arch pstone_1
x 37
y 25
end
arch cave1
x 37
y 25
end
arch pstone_1
x 37
y 26
end
arch cave1
x 37
y 26
end
arch pstone_1
x 37
y 27
end
arch cave1
x 37
y 27
end
arch pstone_1
x 37
y 28
end
arch cave1
x 37
y 28
end
arch pstone_1
x 37
y 29
end
arch cave1
x 37
y 29
end
arch pstone_1
x 37
y 30
end
arch cave1
x 37
y 30
end
arch pstone_1
x 37
y 31
end
arch cave1
x 37
y 31
end
arch pstone_1
x 37
y 32
end
arch cave1
x 37
y 32
end
arch pstone_1
x 37
y 33
end
arch cave1
x 37
y 33
end
arch pstone_1
x 37
y 34
end
arch cave1
x 37
y 34
end
arch pstone_1
x 37
y 35
end
arch cave22
x 37
y 35
end
