arch map
name Town Portal Bungalow
region valleynoy
width 9
height 10
msg
Modified: 2021-03-03 Titus
endmsg
end
arch lostlabfloor12
end
arch stwall_2_2_2
end
arch lostlabfloor12
y 1
end
arch stwall_2_1_1
y 1
end
arch lostlabfloor12
y 2
end
arch stwall_2_1_1
y 2
end
arch lostlabfloor12
y 3
end
arch stwall_2_1_1
y 3
end
arch lostlabfloor12
y 4
end
arch stwall_2_1_1
y 4
end
arch lostlabfloor12
y 5
end
arch stwall_2_1_1
y 5
end
arch lostlabfloor12
y 6
end
arch stwall_2_1_1
y 6
end
arch lostlabfloor12
y 7
end
arch stwall_2_1_1
y 7
end
arch lostlabfloor12
y 8
end
arch stwall_2_1_1
y 8
end
arch lostlabfloor12
y 9
end
arch stwall_2_2_1
y 9
end
arch lostlabfloor12
x 1
end
arch stwall_2_1_2
x 1
end
arch lostlabwater
x 1
y 1
end
arch lostlabwater
x 1
y 2
end
arch lostlabwater
x 1
y 3
end
arch lostlabwater
x 1
y 4
end
arch lostlabwater
x 1
y 5
end
arch lostlabfloor12
x 1
y 6
end
arch lostlabfloor12
x 1
y 7
end
arch lostlabfloor12
x 1
y 8
end
arch lostlabfloor12
x 1
y 9
end
arch stwall_2_1_2
x 1
y 9
end
arch lostlabfloor12
x 2
end
arch stwall_2_1_2
x 2
end
arch lostlabwater
x 2
y 1
end
arch lostlabwater
x 2
y 2
end
arch lostlabwater
x 2
y 3
end
arch lostlabwater
x 2
y 4
end
arch lostlabwater
x 2
y 5
end
arch lostlabfloor12
x 2
y 6
end
arch lostlabfloor12
x 2
y 7
end
arch lostlabfloor12
x 2
y 8
end
arch lostlabfloor12
x 2
y 9
end
arch stwall_2_1_2
x 2
y 9
end
arch lostlabfloor12
x 3
end
arch stwall_2_1_2
x 3
end
arch lostlabwater
x 3
y 1
end
arch lostlabfloor12
x 3
y 2
end
arch firepot
x 3
y 2
end
arch town_portal_attunement_floor
x 3
y 3
arch town_portal_attunement
end
end
arch lostlabfloor12
x 3
y 4
end
arch firepot
x 3
y 4
end
arch lostlabwater
x 3
y 5
end
arch lostlabfloor12
x 3
y 6
end
arch firepot
x 3
y 6
end
arch lostlabfloor12
x 3
y 7
end
arch lostlabfloor12
x 3
y 8
end
arch firepot
x 3
y 8
end
arch lostlabfloor12
x 3
y 9
end
arch stwall_1_3
x 3
y 9
end
arch lostlabfloor12
x 4
end
arch stwall_2_1_2
x 4
end
arch lostlabwater
x 4
y 1
end
arch town_portal_attunement_floor
x 4
y 2
arch town_portal_attunement
end
end
arch town_portal_attunement_floor
x 4
y 3
arch town_portal_attunement
end
end
arch town_portal_attunement_floor
x 4
y 4
arch town_portal_attunement
end
end
arch lostlabfloor12
x 4
y 5
end
arch lostlabfloor12
x 4
y 6
end
arch lostlabfloor12
x 4
y 7
end
arch lostlabfloor12
x 4
y 8
end
arch lostlabfloor12
x 4
y 9
end
arch oakdoor
slaying /world/world_121_124
hp 33
sp 15
x 4
y 9
end
arch lostlabfloor12
x 5
end
arch stwall_2_1_2
x 5
end
arch lostlabwater
x 5
y 1
end
arch lostlabfloor12
x 5
y 2
end
arch firepot
x 5
y 2
end
arch town_portal_attunement_floor
x 5
y 3
arch town_portal_attunement
end
end
arch lostlabfloor12
x 5
y 4
end
arch firepot
x 5
y 4
end
arch lostlabwater
x 5
y 5
end
arch lostlabfloor12
x 5
y 6
end
arch firepot
x 5
y 6
end
arch lostlabfloor12
x 5
y 7
end
arch lostlabfloor12
x 5
y 8
end
arch firepot
x 5
y 8
end
arch lostlabfloor12
x 5
y 9
end
arch stwall_1_4
x 5
y 9
end
arch lostlabfloor12
x 6
end
arch stwall_2_1_2
x 6
end
arch lostlabwater
x 6
y 1
end
arch lostlabwater
x 6
y 2
end
arch lostlabwater
x 6
y 3
end
arch lostlabwater
x 6
y 4
end
arch lostlabwater
x 6
y 5
end
arch lostlabfloor12
x 6
y 6
end
arch lostlabfloor12
x 6
y 7
end
arch lostlabfloor12
x 6
y 8
end
arch lostlabfloor12
x 6
y 9
end
arch stwall_2_1_2
x 6
y 9
end
arch lostlabfloor12
x 7
end
arch stwall_2_1_2
x 7
end
arch lostlabwater
x 7
y 1
end
arch lostlabwater
x 7
y 2
end
arch lostlabwater
x 7
y 3
end
arch lostlabwater
x 7
y 4
end
arch lostlabwater
x 7
y 5
end
arch lostlabfloor12
x 7
y 6
end
arch lostlabfloor12
x 7
y 7
end
arch lostlabfloor12
x 7
y 8
end
arch lostlabfloor12
x 7
y 9
end
arch stwall_2_1_2
x 7
y 9
end
arch lostlabfloor12
x 8
end
arch stwall_2_2_3
x 8
end
arch lostlabfloor12
x 8
y 1
end
arch stwall_2_1_1
x 8
y 1
end
arch lostlabfloor12
x 8
y 2
end
arch stwall_2_1_1
x 8
y 2
end
arch lostlabfloor12
x 8
y 3
end
arch stwall_2_1_1
x 8
y 3
end
arch lostlabfloor12
x 8
y 4
end
arch stwall_2_1_1
x 8
y 4
end
arch lostlabfloor12
x 8
y 5
end
arch stwall_2_1_1
x 8
y 5
end
arch lostlabfloor12
x 8
y 6
end
arch stwall_2_1_1
x 8
y 6
end
arch lostlabfloor12
x 8
y 7
end
arch stwall_2_1_1
x 8
y 7
end
arch lostlabfloor12
x 8
y 8
end
arch stwall_2_1_1
x 8
y 8
end
arch lostlabfloor12
x 8
y 9
end
arch stwall_2_2_4
x 8
y 9
end
