arch map
name <unnamed>
region valleynoy
width 15
height 15
msg
Modified: 2021-03-03 Titus
endmsg
end
arch lostlabfloor12
end
arch stwall_2_2_2
end
arch lostlabfloor12
y 1
end
arch stwall_2_1_1
y 1
end
arch lostlabfloor12
y 2
end
arch stwall_2_1_1
y 2
end
arch lostlabfloor12
y 3
end
arch stwall_3_2
y 3
end
arch lostlabfloor12
y 4
end
arch stwall_2_1_1
y 4
end
arch lostlabfloor12
y 5
end
arch stwall_2_1_1
y 5
end
arch lostlabfloor12
y 6
end
arch stwall_2_1_1
y 6
end
arch lostlabfloor12
y 7
end
arch stwall_3_2
y 7
end
arch lostlabfloor12
y 8
end
arch stwall_2_1_1
y 8
end
arch lostlabfloor12
y 9
end
arch stwall_2_1_1
y 9
end
arch lostlabfloor12
y 10
end
arch stwall_3_2
y 10
end
arch lostlabfloor12
y 11
end
arch stwall_2_1_1
y 11
end
arch lostlabfloor12
y 12
end
arch stwall_2_1_1
y 12
end
arch lostlabfloor12
y 13
end
arch stwall_2_1_1
y 13
end
arch lostlabfloor12
y 14
end
arch stwall_2_2_1
y 14
end
arch lostlabfloor12
x 1
end
arch stwall_2_1_2
x 1
end
arch lostlabfloor12
x 1
y 1
end
arch swall_0
x 1
y 1
end
arch lostlabfloor12
x 1
y 2
end
arch lostlabfloor12
x 1
y 3
end
arch stwall_2_1_2
x 1
y 3
end
arch lostlabfloor12
x 1
y 4
end
arch lostlabfloor12
x 1
y 5
end
arch lostlabfloor12
x 1
y 6
end
arch lostlabfloor12
x 1
y 7
end
arch stwall_1_3
x 1
y 7
end
arch lostlabfloor12
x 1
y 8
end
arch lostlabfloor12
x 1
y 9
end
arch lostlabfloor12
x 1
y 10
end
arch stwall_2_1_2
x 1
y 10
end
arch lostlabfloor12
x 1
y 11
end
arch bookshelf
x 1
y 11
arch random_reading
end
arch random_reading
end
end
arch lostlabfloor12
x 1
y 12
end
arch lostlabfloor12
x 1
y 13
end
arch dresser2
x 1
y 13
end
arch random_reading
x 1
y 13
end
arch lostlabfloor12
x 1
y 14
end
arch stwall_2_1_2
x 1
y 14
end
arch lostlabfloor12
x 2
end
arch stwall_2_1_2
x 2
end
arch lostlabfloor12
x 2
y 1
end
arch lostlabfloor12
x 2
y 2
end
arch stwall_0
x 2
y 2
end
arch lostlabfloor12
x 2
y 3
end
arch stwall_2_1_2
x 2
y 3
end
arch lostlabfloor12
x 2
y 4
end
arch lostlabfloor12
x 2
y 5
end
arch lostlabfloor12
x 2
y 6
end
arch lostlabfloor12
x 2
y 7
end
arch door_2
x 2
y 7
end
arch lostlabfloor12
x 2
y 8
end
arch mat
x 2
y 8
end
arch lostlabfloor12
x 2
y 9
end
arch lostlabfloor12
x 2
y 10
end
arch stwall_2_1_2
x 2
y 10
end
arch lostlabfloor12
x 2
y 11
end
arch clock_cw
x 2
y 11
end
arch lostlabfloor12
x 2
y 12
end
arch lostlabfloor12
x 2
y 13
end
arch lostlabfloor12
x 2
y 14
end
arch stwall_2_1_2
x 2
y 14
end
arch lostlabfloor12
x 3
end
arch stwall_2_1_2
x 3
end
arch lostlabfloor12
x 3
y 1
end
arch lostlabfloor12
x 3
y 2
end
arch lostlabfloor12
x 3
y 3
end
arch stwall_2_1_2
x 3
y 3
end
arch lostlabfloor12
x 3
y 4
end
arch lostlabfloor12
x 3
y 5
end
arch angel
name angry summoned angel
hp 250
maxhp 250
maxsp 100
exp 1500
dam 20
wc 0
x 3
y 5
attack_movement 0
level 14
resist_physical 20
run_away 5
arch spell_bullet_swarm
end
arch spell_large_manaball
end
end
arch lostlabfloor12
x 3
y 6
end
arch lostlabfloor12
x 3
y 7
end
arch stwall_1_4
x 3
y 7
end
arch lostlabfloor12
x 3
y 8
end
arch lostlabfloor12
x 3
y 9
end
arch lostlabfloor12
x 3
y 10
end
arch stwall_2_1_2
x 3
y 10
end
arch lostlabfloor12
x 3
y 11
end
arch bookshelf
x 3
y 11
end
arch lostlabfloor12
x 3
y 12
end
arch lostlabfloor12
x 3
y 13
end
arch lostlabfloor12
x 3
y 14
end
arch stwall_2_1_2
x 3
y 14
end
arch lostlabfloor12
x 4
end
arch stwall_2_1_2
x 4
end
arch lostlabfloor12
x 4
y 1
end
arch lostlabfloor12
x 4
y 2
end
arch stwall_2_2_2
x 4
y 2
end
arch lostlabfloor12
x 4
y 3
end
arch stwall_3_4
x 4
y 3
end
arch lostlabfloor12
x 4
y 4
end
arch stwall_1_2
x 4
y 4
end
arch lostlabfloor12
x 4
y 5
end
arch lostlabfloor12
x 4
y 6
end
arch lostlabfloor12
x 4
y 7
end
arch stwall_2_1_2
x 4
y 7
end
arch lostlabfloor12
x 4
y 8
end
arch lostlabfloor12
x 4
y 9
end
arch lostlabfloor12
x 4
y 10
end
arch stwall_2_1_2
x 4
y 10
end
arch lostlabfloor12
x 4
y 11
end
arch bookshelf
x 4
y 11
arch random_reading
end
arch random_reading
end
end
arch lostlabfloor12
x 4
y 12
end
arch random_reading
x 4
y 12
end
arch lostlabfloor12
x 4
y 13
end
arch lostlabfloor12
x 4
y 14
end
arch stwall_2_1_2
x 4
y 14
end
arch lostlabfloor12
x 5
end
arch stwall_3_3
x 5
end
arch lostlabfloor12
x 5
y 1
end
arch stwall_2_1_1
x 5
y 1
end
arch lostlabfloor12
x 5
y 2
end
arch stwall_2_2_4
x 5
y 2
end
arch lostlabfloor12
x 5
y 3
end
arch lostlabfloor12
x 5
y 4
end
arch door_2
x 5
y 4
end
arch lostlabfloor12
x 5
y 5
end
arch lostlabfloor12
x 5
y 6
end
arch lostlabfloor12
x 5
y 7
end
arch stwall_2_1_2
x 5
y 7
end
arch lostlabfloor12
x 5
y 8
end
arch lostlabfloor12
x 5
y 9
end
arch lostlabfloor12
x 5
y 10
end
arch stwall_1_3
x 5
y 10
end
arch lostlabfloor12
x 5
y 11
end
arch bookshelf
x 5
y 11
end
arch lostlabfloor12
x 5
y 12
end
arch lostlabfloor12
x 5
y 13
end
arch lostlabfloor12
x 5
y 14
end
arch stwall_2_1_2
x 5
y 14
end
arch lostlabfloor12
x 6
end
arch stwall_2_1_2
x 6
end
arch lostlabfloor12
x 6
y 1
end
arch lostlabfloor12
x 6
y 2
end
arch lostlabfloor12
x 6
y 3
end
arch lostlabfloor12
x 6
y 4
end
arch stwall_1_4
x 6
y 4
end
arch lostlabfloor12
x 6
y 5
end
arch lostlabfloor12
x 6
y 6
end
arch lostlabfloor12
x 6
y 7
end
arch stwall_2_1_2
x 6
y 7
end
arch lostlabfloor12
x 6
y 8
end
arch lostlabfloor12
x 6
y 9
end
arch mat
x 6
y 9
end
arch lostlabfloor12
x 6
y 10
end
arch door_2
x 6
y 10
end
arch lostlabfloor12
x 6
y 11
end
arch lostlabfloor12
x 6
y 12
end
arch lostlabfloor12
x 6
y 13
end
arch lostlabfloor12
x 6
y 14
end
arch stwall_2_1_2
x 6
y 14
end
arch lostlabfloor12
x 7
end
arch stwall_2_1_2
x 7
end
arch lostlabfloor12
x 7
y 1
end
arch desk
x 7
y 1
arch random_potion
end
arch random_potion
end
arch random_potion
end
arch random_gem
end
arch random_gem
end
arch random_scroll
end
arch random_scroll
end
end
arch lostlabfloor12
x 7
y 2
end
arch lostlabfloor12
x 7
y 3
end
arch lostlabfloor12
x 7
y 4
end
arch stwall_3_3
x 7
y 4
end
arch lostlabfloor12
x 7
y 5
end
arch stwall_2_1_1
x 7
y 5
end
arch lostlabfloor12
x 7
y 6
end
arch stwall_2_1_1
x 7
y 6
end
arch lostlabfloor12
x 7
y 7
end
arch stwall_2_2_4
x 7
y 7
end
arch lostlabfloor12
x 7
y 8
end
arch lostlabfloor12
x 7
y 9
end
arch lostlabfloor12
x 7
y 10
end
arch stwall_1_4
x 7
y 10
end
arch lostlabfloor12
x 7
y 11
end
arch bookshelf
x 7
y 11
arch random_reading
end
arch random_reading
end
end
arch lostlabfloor12
x 7
y 12
end
arch random_reading
x 7
y 12
end
arch lostlabfloor12
x 7
y 13
end
arch lostlabfloor12
x 7
y 14
end
arch stwall_2_1_2
x 7
y 14
end
arch lostlabfloor12
x 8
end
arch stwall_2_1_2
x 8
end
arch lostlabfloor12
x 8
y 1
end
arch lostlabfloor12
x 8
y 2
end
arch lostlabfloor12
x 8
y 3
end
arch lostlabfloor12
x 8
y 4
end
arch stwall_2_1_2
x 8
y 4
end
arch lostlabfloor12
x 8
y 5
end
arch lostlabfloor12
x 8
y 6
end
arch lostlabfloor12
x 8
y 7
end
arch lostlabfloor12
x 8
y 8
end
arch lostlabfloor12
x 8
y 9
end
arch lostlabfloor12
x 8
y 10
end
arch stwall_2_1_2
x 8
y 10
end
arch lostlabfloor12
x 8
y 11
end
arch bookshelf
x 8
y 11
end
arch lostlabfloor12
x 8
y 12
end
arch random_reading
x 8
y 12
end
arch lostlabfloor12
x 8
y 13
end
arch lostlabfloor12
x 8
y 14
end
arch stwall_2_1_2
x 8
y 14
end
arch lostlabfloor12
x 9
end
arch stwall_2_1_2
x 9
end
arch lostlabfloor12
x 9
y 1
end
arch lostlabfloor12
x 9
y 2
end
arch chair_wv_1.4
x 9
y 2
end
arch lostlabfloor12
x 9
y 3
end
arch lostlabfloor12
x 9
y 4
end
arch stwall_2_1_2
x 9
y 4
end
arch lostlabfloor12
x 9
y 5
end
arch lostlabfloor12
x 9
y 6
end
arch table_burl_3
x 9
y 6
no_pick 1
end
arch lostlabfloor12
x 9
y 7
end
arch lostlabfloor12
x 9
y 8
end
arch lostlabfloor12
x 9
y 9
end
arch lostlabfloor12
x 9
y 10
end
arch stwall_2_2_3
x 9
y 10
end
arch lostlabfloor12
x 9
y 11
end
arch stwall_2_1_1
x 9
y 11
end
arch lostlabfloor12
x 9
y 12
end
arch stwall_1_2
x 9
y 12
end
arch safe_ground
x 9
y 13
end
arch lostlabfloor12
x 9
y 13
end
arch locked_door2
slaying not_openable_FEIHJG
x 9
y 13
end
arch lostlabfloor12
x 9
y 14
end
arch stwall_2_1_2
x 9
y 14
end
arch lostlabfloor12
x 10
end
arch stwall_2_1_2
x 10
end
arch lostlabfloor12
x 10
y 1
end
arch chair_wv_1.1
x 10
y 1
end
arch lostlabfloor12
x 10
y 2
end
arch table_cw_3
x 10
y 2
end
arch key2
name key to the jeweler dungeon
name_pl keys to the jeweler dungeon
slaying elmex_jeweler_dungeon
x 10
y 2
end
arch lostlabfloor12
x 10
y 3
end
arch chair_wv_1.3
x 10
y 3
end
arch lostlabfloor12
x 10
y 4
end
arch stwall_2_1_2
x 10
y 4
end
arch lostlabfloor12
x 10
y 5
end
arch chair_1.1
x 10
y 5
end
arch lostlabfloor12
x 10
y 6
end
arch table_burl_3
x 10
y 6
no_pick 1
end
arch lostlabfloor12
x 10
y 7
end
arch lostlabfloor12
x 10
y 8
end
arch lostlabfloor12
x 10
y 9
end
arch safe_ground
x 10
y 10
end
arch lostlabfloor12
x 10
y 10
end
arch swall_1_4
x 10
y 10
end
arch lostlabfloor12
x 10
y 11
end
arch gem
x 10
y 11
end
arch lostlabfloor12
x 10
y 12
end
arch amethyst
x 10
y 12
end
arch lostlabfloor12
x 10
y 13
end
arch platinacoin
x 10
y 13
end
arch lostlabfloor12
x 10
y 14
end
arch stwall_2_1_2
x 10
y 14
end
arch lostlabfloor12
x 11
end
arch stwall_2_1_2
x 11
end
arch lostlabfloor12
x 11
y 1
end
arch chair_wv_1.1
x 11
y 1
end
arch lostlabfloor12
x 11
y 2
end
arch table_cw_3
x 11
y 2
end
arch lostlabfloor12
x 11
y 3
end
arch chair_wv_1.3
x 11
y 3
end
arch lostlabfloor12
x 11
y 4
end
arch stwall_2_1_2
x 11
y 4
end
arch lostlabfloor12
x 11
y 5
end
arch c_sage
name Old jeweler
msg
@match become a jeweler
You have to know that there are a lot of dangers
to overcome on your way to the arts of
creating jewellery!

When you are ready:
Take the key to the dungeon below the fountain.
You will find the key in the room behind me.
But be careful! A summoner was here before you
and had an accident.

@match about this town
Hundreds of years ago on Valleynoy powerful alchemists
gathered to mine all the gold. They formed an alliance with
the local dwarves and started mining. They planted boxes with
potions in the mines, to be able to fight the monsters that
kept invading the mines.

Later, when some gold was mined,
the alchemists became greedy, and didn't want to
share with the dwarves. The dwarves, stronger than the alchemists,
fighted them until they left the mines. Today the dwarves still mine
the gold and sell potions.

You can still find all
the mines in the valley around this town, but be careful, because the
dwarves don't like intruders...

@match *
Welcome to the town of jewelers!
What is your business here? Do you want to
become a jeweler? Or do you want to know something
about this town?

endmsg
x 11
y 5
end
arch lostlabfloor12
x 11
y 6
end
arch table_burl_3
x 11
y 6
no_pick 1
end
arch lostlabfloor12
x 11
y 7
end
arch lostlabfloor12
x 11
y 8
end
arch lostlabfloor12
x 11
y 9
end
arch safe_ground
x 11
y 10
end
arch lostlabfloor12
x 11
y 10
end
arch swall_2_1_2
x 11
y 10
end
arch lostlabfloor12
x 11
y 11
end
arch mithril
x 11
y 11
end
arch lostlabfloor12
x 11
y 12
end
arch ruby
x 11
y 12
end
arch lostlabfloor12
x 11
y 13
end
arch goldcoin
x 11
y 13
end
arch lostlabfloor12
x 11
y 14
end
arch stwall_2_1_2
x 11
y 14
end
arch lostlabfloor12
x 12
end
arch stwall_2_1_2
x 12
end
arch lostlabfloor12
x 12
y 1
end
arch chair_wv_1.1
x 12
y 1
end
arch lostlabfloor12
x 12
y 2
end
arch table_cw_3
x 12
y 2
end
arch lostlabfloor12
x 12
y 3
end
arch chair_wv_1.3
x 12
y 3
end
arch lostlabfloor12
x 12
y 4
end
arch stwall_2_1_2
x 12
y 4
end
arch lostlabfloor12
x 12
y 5
end
arch lostlabfloor12
x 12
y 6
end
arch table_burl_3
x 12
y 6
no_pick 1
end
arch lostlabfloor12
x 12
y 7
end
arch lostlabfloor12
x 12
y 8
end
arch lostlabfloor12
x 12
y 9
end
arch safe_ground
x 12
y 10
end
arch lostlabfloor12
x 12
y 10
end
arch swall_2_1_2
x 12
y 10
end
arch lostlabfloor12
x 12
y 11
end
arch amulet
x 12
y 11
end
arch lostlabfloor12
x 12
y 12
end
arch sapphire
x 12
y 12
end
arch lostlabfloor12
x 12
y 13
end
arch silvercoin
x 12
y 13
end
arch lostlabfloor12
x 12
y 14
end
arch stwall_2_1_2
x 12
y 14
end
arch lostlabfloor12
x 13
end
arch stwall_2_1_2
x 13
end
arch lostlabfloor12
x 13
y 1
end
arch lostlabfloor12
x 13
y 2
end
arch chair_wv_1.2
x 13
y 2
end
arch lostlabfloor12
x 13
y 3
end
arch lostlabfloor12
x 13
y 4
end
arch stwall_2_2_3
x 13
y 4
end
arch lostlabfloor12
x 13
y 5
end
arch stwall_2_2_1
x 13
y 5
end
arch lostlabfloor12
x 13
y 6
end
arch table_burl_3
x 13
y 6
no_pick 1
end
arch lostlabfloor12
x 13
y 7
end
arch lostlabfloor12
x 13
y 8
end
arch lostlabfloor12
x 13
y 9
end
arch safe_ground
x 13
y 10
end
arch lostlabfloor12
x 13
y 10
end
arch swall_1_3
x 13
y 10
end
arch lostlabfloor12
x 13
y 11
end
arch amulet_gray
x 13
y 11
end
arch lostlabfloor12
x 13
y 12
end
arch emerald
x 13
y 12
end
arch lostlabfloor12
x 13
y 13
end
arch pearl
x 13
y 13
end
arch lostlabfloor12
x 13
y 14
end
arch stwall_2_1_2
x 13
y 14
end
arch lostlabfloor12
x 14
end
arch stwall_2_2_3
x 14
end
arch lostlabfloor12
x 14
y 1
end
arch stwall_2_1_1
x 14
y 1
end
arch lostlabfloor12
x 14
y 2
end
arch stwall_2_1_1
x 14
y 2
end
arch lostlabfloor12
x 14
y 3
end
arch stwall_2_1_1
x 14
y 3
end
arch lostlabfloor12
x 14
y 4
end
arch stwall_2_1_1
x 14
y 4
end
arch lostlabfloor12
x 14
y 5
end
arch stwall_3_4
x 14
y 5
end
arch lostlabfloor12
x 14
y 6
end
arch stwall_1_2
x 14
y 6
end
arch lostlabfloor12
x 14
y 7
end
arch oakdoor
slaying /world/world_121_124
hp 30
sp 16
x 14
y 7
end
arch lostlabfloor12
x 14
y 8
end
arch stwall_1_1
x 14
y 8
end
arch lostlabfloor12
x 14
y 9
end
arch stwall_2_1_1
x 14
y 9
end
arch lostlabfloor12
x 14
y 10
end
arch stwall_2_1_1
x 14
y 10
end
arch lostlabfloor12
x 14
y 11
end
arch stwall_2_1_1
x 14
y 11
end
arch lostlabfloor12
x 14
y 12
end
arch stwall_2_1_1
x 14
y 12
end
arch lostlabfloor12
x 14
y 13
end
arch stwall_2_1_1
x 14
y 13
end
arch lostlabfloor12
x 14
y 14
end
arch stwall_2_2_4
x 14
y 14
end
