arch map
width 20
height 20
end
arch afloor_blue_right
end
arch slevel_2_2_2
end
arch light3
end
arch afloor_blue_right
y 1
end
arch slevel_3_2
y 1
end
arch light3
y 1
end
arch afloor_blue_right
y 2
end
arch slevel_3_2
y 2
end
arch light3
y 2
end
arch afloor_blue_right
y 3
end
arch slevel_3_2
y 3
end
arch light3
y 3
end
arch afloor_blue_right
y 4
end
arch slevel_3_2
y 4
end
arch light3
y 4
end
arch afloor_blue_right
y 5
end
arch slevel_3_2
y 5
end
arch light3
y 5
end
arch afloor_blue_right
y 6
end
arch slevel_3_2
y 6
end
arch light3
y 6
end
arch afloor_blue_right
y 7
end
arch slevel_3_2
y 7
end
arch light3
y 7
end
arch afloor_blue_right
y 8
end
arch slevel_3_2
y 8
end
arch light3
y 8
end
arch afloor_blue_right
y 9
end
arch slevel_3_2
y 9
end
arch light3
y 9
end
arch afloor_blue_right
y 10
end
arch slevel_3_2
y 10
end
arch light3
y 10
end
arch afloor_blue_right
y 11
end
arch slevel_3_2
y 11
end
arch light3
y 11
end
arch afloor_blue_right
y 12
end
arch slevel_3_2
y 12
end
arch light3
y 12
end
arch afloor_blue_right
y 13
end
arch slevel_3_2
y 13
end
arch light3
y 13
end
arch afloor_blue_right
y 14
end
arch slevel_3_2
y 14
end
arch light3
y 14
end
arch afloor_blue_right
y 15
end
arch slevel_3_2
y 15
end
arch light3
y 15
end
arch afloor_blue_right
y 16
end
arch slevel_3_2
y 16
end
arch light3
y 16
end
arch afloor_blue_right
y 17
end
arch slevel_3_2
y 17
end
arch light3
y 17
end
arch afloor_blue_right
y 18
end
arch slevel_3_2
y 18
end
arch light3
y 18
end
arch afloor_blue_right
y 19
end
arch slevel_2_2_1
y 19
end
arch light3
y 19
end
arch afloor_blue_right
x 1
end
arch slevel_3_3
x 1
end
arch light3
x 1
end
arch afloor_blue_right
x 1
y 1
end
arch slevel_2_2_2
x 1
y 1
end
arch slevel_3_2
x 1
y 1
end
arch slevel_3_3
x 1
y 1
end
arch afloor_blue_right
x 1
y 2
end
arch slevel_3_2
x 1
y 2
end
arch afloor_blue_right
x 1
y 3
end
arch slevel_3_2
x 1
y 3
end
arch afloor_blue_right
x 1
y 4
end
arch slevel_3_2
x 1
y 4
end
arch afloor_blue_right
x 1
y 5
end
arch slevel_3_2
x 1
y 5
end
arch afloor_blue_right
x 1
y 6
end
arch slevel_3_2
x 1
y 6
end
arch afloor_blue_right
x 1
y 7
end
arch slevel_3_2
x 1
y 7
end
arch afloor_blue_right
x 1
y 8
end
arch slevel_3_2
x 1
y 8
end
arch afloor_blue_right
x 1
y 9
end
arch slevel_3_2
x 1
y 9
end
arch afloor_blue_right
x 1
y 10
end
arch slevel_3_2
x 1
y 10
end
arch afloor_blue_right
x 1
y 11
end
arch slevel_3_2
x 1
y 11
end
arch afloor_blue_right
x 1
y 12
end
arch slevel_3_2
x 1
y 12
end
arch afloor_blue_right
x 1
y 13
end
arch slevel_3_2
x 1
y 13
end
arch afloor_blue_right
x 1
y 14
end
arch slevel_3_2
x 1
y 14
end
arch afloor_blue_right
x 1
y 15
end
arch slevel_3_2
x 1
y 15
end
arch afloor_blue_right
x 1
y 16
end
arch slevel_3_2
x 1
y 16
end
arch afloor_blue_right
x 1
y 17
end
arch slevel_3_2
x 1
y 17
end
arch afloor_blue_right
x 1
y 18
end
arch slevel_2_2_1
x 1
y 18
end
arch afloor_blue_right
x 1
y 19
end
arch slevel_3_1
x 1
y 19
end
arch light3
x 1
y 19
end
arch afloor_blue_right
x 2
end
arch slevel_3_3
x 2
end
arch light3
x 2
end
arch afloor_blue_right
x 2
y 1
end
arch slevel_3_3
x 2
y 1
end
arch afloor_blue_right
x 2
y 2
end
arch slevel_2_2_2
x 2
y 2
end
arch afloor_blue_right
x 2
y 3
end
arch slevel_3_2
x 2
y 3
end
arch afloor_blue_right
x 2
y 4
end
arch slevel_3_2
x 2
y 4
end
arch afloor_blue_right
x 2
y 5
end
arch slevel_3_2
x 2
y 5
end
arch afloor_blue_right
x 2
y 6
end
arch slevel_3_2
x 2
y 6
end
arch afloor_blue_right
x 2
y 7
end
arch slevel_3_2
x 2
y 7
end
arch afloor_blue_right
x 2
y 8
end
arch slevel_3_2
x 2
y 8
end
arch afloor_blue_right
x 2
y 9
end
arch slevel_3_2
x 2
y 9
end
arch afloor_blue_right
x 2
y 10
end
arch slevel_3_2
x 2
y 10
end
arch afloor_blue_right
x 2
y 11
end
arch slevel_3_2
x 2
y 11
end
arch afloor_blue_right
x 2
y 12
end
arch slevel_3_2
x 2
y 12
end
arch afloor_blue_right
x 2
y 13
end
arch slevel_3_2
x 2
y 13
end
arch afloor_blue_right
x 2
y 14
end
arch slevel_3_2
x 2
y 14
end
arch afloor_blue_right
x 2
y 15
end
arch slevel_3_2
x 2
y 15
end
arch afloor_blue_right
x 2
y 16
end
arch slevel_3_2
x 2
y 16
end
arch afloor_blue_right
x 2
y 17
end
arch slevel_2_2_1
x 2
y 17
end
arch afloor_blue_right
x 2
y 18
end
arch slevel_3_1
x 2
y 18
end
arch afloor_blue_right
x 2
y 19
end
arch slevel_3_1
x 2
y 19
end
arch light3
x 2
y 19
end
arch afloor_blue_right
x 3
end
arch slevel_3_3
x 3
end
arch light3
x 3
end
arch afloor_blue_right
x 3
y 1
end
arch slevel_3_3
x 3
y 1
end
arch afloor_blue_right
x 3
y 2
end
arch slevel_3_3
x 3
y 2
end
arch afloor_blue_right
x 3
y 3
end
arch slevel_2_2_2
x 3
y 3
end
arch afloor_blue_right
x 3
y 4
end
arch slevel_3_2
x 3
y 4
end
arch afloor_blue_right
x 3
y 5
end
arch slevel_3_2
x 3
y 5
end
arch afloor_blue_right
x 3
y 6
end
arch slevel_3_2
x 3
y 6
end
arch afloor_blue_right
x 3
y 7
end
arch slevel_3_2
x 3
y 7
end
arch afloor_blue_right
x 3
y 8
end
arch slevel_3_2
x 3
y 8
end
arch afloor_blue_right
x 3
y 9
end
arch slevel_3_2
x 3
y 9
end
arch afloor_blue_right
x 3
y 10
end
arch slevel_3_2
x 3
y 10
end
arch afloor_blue_right
x 3
y 11
end
arch slevel_3_2
x 3
y 11
end
arch afloor_blue_right
x 3
y 12
end
arch slevel_3_2
x 3
y 12
end
arch afloor_blue_right
x 3
y 13
end
arch slevel_3_2
x 3
y 13
end
arch afloor_blue_right
x 3
y 14
end
arch slevel_3_2
x 3
y 14
end
arch afloor_blue_right
x 3
y 15
end
arch slevel_3_2
x 3
y 15
end
arch afloor_blue_right
x 3
y 16
end
arch slevel_2_2_1
x 3
y 16
end
arch afloor_blue_right
x 3
y 17
end
arch slevel_3_1
x 3
y 17
end
arch afloor_blue_right
x 3
y 18
end
arch slevel_3_1
x 3
y 18
end
arch afloor_blue_right
x 3
y 19
end
arch slevel_3_1
x 3
y 19
end
arch light3
x 3
y 19
end
arch afloor_blue_right
x 4
end
arch slevel_3_3
x 4
end
arch light3
x 4
end
arch afloor_blue_right
x 4
y 1
end
arch slevel_3_3
x 4
y 1
end
arch afloor_blue_right
x 4
y 2
end
arch slevel_3_3
x 4
y 2
end
arch afloor_blue_right
x 4
y 3
end
arch slevel_3_3
x 4
y 3
end
arch afloor_blue_right
x 4
y 4
end
arch slevel_2_2_2
x 4
y 4
end
arch afloor_blue_right
x 4
y 5
end
arch slevel_3_2
x 4
y 5
end
arch afloor_blue_right
x 4
y 6
end
arch slevel_3_2
x 4
y 6
end
arch afloor_blue_right
x 4
y 7
end
arch slevel_3_2
x 4
y 7
end
arch afloor_blue_right
x 4
y 8
end
arch slevel_3_2
x 4
y 8
end
arch afloor_blue_right
x 4
y 9
end
arch slevel_3_2
x 4
y 9
end
arch afloor_blue_right
x 4
y 10
end
arch slevel_3_2
x 4
y 10
end
arch afloor_blue_right
x 4
y 11
end
arch slevel_3_2
x 4
y 11
end
arch afloor_blue_right
x 4
y 12
end
arch slevel_3_2
x 4
y 12
end
arch afloor_blue_right
x 4
y 13
end
arch slevel_3_2
x 4
y 13
end
arch afloor_blue_right
x 4
y 14
end
arch slevel_3_2
x 4
y 14
end
arch afloor_blue_right
x 4
y 15
end
arch slevel_2_2_1
x 4
y 15
end
arch slevel_3_2
x 4
y 15
end
arch ladder_down
x 4
y 15
end
arch afloor_blue_right
x 4
y 16
end
arch slevel_3_1
x 4
y 16
end
arch afloor_blue_right
x 4
y 17
end
arch slevel_3_1
x 4
y 17
end
arch afloor_blue_right
x 4
y 18
end
arch slevel_3_1
x 4
y 18
end
arch afloor_blue_right
x 4
y 19
end
arch slevel_3_1
x 4
y 19
end
arch light3
x 4
y 19
end
arch afloor_blue_right
x 5
end
arch slevel_3_3
x 5
end
arch light3
x 5
end
arch afloor_blue_right
x 5
y 1
end
arch slevel_3_3
x 5
y 1
end
arch afloor_blue_right
x 5
y 2
end
arch slevel_3_3
x 5
y 2
end
arch afloor_blue_right
x 5
y 3
end
arch slevel_3_3
x 5
y 3
end
arch afloor_blue_right
x 5
y 4
end
arch slevel_3_3
x 5
y 4
end
arch afloor_blue_right
x 5
y 5
end
arch slevel_2_2_2
x 5
y 5
end
arch slevel_3_3
x 5
y 5
end
arch afloor_blue_right
x 5
y 6
end
arch slevel_3_2
x 5
y 6
end
arch afloor_blue_right
x 5
y 7
end
arch slevel_3_2
x 5
y 7
end
arch afloor_blue_right
x 5
y 8
end
arch slevel_3_2
x 5
y 8
end
arch afloor_blue_right
x 5
y 9
end
arch slevel_3_2
x 5
y 9
end
arch afloor_blue_right
x 5
y 10
end
arch slevel_3_2
x 5
y 10
end
arch afloor_blue_right
x 5
y 11
end
arch slevel_3_2
x 5
y 11
end
arch afloor_blue_right
x 5
y 12
end
arch slevel_3_2
x 5
y 12
end
arch afloor_blue_right
x 5
y 13
end
arch slevel_3_2
x 5
y 13
end
arch afloor_blue_right
x 5
y 14
end
arch slevel_2_2_1
x 5
y 14
end
arch slevel_3_1
x 5
y 14
end
arch afloor_blue_right
x 5
y 15
end
arch slevel_3_1
x 5
y 15
end
arch afloor_blue_right
x 5
y 16
end
arch slevel_3_1
x 5
y 16
end
arch afloor_blue_right
x 5
y 17
end
arch slevel_3_1
x 5
y 17
end
arch afloor_blue_right
x 5
y 18
end
arch slevel_3_1
x 5
y 18
end
arch afloor_blue_right
x 5
y 19
end
arch slevel_3_1
x 5
y 19
end
arch light3
x 5
y 19
end
arch afloor_blue_right
x 6
end
arch slevel_3_3
x 6
end
arch light3
x 6
end
arch afloor_blue_right
x 6
y 1
end
arch slevel_3_3
x 6
y 1
end
arch afloor_blue_right
x 6
y 2
end
arch slevel_3_3
x 6
y 2
end
arch afloor_blue_right
x 6
y 3
end
arch slevel_3_3
x 6
y 3
end
arch afloor_blue_right
x 6
y 4
end
arch slevel_3_3
x 6
y 4
end
arch afloor_blue_right
x 6
y 5
end
arch slevel_3_3
x 6
y 5
end
arch afloor_blue_right
x 6
y 6
end
arch slevel_2_2_2
x 6
y 6
end
arch slevel_3_3
x 6
y 6
end
arch afloor_blue_right
x 6
y 7
end
arch slevel_3_2
x 6
y 7
end
arch afloor_blue_right
x 6
y 8
end
arch slevel_3_2
x 6
y 8
end
arch afloor_blue_right
x 6
y 9
end
arch slevel_3_2
x 6
y 9
end
arch afloor_blue_right
x 6
y 10
end
arch slevel_3_2
x 6
y 10
end
arch afloor_blue_right
x 6
y 11
end
arch slevel_3_2
x 6
y 11
end
arch afloor_blue_right
x 6
y 12
end
arch slevel_3_2
x 6
y 12
end
arch afloor_blue_right
x 6
y 13
end
arch slevel_2_2_1
x 6
y 13
end
arch afloor_blue_right
x 6
y 14
end
arch slevel_3_1
x 6
y 14
end
arch afloor_blue_right
x 6
y 15
end
arch slevel_3_1
x 6
y 15
end
arch afloor_blue_right
x 6
y 16
end
arch slevel_3_1
x 6
y 16
end
arch afloor_blue_right
x 6
y 17
end
arch slevel_3_1
x 6
y 17
end
arch afloor_blue_right
x 6
y 18
end
arch slevel_3_1
x 6
y 18
end
arch afloor_blue_right
x 6
y 19
end
arch slevel_3_1
x 6
y 19
end
arch light3
x 6
y 19
end
arch afloor_blue_right
x 7
end
arch slevel_3_3
x 7
end
arch light3
x 7
end
arch afloor_blue_right
x 7
y 1
end
arch slevel_3_3
x 7
y 1
end
arch afloor_blue_right
x 7
y 2
end
arch slevel_3_3
x 7
y 2
end
arch afloor_blue_right
x 7
y 3
end
arch slevel_3_3
x 7
y 3
end
arch afloor_blue_right
x 7
y 4
end
arch slevel_3_3
x 7
y 4
end
arch afloor_blue_right
x 7
y 5
end
arch slevel_3_3
x 7
y 5
end
arch afloor_blue_right
x 7
y 6
end
arch slevel_3_3
x 7
y 6
end
arch afloor_blue_right
x 7
y 7
end
arch afloor_blue_right
x 7
y 8
end
arch afloor_blue_right
x 7
y 9
end
arch afloor_blue_right
x 7
y 10
end
arch afloor_blue_right
x 7
y 11
end
arch afloor_blue_right
x 7
y 12
end
arch afloor_blue_right
x 7
y 13
end
arch slevel_3_1
x 7
y 13
end
arch afloor_blue_right
x 7
y 14
end
arch slevel_3_1
x 7
y 14
end
arch afloor_blue_right
x 7
y 15
end
arch slevel_3_1
x 7
y 15
end
arch afloor_blue_right
x 7
y 16
end
arch slevel_3_1
x 7
y 16
end
arch afloor_blue_right
x 7
y 17
end
arch slevel_3_1
x 7
y 17
end
arch afloor_blue_right
x 7
y 18
end
arch slevel_3_1
x 7
y 18
end
arch afloor_blue_right
x 7
y 19
end
arch slevel_3_1
x 7
y 19
end
arch light3
x 7
y 19
end
arch afloor_blue_right
x 8
end
arch slevel_3_3
x 8
end
arch light3
x 8
end
arch afloor_blue_right
x 8
y 1
end
arch slevel_3_3
x 8
y 1
end
arch afloor_blue_right
x 8
y 2
end
arch slevel_3_3
x 8
y 2
end
arch afloor_blue_right
x 8
y 3
end
arch slevel_3_3
x 8
y 3
end
arch afloor_blue_right
x 8
y 4
end
arch slevel_3_3
x 8
y 4
end
arch afloor_blue_right
x 8
y 5
end
arch slevel_3_3
x 8
y 5
end
arch afloor_blue_right
x 8
y 6
end
arch slevel_3_3
x 8
y 6
end
arch afloor_blue_right
x 8
y 7
end
arch afloor_blue_right
x 8
y 8
end
arch afloor_blue_right
x 8
y 9
end
arch afloor_blue_right
x 8
y 10
end
arch afloor_blue_right
x 8
y 11
end
arch afloor_blue_right
x 8
y 12
end
arch afloor_blue_right
x 8
y 13
end
arch slevel_3_1
x 8
y 13
end
arch afloor_blue_right
x 8
y 14
end
arch slevel_3_1
x 8
y 14
end
arch afloor_blue_right
x 8
y 15
end
arch slevel_3_1
x 8
y 15
end
arch afloor_blue_right
x 8
y 16
end
arch slevel_3_1
x 8
y 16
end
arch afloor_blue_right
x 8
y 17
end
arch slevel_3_1
x 8
y 17
end
arch afloor_blue_right
x 8
y 18
end
arch slevel_3_1
x 8
y 18
end
arch afloor_blue_right
x 8
y 19
end
arch slevel_3_1
x 8
y 19
end
arch light3
x 8
y 19
end
arch afloor_blue_right
x 9
end
arch slevel_3_3
x 9
end
arch light3
x 9
end
arch afloor_blue_right
x 9
y 1
end
arch slevel_3_3
x 9
y 1
end
arch afloor_blue_right
x 9
y 2
end
arch slevel_3_3
x 9
y 2
end
arch afloor_blue_right
x 9
y 3
end
arch slevel_3_3
x 9
y 3
end
arch afloor_blue_right
x 9
y 4
end
arch slevel_3_3
x 9
y 4
end
arch afloor_blue_right
x 9
y 5
end
arch slevel_3_3
x 9
y 5
end
arch afloor_blue_right
x 9
y 6
end
arch slevel_3_3
x 9
y 6
end
arch afloor_blue_right
x 9
y 7
end
arch afloor_blue_right
x 9
y 8
end
arch afloor_blue_right
x 9
y 9
end
arch afloor_blue_right
x 9
y 10
end
arch afloor_blue_right
x 9
y 11
end
arch afloor_blue_right
x 9
y 12
end
arch afloor_blue_right
x 9
y 13
end
arch slevel_3_1
x 9
y 13
end
arch afloor_blue_right
x 9
y 14
end
arch slevel_3_1
x 9
y 14
end
arch afloor_blue_right
x 9
y 15
end
arch slevel_3_1
x 9
y 15
end
arch afloor_blue_right
x 9
y 16
end
arch slevel_3_1
x 9
y 16
end
arch afloor_blue_right
x 9
y 17
end
arch slevel_3_1
x 9
y 17
end
arch afloor_blue_right
x 9
y 18
end
arch slevel_3_1
x 9
y 18
end
arch afloor_blue_right
x 9
y 19
end
arch slevel_3_1
x 9
y 19
end
arch light3
x 9
y 19
end
arch afloor_blue_right
x 10
end
arch slevel_3_3
x 10
end
arch light3
x 10
end
arch afloor_blue_right
x 10
y 1
end
arch slevel_3_3
x 10
y 1
end
arch afloor_blue_right
x 10
y 2
end
arch slevel_3_3
x 10
y 2
end
arch afloor_blue_right
x 10
y 3
end
arch slevel_3_3
x 10
y 3
end
arch afloor_blue_right
x 10
y 4
end
arch slevel_3_3
x 10
y 4
end
arch afloor_blue_right
x 10
y 5
end
arch slevel_3_3
x 10
y 5
end
arch afloor_blue_right
x 10
y 6
end
arch slevel_3_3
x 10
y 6
end
arch afloor_blue_right
x 10
y 7
end
arch blue_dragon2
name Crying female dragon
msg
@match 
OH! iam so sad, my son and husband got lost
@match son|husband
My son found a hole in the storage room we have, and he felt down, my husband went look for him but they never came back, my husband is too old, and my son is too young iam afraid something might happend to them, only a honorable person would help us.
@match help
@eval $who->force_add("storage_room")
ok, ill open the storage for you. thanks alot.
endmsg
x 10
y 7
end
arch afloor_blue_right
x 10
y 8
end
arch afloor_blue_right
x 10
y 9
end
arch afloor_blue_right
x 10
y 10
end
arch afloor_blue_right
x 10
y 11
end
arch afloor_blue_right
x 10
y 12
end
arch afloor_blue_right
x 10
y 13
end
arch slevel_3_1
x 10
y 13
end
arch afloor_blue_right
x 10
y 14
end
arch slevel_3_1
x 10
y 14
end
arch afloor_blue_right
x 10
y 15
end
arch slevel_3_1
x 10
y 15
end
arch afloor_blue_right
x 10
y 16
end
arch slevel_3_1
x 10
y 16
end
arch afloor_blue_right
x 10
y 17
end
arch slevel_3_1
x 10
y 17
end
arch afloor_blue_right
x 10
y 18
end
arch slevel_3_1
x 10
y 18
end
arch afloor_blue_right
x 10
y 19
end
arch slevel_3_1
x 10
y 19
end
arch light3
x 10
y 19
end
arch afloor_blue_right
x 11
end
arch slevel_3_3
x 11
end
arch light3
x 11
end
arch afloor_blue_right
x 11
y 1
end
arch slevel_3_3
x 11
y 1
end
arch afloor_blue_right
x 11
y 2
end
arch slevel_3_3
x 11
y 2
end
arch afloor_blue_right
x 11
y 3
end
arch slevel_3_3
x 11
y 3
end
arch afloor_blue_right
x 11
y 4
end
arch slevel_3_3
x 11
y 4
end
arch afloor_blue_right
x 11
y 5
end
arch slevel_3_3
x 11
y 5
end
arch afloor_blue_right
x 11
y 6
end
arch slevel_3_3
x 11
y 6
end
arch afloor_blue_right
x 11
y 7
end
arch afloor_blue_right
x 11
y 8
end
arch afloor_blue_right
x 11
y 9
end
arch afloor_blue_right
x 11
y 10
end
arch afloor_blue_right
x 11
y 11
end
arch afloor_blue_right
x 11
y 12
end
arch afloor_blue_right
x 11
y 13
end
arch slevel_3_1
x 11
y 13
end
arch afloor_blue_right
x 11
y 14
end
arch slevel_3_1
x 11
y 14
end
arch afloor_blue_right
x 11
y 15
end
arch slevel_3_1
x 11
y 15
end
arch afloor_blue_right
x 11
y 16
end
arch slevel_3_1
x 11
y 16
end
arch afloor_blue_right
x 11
y 17
end
arch slevel_3_1
x 11
y 17
end
arch afloor_blue_right
x 11
y 18
end
arch slevel_3_1
x 11
y 18
end
arch afloor_blue_right
x 11
y 19
end
arch slevel_3_1
x 11
y 19
end
arch light3
x 11
y 19
end
arch afloor_blue_right
x 12
end
arch slevel_3_3
x 12
end
arch light3
x 12
end
arch afloor_blue_right
x 12
y 1
end
arch slevel_3_3
x 12
y 1
end
arch afloor_blue_right
x 12
y 2
end
arch slevel_3_3
x 12
y 2
end
arch afloor_blue_right
x 12
y 3
end
arch slevel_3_3
x 12
y 3
end
arch afloor_blue_right
x 12
y 4
end
arch slevel_3_3
x 12
y 4
end
arch afloor_blue_right
x 12
y 5
end
arch slevel_3_3
x 12
y 5
end
arch afloor_blue_right
x 12
y 6
end
arch slevel_3_3
x 12
y 6
end
arch afloor_blue_right
x 12
y 7
end
arch afloor_blue_right
x 12
y 8
end
arch afloor_blue_right
x 12
y 9
end
arch afloor_blue_right
x 12
y 10
end
arch afloor_blue_right
x 12
y 11
end
arch afloor_blue_right
x 12
y 12
end
arch afloor_blue_right
x 12
y 13
end
arch slevel_3_1
x 12
y 13
end
arch afloor_blue_right
x 12
y 14
end
arch slevel_3_1
x 12
y 14
end
arch afloor_blue_right
x 12
y 15
end
arch slevel_3_1
x 12
y 15
end
arch afloor_blue_right
x 12
y 16
end
arch slevel_3_1
x 12
y 16
end
arch afloor_blue_right
x 12
y 17
end
arch slevel_3_1
x 12
y 17
end
arch afloor_blue_right
x 12
y 18
end
arch slevel_3_1
x 12
y 18
end
arch afloor_blue_right
x 12
y 19
end
arch slevel_3_1
x 12
y 19
end
arch light3
x 12
y 19
end
arch afloor_blue_right
x 13
end
arch slevel_3_3
x 13
end
arch light3
x 13
end
arch afloor_blue_right
x 13
y 1
end
arch slevel_3_3
x 13
y 1
end
arch afloor_blue_right
x 13
y 2
end
arch slevel_3_3
x 13
y 2
end
arch afloor_blue_right
x 13
y 3
end
arch slevel_3_3
x 13
y 3
end
arch afloor_blue_right
x 13
y 4
end
arch slevel_3_3
x 13
y 4
end
arch afloor_blue_right
x 13
y 5
end
arch slevel_3_3
x 13
y 5
end
arch afloor_blue_right
x 13
y 6
end
arch slevel_2_2_3
x 13
y 6
end
arch slevel_3_3
x 13
y 6
end
arch afloor_blue_right
x 13
y 7
end
arch slevel_3_4
x 13
y 7
end
arch afloor_blue_right
x 13
y 8
end
arch slevel_3_4
x 13
y 8
end
arch afloor_blue_right
x 13
y 9
end
arch slevel_3_4
x 13
y 9
end
arch afloor_blue_right
x 13
y 10
end
arch slevel_3_4
x 13
y 10
end
arch afloor_blue_right
x 13
y 11
end
arch slevel_3_4
x 13
y 11
end
arch afloor_blue_right
x 13
y 12
end
arch slevel_3_4
x 13
y 12
end
arch afloor_blue_right
x 13
y 13
end
arch slevel_2_2_4
x 13
y 13
end
arch slevel_3_4
x 13
y 13
end
arch slevel_3_1
x 13
y 13
end
arch afloor_blue_right
x 13
y 14
end
arch slevel_3_1
x 13
y 14
end
arch afloor_blue_right
x 13
y 15
end
arch slevel_3_1
x 13
y 15
end
arch afloor_blue_right
x 13
y 16
end
arch slevel_3_1
x 13
y 16
end
arch afloor_blue_right
x 13
y 17
end
arch slevel_3_1
x 13
y 17
end
arch afloor_blue_right
x 13
y 18
end
arch slevel_3_1
x 13
y 18
end
arch afloor_blue_right
x 13
y 19
end
arch slevel_3_1
x 13
y 19
end
arch light3
x 13
y 19
end
arch afloor_blue_right
x 14
end
arch slevel_3_3
x 14
end
arch light3
x 14
end
arch afloor_blue_right
x 14
y 1
end
arch slevel_3_3
x 14
y 1
end
arch afloor_blue_right
x 14
y 2
end
arch slevel_3_3
x 14
y 2
end
arch afloor_blue_right
x 14
y 3
end
arch slevel_3_3
x 14
y 3
end
arch afloor_blue_right
x 14
y 4
end
arch slevel_3_3
x 14
y 4
end
arch afloor_blue_right
x 14
y 5
end
arch slevel_2_2_3
x 14
y 5
end
arch afloor_blue_right
x 14
y 6
end
arch slevel_3_4
x 14
y 6
end
arch afloor_blue_right
x 14
y 7
end
arch slevel_3_4
x 14
y 7
end
arch afloor_blue_right
x 14
y 8
end
arch slevel_3_4
x 14
y 8
end
arch afloor_blue_right
x 14
y 9
end
arch slevel_3_4
x 14
y 9
end
arch afloor_blue_right
x 14
y 10
end
arch slevel_3_4
x 14
y 10
end
arch afloor_blue_right
x 14
y 11
end
arch slevel_3_4
x 14
y 11
end
arch afloor_blue_right
x 14
y 12
end
arch slevel_3_4
x 14
y 12
end
arch afloor_blue_right
x 14
y 13
end
arch slevel_3_4
x 14
y 13
end
arch afloor_blue_right
x 14
y 14
end
arch slevel_2_2_4
x 14
y 14
end
arch slevel_3_4
x 14
y 14
end
arch afloor_blue_right
x 14
y 15
end
arch slevel_3_1
x 14
y 15
end
arch afloor_blue_right
x 14
y 16
end
arch slevel_3_1
x 14
y 16
end
arch afloor_blue_right
x 14
y 17
end
arch slevel_3_1
x 14
y 17
end
arch afloor_blue_right
x 14
y 18
end
arch slevel_3_1
x 14
y 18
end
arch afloor_blue_right
x 14
y 19
end
arch slevel_3_1
x 14
y 19
end
arch light3
x 14
y 19
end
arch afloor_blue_right
x 15
end
arch slevel_3_3
x 15
end
arch light3
x 15
end
arch afloor_blue_right
x 15
y 1
end
arch slevel_3_3
x 15
y 1
end
arch afloor_blue_right
x 15
y 2
end
arch slevel_3_3
x 15
y 2
end
arch afloor_blue_right
x 15
y 3
end
arch slevel_3_3
x 15
y 3
end
arch afloor_blue_right
x 15
y 4
end
arch slevel_2_2_3
x 15
y 4
end
arch afloor_blue_right
x 15
y 5
end
arch slevel_3_4
x 15
y 5
end
arch afloor_blue_right
x 15
y 6
end
arch slevel_3_4
x 15
y 6
end
arch afloor_blue_right
x 15
y 7
end
arch slevel_3_4
x 15
y 7
end
arch afloor_blue_right
x 15
y 8
end
arch slevel_3_4
x 15
y 8
end
arch afloor_blue_right
x 15
y 9
end
arch slevel_3_4
x 15
y 9
end
arch afloor_blue_right
x 15
y 10
end
arch slevel_3_4
x 15
y 10
end
arch afloor_blue_right
x 15
y 11
end
arch slevel_3_4
x 15
y 11
end
arch afloor_blue_right
x 15
y 12
end
arch slevel_3_4
x 15
y 12
end
arch afloor_blue_right
x 15
y 13
end
arch slevel_3_4
x 15
y 13
end
arch afloor_blue_right
x 15
y 14
end
arch slevel_3_4
x 15
y 14
end
arch afloor_blue_right
x 15
y 15
end
arch slevel_2_2_4
x 15
y 15
end
arch afloor_blue_right
x 15
y 16
end
arch slevel_3_1
x 15
y 16
end
arch afloor_blue_right
x 15
y 17
end
arch slevel_3_1
x 15
y 17
end
arch afloor_blue_right
x 15
y 18
end
arch slevel_3_1
x 15
y 18
end
arch afloor_blue_right
x 15
y 19
end
arch slevel_3_1
x 15
y 19
end
arch light3
x 15
y 19
end
arch afloor_blue_right
x 16
end
arch slevel_3_3
x 16
end
arch light3
x 16
end
arch afloor_blue_right
x 16
y 1
end
arch slevel_3_3
x 16
y 1
end
arch afloor_blue_right
x 16
y 2
end
arch slevel_3_3
x 16
y 2
end
arch afloor_blue_right
x 16
y 3
end
arch slevel_2_2_3
x 16
y 3
end
arch afloor_blue_right
x 16
y 4
end
arch slevel_3_4
x 16
y 4
end
arch afloor_blue_right
x 16
y 5
end
arch slevel_3_4
x 16
y 5
end
arch afloor_blue_right
x 16
y 6
end
arch slevel_3_4
x 16
y 6
end
arch afloor_blue_right
x 16
y 7
end
arch slevel_3_4
x 16
y 7
end
arch afloor_blue_right
x 16
y 8
end
arch slevel_3_4
x 16
y 8
end
arch afloor_blue_right
x 16
y 9
end
arch slevel_3_4
x 16
y 9
end
arch afloor_blue_right
x 16
y 10
end
arch slevel_3_4
x 16
y 10
end
arch afloor_blue_right
x 16
y 11
end
arch slevel_3_4
x 16
y 11
end
arch afloor_blue_right
x 16
y 12
end
arch slevel_3_4
x 16
y 12
end
arch afloor_blue_right
x 16
y 13
end
arch slevel_3_4
x 16
y 13
end
arch afloor_blue_right
x 16
y 14
end
arch slevel_3_4
x 16
y 14
end
arch afloor_blue_right
x 16
y 15
end
arch slevel_3_4
x 16
y 15
end
arch afloor_blue_right
x 16
y 16
end
arch slevel_2_2_4
x 16
y 16
end
arch slevel_3_1
x 16
y 16
end
arch afloor_blue_right
x 16
y 17
end
arch slevel_3_1
x 16
y 17
end
arch afloor_blue_right
x 16
y 18
end
arch slevel_3_1
x 16
y 18
end
arch afloor_blue_right
x 16
y 19
end
arch slevel_3_1
x 16
y 19
end
arch light3
x 16
y 19
end
arch afloor_blue_right
x 17
end
arch slevel_3_3
x 17
end
arch light3
x 17
end
arch afloor_blue_right
x 17
y 1
end
arch slevel_3_3
x 17
y 1
end
arch afloor_blue_right
x 17
y 2
end
arch slevel_2_2_3
x 17
y 2
end
arch afloor_blue_right
x 17
y 3
end
arch slevel_3_4
x 17
y 3
end
arch afloor_blue_right
x 17
y 4
end
arch slevel_3_4
x 17
y 4
end
arch afloor_blue_right
x 17
y 5
end
arch slevel_3_4
x 17
y 5
end
arch afloor_blue_right
x 17
y 6
end
arch slevel_3_4
x 17
y 6
end
arch afloor_blue_right
x 17
y 7
end
arch slevel_3_4
x 17
y 7
end
arch afloor_blue_right
x 17
y 8
end
arch slevel_3_4
x 17
y 8
end
arch afloor_blue_right
x 17
y 9
end
arch slevel_3_4
x 17
y 9
end
arch afloor_blue_right
x 17
y 10
end
arch slevel_3_4
x 17
y 10
end
arch afloor_blue_right
x 17
y 11
end
arch slevel_3_4
x 17
y 11
end
arch afloor_blue_right
x 17
y 12
end
arch slevel_3_4
x 17
y 12
end
arch afloor_blue_right
x 17
y 13
end
arch slevel_3_4
x 17
y 13
end
arch afloor_blue_right
x 17
y 14
end
arch slevel_3_4
x 17
y 14
end
arch afloor_blue_right
x 17
y 15
end
arch slevel_3_4
x 17
y 15
end
arch afloor_blue_right
x 17
y 16
end
arch slevel_3_4
x 17
y 16
end
arch afloor_blue_right
x 17
y 17
end
arch slevel_2_2_4
x 17
y 17
end
arch slevel_3_1
x 17
y 17
end
arch afloor_blue_right
x 17
y 18
end
arch slevel_3_1
x 17
y 18
end
arch afloor_blue_right
x 17
y 19
end
arch slevel_3_1
x 17
y 19
end
arch light3
x 17
y 19
end
arch afloor_blue_right
x 18
end
arch slevel_3_3
x 18
end
arch light3
x 18
end
arch afloor_blue_right
x 18
y 1
end
arch slevel_2_2_3
x 18
y 1
end
arch slevel_3_3
x 18
y 1
end
arch afloor_blue_right
x 18
y 2
end
arch slevel_3_4
x 18
y 2
end
arch afloor_blue_right
x 18
y 3
end
arch slevel_3_4
x 18
y 3
end
arch afloor_blue_right
x 18
y 4
end
arch slevel_3_4
x 18
y 4
end
arch afloor_blue_right
x 18
y 5
end
arch slevel_3_4
x 18
y 5
end
arch afloor_blue_right
x 18
y 6
end
arch slevel_3_4
x 18
y 6
end
arch afloor_blue_right
x 18
y 7
end
arch slevel_3_4
x 18
y 7
end
arch afloor_blue_right
x 18
y 8
end
arch slevel_3_4
x 18
y 8
end
arch afloor_blue_right
x 18
y 9
end
arch slevel_3_4
x 18
y 9
end
arch afloor_blue_right
x 18
y 10
end
arch slevel_3_4
x 18
y 10
end
arch afloor_blue_right
x 18
y 11
end
arch slevel_3_4
x 18
y 11
end
arch afloor_blue_right
x 18
y 12
end
arch slevel_3_4
x 18
y 12
end
arch afloor_blue_right
x 18
y 13
end
arch slevel_3_4
x 18
y 13
end
arch afloor_blue_right
x 18
y 14
end
arch slevel_3_4
x 18
y 14
end
arch afloor_blue_right
x 18
y 15
end
arch slevel_3_4
x 18
y 15
end
arch afloor_blue_right
x 18
y 16
end
arch slevel_3_4
x 18
y 16
end
arch afloor_blue_right
x 18
y 17
end
arch slevel_3_4
x 18
y 17
end
arch afloor_blue_right
x 18
y 18
end
arch slevel_2_2_4
x 18
y 18
end
arch slevel_3_1
x 18
y 18
end
arch afloor_blue_right
x 18
y 19
end
arch slevel_3_1
x 18
y 19
end
arch light3
x 18
y 19
end
arch afloor_blue_right
x 19
end
arch slevel_2_2_3
x 19
end
arch light3
x 19
end
arch afloor_blue_right
x 19
y 1
end
arch slevel_3_4
x 19
y 1
end
arch light3
x 19
y 1
end
arch afloor_blue_right
x 19
y 2
end
arch slevel_3_4
x 19
y 2
end
arch light3
x 19
y 2
end
arch afloor_blue_right
x 19
y 3
end
arch slevel_3_4
x 19
y 3
end
arch light3
x 19
y 3
end
arch afloor_blue_right
x 19
y 4
end
arch slevel_3_4
x 19
y 4
end
arch light3
x 19
y 4
end
arch afloor_blue_right
x 19
y 5
end
arch slevel_3_4
x 19
y 5
end
arch light3
x 19
y 5
end
arch afloor_blue_right
x 19
y 6
end
arch slevel_3_4
x 19
y 6
end
arch light3
x 19
y 6
end
arch afloor_blue_right
x 19
y 7
end
arch slevel_3_4
x 19
y 7
end
arch light3
x 19
y 7
end
arch afloor_blue_right
x 19
y 8
end
arch slevel_3_4
x 19
y 8
end
arch light3
x 19
y 8
end
arch afloor_blue_right
x 19
y 9
end
arch slevel_3_4
x 19
y 9
end
arch light3
x 19
y 9
end
arch afloor_blue_right
x 19
y 10
end
arch slevel_3_4
x 19
y 10
end
arch light3
x 19
y 10
end
arch afloor_blue_right
x 19
y 11
end
arch slevel_3_4
x 19
y 11
end
arch light3
x 19
y 11
end
arch afloor_blue_right
x 19
y 12
end
arch slevel_3_4
x 19
y 12
end
arch light3
x 19
y 12
end
arch afloor_blue_right
x 19
y 13
end
arch slevel_3_4
x 19
y 13
end
arch light3
x 19
y 13
end
arch afloor_blue_right
x 19
y 14
end
arch slevel_3_4
x 19
y 14
end
arch light3
x 19
y 14
end
arch afloor_blue_right
x 19
y 15
end
arch slevel_3_4
x 19
y 15
end
arch light3
x 19
y 15
end
arch afloor_blue_right
x 19
y 16
end
arch slevel_3_4
x 19
y 16
end
arch light3
x 19
y 16
end
arch afloor_blue_right
x 19
y 17
end
arch slevel_3_4
x 19
y 17
end
arch light3
x 19
y 17
end
arch afloor_blue_right
x 19
y 18
end
arch slevel_3_4
x 19
y 18
end
arch light3
x 19
y 18
end
arch afloor_blue_right
x 19
y 19
end
arch slevel_2_2_4
x 19
y 19
end
arch slevel_3_4
x 19
y 19
end
arch slevel_3_1
x 19
y 19
end
arch light3
x 19
y 19
end
