arch map
width 17
height 16
end
arch tile_white_floor
end
arch evilpentagram
name bricks
face lostlabfloor.x11
end
arch wall_glass_block
end
arch tile_white_floor
y 1
end
arch evilpentagram
name bricks
face lostlabfloor.x11
y 1
end
arch wall_glass_block
y 1
end
arch tile_white_floor
y 2
end
arch evilpentagram
name bricks
face lostlabfloor.x11
y 2
end
arch wall_glass_block
y 2
end
arch tile_white_floor
y 3
end
arch evilpentagram
name bricks
face lostlabfloor.x11
y 3
end
arch wall_glass_block
y 3
end
arch tile_white_floor
y 4
end
arch evilpentagram
name bricks
face lostlabfloor.x11
y 4
end
arch wall_glass_block
y 4
end
arch tile_white_floor
y 5
end
arch evilpentagram
name bricks
face lostlabfloor.x11
y 5
end
arch wall_glass_block
y 5
end
arch tile_white_floor
y 6
end
arch evilpentagram
name bricks
face lostlabfloor.x11
y 6
end
arch wall_glass_block
y 6
end
arch tile_white_floor
y 7
end
arch evilpentagram
name bricks
face lostlabfloor.x11
y 7
end
arch wall_glass_block
y 7
end
arch tile_white_floor
y 8
end
arch evilpentagram
name bricks
face lostlabfloor.x11
y 8
end
arch wall_glass_block
y 8
end
arch tile_white_floor
y 9
end
arch evilpentagram
name bricks
face lostlabfloor.x11
y 9
end
arch wall_glass_block
y 9
end
arch tile_white_floor
y 10
end
arch evilpentagram
name bricks
face lostlabfloor.x11
y 10
end
arch wall_glass_block
y 10
end
arch tile_white_floor
y 11
end
arch evilpentagram
name bricks
face lostlabfloor.x11
y 11
end
arch wall_glass_block
y 11
end
arch tile_white_floor
y 12
end
arch evilpentagram
name bricks
face lostlabfloor.x11
y 12
end
arch wall_glass_block
y 12
end
arch tile_white_floor
y 13
end
arch evilpentagram
name bricks
face lostlabfloor.x11
y 13
end
arch wall_glass_block
y 13
end
arch tile_white_floor
y 14
end
arch evilpentagram
name bricks
face lostlabfloor.x11
y 14
end
arch wall_glass_block
y 14
end
arch tile_white_floor
y 15
end
arch evilpentagram
name bricks
face lostlabfloor.x11
y 15
end
arch wall_glass_block
y 15
end
arch tile_white_floor
x 1
end
arch evilpentagram
name bricks
face lostlabfloor.x11
x 1
end
arch wall_glass_block
x 1
end
arch shop_building_goth
x 1
y 1
end
arch shop_empty
x 1
y 2
end
arch building_fountain
x 1
y 2
unpaid 1
identified 1
end
arch shop_building_marble
x 1
y 3
end
arch shop_empty
x 1
y 4
end
arch building_fountain
x 1
y 4
unpaid 1
identified 1
end
arch shop_building_marble
x 1
y 5
end
arch shop_empty
x 1
y 6
end
arch building_fountain
x 1
y 6
unpaid 1
identified 1
end
arch shop_building_goth
x 1
y 7
end
arch shop_empty
x 1
y 8
end
arch building_fountain
x 1
y 8
unpaid 1
identified 1
end
arch shop_empty
x 1
y 9
end
arch shop_empty
x 1
y 10
end
arch shop_empty
x 1
y 11
end
arch menu
x 1
y 11
end
arch tile_white_floor
x 1
y 12
end
arch dwall_2_1_2
x 1
y 12
end
arch tile_white_floor
x 1
y 13
end
arch book_build_instructions
x 1
y 13
end
arch tile_white_floor
x 1
y 14
end
arch book_build_instructions
x 1
y 14
end
arch tile_white_floor
x 1
y 15
end
arch evilpentagram
name bricks
face lostlabfloor.x11
x 1
y 15
end
arch wall_glass_block
x 1
y 15
end
arch tile_white_floor
x 2
end
arch evilpentagram
name bricks
face lostlabfloor.x11
x 2
end
arch wall_glass_block
x 2
end
arch shop_building_goth
x 2
y 1
end
arch shop_empty
x 2
y 2
end
arch building_fountain
x 2
y 2
unpaid 1
identified 1
end
arch shop_building_marble
x 2
y 3
end
arch shop_empty
x 2
y 4
end
arch building_fountain
x 2
y 4
unpaid 1
identified 1
end
arch shop_building_marble
x 2
y 5
end
arch shop_empty
x 2
y 6
end
arch building_fountain
x 2
y 6
unpaid 1
identified 1
end
arch shop_building_goth
x 2
y 7
end
arch shop_empty
x 2
y 8
end
arch building_fountain
x 2
y 8
unpaid 1
identified 1
end
arch shop_empty
x 2
y 9
end
arch shop_empty
x 2
y 10
end
arch shop_empty
x 2
y 11
end
arch shop_mat
x 2
y 11
end
arch tile_white_floor
x 2
y 12
end
arch dwall_win2
x 2
y 12
end
arch tile_white_floor
x 2
y 13
end
arch shop_mat
x 2
y 13
end
arch tile_white_floor
x 2
y 14
end
arch menu
x 2
y 14
end
arch tile_white_floor
x 2
y 15
end
arch evilpentagram
name bricks
face lostlabfloor.x11
x 2
y 15
end
arch wall_glass_block
x 2
y 15
end
arch tile_white_floor
x 3
end
arch evilpentagram
name bricks
face lostlabfloor.x11
x 3
end
arch wall_glass_block
x 3
end
arch shop_building_goth
x 3
y 1
end
arch shop_empty
x 3
y 2
end
arch shop_building_marble
x 3
y 3
end
arch shop_empty
x 3
y 4
end
arch shop_building_marble
x 3
y 5
end
arch shop_empty
x 3
y 6
end
arch shop_building_goth
x 3
y 7
end
arch shop_empty
x 3
y 8
end
arch shop_empty
x 3
y 9
end
arch shop_empty
x 3
y 10
end
arch building_wall2
x 3
y 10
nrof 50
unpaid 1
end
arch shop_empty
x 3
y 11
end
arch building_marble
x 3
y 11
nrof 50
unpaid 1
end
arch tile_white_floor
x 3
y 12
end
arch dwall_2_1_2
x 3
y 12
end
arch tile_white_floor
x 3
y 13
end
arch tile_white_floor
x 3
y 14
end
arch tile_white_floor
x 3
y 15
end
arch evilpentagram
name bricks
face lostlabfloor.x11
x 3
y 15
end
arch wall_glass_block
x 3
y 15
end
arch tile_white_floor
x 4
end
arch evilpentagram
name bricks
face lostlabfloor.x11
x 4
end
arch wall_glass_block
x 4
end
arch shop_building_goth
x 4
y 1
end
arch shop_empty
x 4
y 2
end
arch chest_2
x 4
y 2
value 200
unpaid 1
end
arch shop_building_marble
x 4
y 3
end
arch shop_empty
x 4
y 4
end
arch chest_2
x 4
y 4
value 200
unpaid 1
end
arch shop_building_marble
x 4
y 5
end
arch shop_empty
x 4
y 6
end
arch chest_2
x 4
y 6
value 200
unpaid 1
end
arch shop_building_goth
x 4
y 7
end
arch shop_empty
x 4
y 8
end
arch chest_2
x 4
y 8
value 200
unpaid 1
end
arch shop_empty
x 4
y 9
end
arch shop_empty
x 4
y 10
end
arch building_wall2
x 4
y 10
nrof 50
unpaid 1
end
arch shop_empty
x 4
y 11
end
arch building_graymarble
x 4
y 11
nrof 50
unpaid 1
end
arch tile_white_floor
x 4
y 12
end
arch dwall_win2
x 4
y 12
end
arch tile_white_floor
x 4
y 13
end
arch tile_white_floor
x 4
y 14
end
arch tile_white_floor
x 4
y 15
end
arch evilpentagram
name bricks
face lostlabfloor.x11
x 4
y 15
end
arch wall_glass_block
x 4
y 15
end
arch tile_white_floor
x 5
end
arch evilpentagram
name bricks
face lostlabfloor.x11
x 5
end
arch wall_glass_block
x 5
end
arch shop_building_goth
x 5
y 1
end
arch shop_empty
x 5
y 2
end
arch chest_2
x 5
y 2
value 200
unpaid 1
end
arch shop_building_marble
x 5
y 3
end
arch shop_empty
x 5
y 4
end
arch chest_2
x 5
y 4
value 200
unpaid 1
end
arch shop_building_marble
x 5
y 5
end
arch shop_empty
x 5
y 6
end
arch chest_2
x 5
y 6
value 200
unpaid 1
end
arch shop_building_goth
x 5
y 7
end
arch shop_empty
x 5
y 8
end
arch chest_2
x 5
y 8
value 200
unpaid 1
end
arch shop_empty
x 5
y 9
end
arch shop_empty
x 5
y 10
end
arch building_wall2
x 5
y 10
nrof 50
unpaid 1
end
arch shop_empty
x 5
y 11
end
arch building_blackmarble
x 5
y 11
nrof 50
unpaid 1
end
arch tile_white_floor
x 5
y 12
end
arch dwall_2_1_2
x 5
y 12
end
arch tile_white_floor
x 5
y 13
end
arch tile_white_floor
x 5
y 14
end
arch tile_white_floor
x 5
y 15
end
arch evilpentagram
name bricks
face lostlabfloor.x11
x 5
y 15
end
arch wall_glass_block
x 5
y 15
end
arch tile_white_floor
x 6
end
arch evilpentagram
name bricks
face lostlabfloor.x11
x 6
end
arch wall_glass_block
x 6
end
arch shop_building_goth
x 6
y 1
end
arch shop_empty
x 6
y 2
end
arch shop_building_marble
x 6
y 3
end
arch shop_empty
x 6
y 4
end
arch shop_building_marble
x 6
y 5
end
arch shop_empty
x 6
y 6
end
arch shop_building_goth
x 6
y 7
end
arch shop_empty
x 6
y 8
end
arch shop_empty
x 6
y 9
end
arch shop_empty
x 6
y 10
end
arch building_wall4
x 6
y 10
nrof 50
unpaid 1
end
arch shop_empty
x 6
y 11
end
arch building_pinkmarble
x 6
y 11
nrof 50
unpaid 1
end
arch tile_white_floor
x 6
y 12
end
arch dwall_win2
x 6
y 12
end
arch tile_white_floor
x 6
y 13
end
arch check_inv
slaying wassar_citizen
x 6
y 13
move_block all
end
arch tile_white_floor
x 6
y 14
end
arch check_inv
slaying wassar_citizen
x 6
y 14
move_block all
end
arch tile_white_floor
x 6
y 15
end
arch evilpentagram
name bricks
face lostlabfloor.x11
x 6
y 15
end
arch wall_glass_block
x 6
y 15
end
arch tile_white_floor
x 7
end
arch evilpentagram
name bricks
face lostlabfloor.x11
x 7
end
arch wall_glass_block
x 7
end
arch shop_building_goth
x 7
y 1
end
arch shop_empty
x 7
y 2
end
arch desk
x 7
y 2
unpaid 1
end
arch shop_building_marble
x 7
y 3
end
arch shop_empty
x 7
y 4
end
arch note
name statue
name_pl statues
face statue.x11
x 7
y 4
value 1000000
weight 150000
unpaid 1
identified 1
end
arch shop_building_marble
x 7
y 5
end
arch shop_empty
x 7
y 6
end
arch note
name statue
name_pl statues
face statue_gargoyle.x11
x 7
y 6
value 1000000
weight 150000
unpaid 1
identified 1
end
arch shop_building_goth
x 7
y 7
end
arch shop_empty
x 7
y 8
end
arch note
name statue
name_pl statues
face d_statue.x11
x 7
y 8
value 1000000
weight 150000
unpaid 1
identified 1
end
arch shop_empty
x 7
y 9
end
arch shop_empty
x 7
y 10
end
arch building_wall4
x 7
y 10
nrof 50
unpaid 1
end
arch shop_empty
x 7
y 11
end
arch building_redmarble
x 7
y 11
nrof 50
unpaid 1
end
arch tile_white_floor
x 7
y 12
end
arch dwall_2_1_2
x 7
y 12
end
arch tile_white_floor
x 7
y 13
end
arch check_inv
slaying wassar_citizen
x 7
y 13
move_block all
end
arch tile_white_floor
x 7
y 14
end
arch tile_white_floor
x 7
y 15
end
arch oakdoor_2
slaying ../city-b2
hp 34
sp 23
x 7
y 15
end
arch tile_white_floor
x 8
end
arch evilpentagram
name bricks
face lostlabfloor.x11
x 8
end
arch wall_glass_block
x 8
end
arch shop_building_goth
x 8
y 1
end
arch shop_empty
x 8
y 2
end
arch desk_cw
x 8
y 2
unpaid 1
end
arch shop_building_marble
x 8
y 3
end
arch shop_empty
x 8
y 4
end
arch note
name statue
name_pl statues
face statue2.x11
x 8
y 4
value 1000000
weight 150000
unpaid 1
identified 1
end
arch shop_building_marble
x 8
y 5
end
arch shop_empty
x 8
y 6
end
arch note
name statue
name_pl statues
face statue_knight.x11
x 8
y 6
value 1000000
weight 150000
unpaid 1
identified 1
end
arch shop_building_goth
x 8
y 7
end
arch shop_empty
x 8
y 8
end
arch chest_2
name jade chest
name_pl jade chests
face chest_jade_1.x11
x 8
y 8
value 50000000
container 300000
unpaid 1
end
arch shop_empty
x 8
y 9
end
arch shop_empty
x 8
y 10
end
arch building_wall3
x 8
y 10
nrof 50
unpaid 1
end
arch shop_empty
x 8
y 11
end
arch building_beigemarble
x 8
y 11
nrof 50
unpaid 1
end
arch tile_white_floor
x 8
y 12
end
arch dwall_2_1_2
x 8
y 12
end
arch tile_white_floor
x 8
y 13
end
arch check_inv
slaying wassar_citizen
x 8
y 13
move_block all
end
arch tile_white_floor
x 8
y 14
end
arch sign
msg
Only citizens may use this shop.
endmsg
x 8
y 14
end
arch tile_white_floor
x 8
y 15
end
arch oakdoor_2
slaying ../city-b2
hp 34
sp 23
x 8
y 15
end
arch tile_white_floor
x 9
end
arch evilpentagram
name bricks
face lostlabfloor.x11
x 9
end
arch wall_glass_block
x 9
end
arch shop_building_goth
x 9
y 1
end
arch shop_empty
x 9
y 2
end
arch shop_building_marble
x 9
y 3
end
arch shop_empty
x 9
y 4
end
arch shop_building_marble
x 9
y 5
end
arch shop_empty
x 9
y 6
end
arch shop_building_goth
x 9
y 7
end
arch shop_empty
x 9
y 8
end
arch shop_empty
x 9
y 9
end
arch shop_empty
x 9
y 10
end
arch building_wall3
x 9
y 10
nrof 50
unpaid 1
end
arch shop_empty
x 9
y 11
end
arch building_lightgreenmarble
x 9
y 11
nrof 50
unpaid 1
end
arch tile_white_floor
x 9
y 12
end
arch dwall_win2
x 9
y 12
end
arch tile_white_floor
x 9
y 13
end
arch check_inv
slaying wassar_citizen
x 9
y 13
move_block all
end
arch tile_white_floor
x 9
y 14
end
arch check_inv
slaying wassar_citizen
x 9
y 14
move_block all
end
arch tile_white_floor
x 9
y 15
end
arch evilpentagram
name bricks
face lostlabfloor.x11
x 9
y 15
end
arch wall_glass_block
x 9
y 15
end
arch tile_white_floor
x 10
end
arch evilpentagram
name bricks
face lostlabfloor.x11
x 10
end
arch wall_glass_block
x 10
end
arch shop_building_goth
x 10
y 1
end
arch shop_empty
x 10
y 2
end
arch schest_2
name metal chest
name_pl metal chests
x 10
y 2
value 500
unpaid 1
end
arch shop_building_marble
x 10
y 3
end
arch shop_empty
x 10
y 4
end
arch schest_2
name metal chest
name_pl metal chests
x 10
y 4
value 500
unpaid 1
end
arch shop_building_marble
x 10
y 5
end
arch shop_empty
x 10
y 6
end
arch schest_2
name metal chest
name_pl metal chests
x 10
y 6
value 500
unpaid 1
end
arch shop_building_goth
x 10
y 7
end
arch shop_empty
x 10
y 8
end
arch schest_2
name metal chest
name_pl metal chests
x 10
y 8
value 500
unpaid 1
end
arch shop_empty
x 10
y 9
end
arch shop_empty
x 10
y 10
end
arch building_wall7
x 10
y 10
nrof 50
unpaid 1
end
arch shop_empty
x 10
y 11
end
arch building_greenmarble
x 10
y 11
nrof 50
unpaid 1
end
arch tile_white_floor
x 10
y 12
end
arch dwall_2_1_2
x 10
y 12
end
arch tile_white_floor
x 10
y 13
end
arch tile_white_floor
x 10
y 14
end
arch tile_white_floor
x 10
y 15
end
arch evilpentagram
name bricks
face lostlabfloor.x11
x 10
y 15
end
arch wall_glass_block
x 10
y 15
end
arch tile_white_floor
x 11
end
arch evilpentagram
name bricks
face lostlabfloor.x11
x 11
end
arch wall_glass_block
x 11
end
arch shop_building_goth
x 11
y 1
end
arch shop_empty
x 11
y 2
end
arch schest_2
name metal chest
name_pl metal chests
x 11
y 2
value 500
unpaid 1
end
arch shop_building_marble
x 11
y 3
end
arch shop_empty
x 11
y 4
end
arch schest_2
name metal chest
name_pl metal chests
x 11
y 4
value 500
unpaid 1
end
arch shop_building_marble
x 11
y 5
end
arch shop_empty
x 11
y 6
end
arch schest_2
name metal chest
name_pl metal chests
x 11
y 6
value 500
unpaid 1
end
arch shop_building_goth
x 11
y 7
end
arch shop_empty
x 11
y 8
end
arch schest_2
name metal chest
name_pl metal chests
x 11
y 8
value 500
unpaid 1
end
arch shop_empty
x 11
y 9
end
arch shop_empty
x 11
y 10
end
arch building_wall7
x 11
y 10
nrof 50
unpaid 1
end
arch shop_empty
x 11
y 11
end
arch building_marble_blgr
x 11
y 11
nrof 50
unpaid 1
end
arch tile_white_floor
x 11
y 12
end
arch dwall_win2
x 11
y 12
end
arch tile_white_floor
x 11
y 13
end
arch tile_white_floor
x 11
y 14
end
arch tile_white_floor
x 11
y 15
end
arch evilpentagram
name bricks
face lostlabfloor.x11
x 11
y 15
end
arch wall_glass_block
x 11
y 15
end
arch tile_white_floor
x 12
end
arch evilpentagram
name bricks
face lostlabfloor.x11
x 12
end
arch wall_glass_block
x 12
end
arch shop_building_goth
x 12
y 1
end
arch shop_empty
x 12
y 2
end
arch shop_building_marble
x 12
y 3
end
arch shop_empty
x 12
y 4
end
arch shop_building
x 12
y 5
end
arch shop_empty
x 12
y 6
end
arch shop_building_goth
x 12
y 7
end
arch shop_empty
x 12
y 8
end
arch shop_empty
x 12
y 9
end
arch shop_empty
x 12
y 10
end
arch building_wall7
x 12
y 10
nrof 50
unpaid 1
end
arch shop_empty
x 12
y 11
end
arch building_magentamarble
x 12
y 11
nrof 50
unpaid 1
end
arch tile_white_floor
x 12
y 12
end
arch dwall_2_1_2
x 12
y 12
end
arch tile_white_floor
x 12
y 13
end
arch tile_white_floor
x 12
y 14
end
arch tile_white_floor
x 12
y 15
end
arch evilpentagram
name bricks
face lostlabfloor.x11
x 12
y 15
end
arch wall_glass_block
x 12
y 15
end
arch tile_white_floor
x 13
end
arch evilpentagram
name bricks
face lostlabfloor.x11
x 13
end
arch wall_glass_block
x 13
end
arch shop_building_goth
x 13
y 1
end
arch shop_empty
x 13
y 2
end
arch table_burl_3
x 13
y 2
unpaid 1
identified 1
end
arch shop_building_marble
x 13
y 3
end
arch shop_empty
x 13
y 4
end
arch table_cw_3
x 13
y 4
unpaid 1
identified 1
end
arch shop_building_marble
x 13
y 5
end
arch shop_empty
x 13
y 6
end
arch clock
x 13
y 6
unpaid 1
identified 1
end
arch shop_building_goth
x 13
y 7
end
arch shop_empty
x 13
y 8
end
arch clock_cw
x 13
y 8
unpaid 1
identified 1
end
arch shop_empty
x 13
y 9
end
arch shop_empty
x 13
y 10
end
arch shop_empty
x 13
y 11
end
arch shop_mat
x 13
y 11
end
arch tile_white_floor
x 13
y 12
end
arch dwall_win2
x 13
y 12
end
arch tile_white_floor
x 13
y 13
end
arch shop_mat
x 13
y 13
end
arch tile_white_floor
x 13
y 14
end
arch menu
x 13
y 14
end
arch tile_white_floor
x 13
y 15
end
arch evilpentagram
name bricks
face lostlabfloor.x11
x 13
y 15
end
arch wall_glass_block
x 13
y 15
end
arch tile_white_floor
x 14
end
arch evilpentagram
name bricks
face lostlabfloor.x11
x 14
end
arch wall_glass_block
x 14
end
arch shop_building_goth
x 14
y 1
end
arch shop_empty
x 14
y 2
end
arch table_burl_3
x 14
y 2
unpaid 1
identified 1
end
arch shop_building_marble
x 14
y 3
end
arch shop_empty
x 14
y 4
end
arch table_cw_3
x 14
y 4
unpaid 1
identified 1
end
arch shop_building_marble
x 14
y 5
end
arch shop_empty
x 14
y 6
end
arch building_altar_none
x 14
y 6
unpaid 1
identified 1
end
arch shop_building_goth
x 14
y 7
end
arch shop_empty
x 14
y 8
end
arch clock_grand
x 14
y 8
unpaid 1
identified 1
end
arch shop_empty
x 14
y 9
end
arch shop_empty
x 14
y 10
end
arch shop_empty
x 14
y 11
end
arch menu
x 14
y 11
end
arch tile_white_floor
x 14
y 12
end
arch dwall_2_1_2
x 14
y 12
end
arch tile_white_floor
x 14
y 13
end
arch book_build_instructions
x 14
y 13
end
arch tile_white_floor
x 14
y 14
end
arch book_build_instructions
x 14
y 14
end
arch tile_white_floor
x 14
y 15
end
arch evilpentagram
name bricks
face lostlabfloor.x11
x 14
y 15
end
arch wall_glass_block
x 14
y 15
end
arch tile_white_floor
x 15
end
arch evilpentagram
name bricks
face lostlabfloor.x11
x 15
end
arch wall_glass_block
x 15
end
arch tile_white_floor
x 15
y 1
end
arch evilpentagram
name bricks
face lostlabfloor.x11
x 15
y 1
end
arch wall_glass_block
x 15
y 1
end
arch tile_white_floor
x 15
y 2
end
arch evilpentagram
name bricks
face lostlabfloor.x11
x 15
y 2
end
arch wall_glass_block
x 15
y 2
end
arch tile_white_floor
x 15
y 3
end
arch evilpentagram
name bricks
face lostlabfloor.x11
x 15
y 3
end
arch wall_glass_block
x 15
y 3
end
arch tile_white_floor
x 15
y 4
end
arch evilpentagram
name bricks
face lostlabfloor.x11
x 15
y 4
end
arch wall_glass_block
x 15
y 4
end
arch tile_white_floor
x 15
y 5
end
arch evilpentagram
name bricks
face lostlabfloor.x11
x 15
y 5
end
arch wall_glass_block
x 15
y 5
end
arch tile_white_floor
x 15
y 6
end
arch evilpentagram
name bricks
face lostlabfloor.x11
x 15
y 6
end
arch wall_glass_block
x 15
y 6
end
arch tile_white_floor
x 15
y 7
end
arch evilpentagram
name bricks
face lostlabfloor.x11
x 15
y 7
end
arch wall_glass_block
x 15
y 7
end
arch tile_white_floor
x 15
y 8
end
arch evilpentagram
name bricks
face lostlabfloor.x11
x 15
y 8
end
arch wall_glass_block
x 15
y 8
end
arch tile_white_floor
x 15
y 9
end
arch evilpentagram
name bricks
face lostlabfloor.x11
x 15
y 9
end
arch wall_glass_block
x 15
y 9
end
arch tile_white_floor
x 15
y 10
end
arch evilpentagram
name bricks
face lostlabfloor.x11
x 15
y 10
end
arch wall_glass_block
x 15
y 10
end
arch tile_white_floor
x 15
y 11
end
arch evilpentagram
name bricks
face lostlabfloor.x11
x 15
y 11
end
arch wall_glass_block
x 15
y 11
end
arch tile_white_floor
x 15
y 12
end
arch evilpentagram
name bricks
face lostlabfloor.x11
x 15
y 12
end
arch wall_glass_block
x 15
y 12
end
arch tile_white_floor
x 15
y 13
end
arch evilpentagram
name bricks
face lostlabfloor.x11
x 15
y 13
end
arch wall_glass_block
x 15
y 13
end
arch tile_white_floor
x 15
y 14
end
arch evilpentagram
name bricks
face lostlabfloor.x11
x 15
y 14
end
arch wall_glass_block
x 15
y 14
end
arch tile_white_floor
x 15
y 15
end
arch evilpentagram
name bricks
face lostlabfloor.x11
x 15
y 15
end
arch wall_glass_block
x 15
y 15
end
